******************************************************************************
                  TI ARM Linker PC v16.9.2                     
******************************************************************************
>> Linked Fri Jun 23 10:04:50 2017

OUTPUT FILE NAME:   <PsExe.out>
ENTRY POINT SYMBOL: "_c_int00"  address: 80494c7c


MEMORY CONFIGURATION

         name            origin    length      used     unused   attr    fill
----------------------  --------  ---------  --------  --------  ----  --------
  VRAM                  80494000   00100000  00001008  000feff8  RWIX


SEGMENT ALLOCATION MAP

run origin  load origin   length   init length attrs members
----------  ----------- ---------- ----------- ----- -------
80494000    80494000    00000800   00000000    rw-
  80494000    80494000    00000800   00000000    rw- .stack
80494800    80494800    000005c4   000005c4    r-x
  80494800    80494800    000005c4   000005c4    r-x .text
80494dc4    80494dc4    0000020c   00000000    rw-
  80494dc4    80494dc4    000001f4   00000000    rw- .bss
  80494fb8    80494fb8    00000018   00000000    rw- .data
80494fd0    80494fd0    00000038   00000038    r--
  80494fd0    80494fd0    00000038   00000038    r-- .cinit


SECTION ALLOCATION MAP

 output                                  attributes/
section   page    origin      length       input sections
--------  ----  ----------  ----------   ----------------
.stack     0    80494000    00000800     UNINITIALIZED
                  80494000    00000800     --HOLE--

.text      0    80494800    000005c4     
                  80494800    00000180     rtsv7A8_A_le_eabi.lib : memcpy32.obj (.text)
                  80494980    000000b0                           : memset32.obj (.text)
                  80494a30    000000a8                           : autoinit.obj (.text)
                  80494ad8    00000090                           : copy_decompress_lzss.obj (.text:decompress:lzss)
                  80494b68    00000090                           : exit.obj (.text)
                  80494bf8    00000084                           : cpy_tbl.obj (.text)
                  80494c7c    00000058                           : boot.obj (.text)
                  80494cd4    0000002c     ps.obj (.text)
                  80494d00    00000024     rtsv7A8_A_le_eabi.lib : _lock.obj (.text)
                  80494d24    00000020     mos_std_lib.obj (.text)
                  80494d44    00000020     rtsv7A8_A_le_eabi.lib : args_main.obj (.text)
                  80494d64    0000001c                           : strlen.obj (.text)
                  80494d80    00000014                           : copy_decompress_none.obj (.text:decompress:none)
                  80494d94    00000010                           : copy_zero_init.obj (.text:decompress:ZI)
                  80494da4    00000010     main.obj (.text)
                  80494db4    00000008     rtsv7A8_A_le_eabi.lib : pre_init.obj (.text)
                  80494dbc    00000004                           : mpu_init.obj (.text)
                  80494dc0    00000004                           : startup.obj (.text)

.bss       0    80494dc4    000001f4     UNINITIALIZED
                  80494dc4    000001f4     ps.obj (.bss:procs)

.data      0    80494fb8    00000018     UNINITIALIZED
                  80494fb8    0000000c     rtsv7A8_A_le_eabi.lib : exit.obj (.data:$O1$$)
                  80494fc4    00000008                           : _lock.obj (.data:$O1$$)
                  80494fcc    00000004                           : stkdepth_vars.obj (.data)

.cinit     0    80494fd0    00000038     
                  80494fd0    00000013     (.cinit..data.load) [load image, compression = lzss]
                  80494fe3    00000001     --HOLE-- [fill = 0]
                  80494fe4    0000000c     (__TI_handler_table)
                  80494ff0    00000008     (.cinit..bss.load) [load image, compression = zero_init]
                  80494ff8    00000010     (__TI_cinit_table)

MODULE SUMMARY

       Module                     code   ro data   rw data
       ------                     ----   -------   -------
    .\
       main.obj                   16     0         0      
    +--+--------------------------+------+---------+---------+
       Total:                     16     0         0      
                                                          
    .\lib\
       mos_std_lib.obj            32     0         0      
    +--+--------------------------+------+---------+---------+
       Total:                     32     0         0      
                                                          
    .\ps\
       ps.obj                     44     0         500    
    +--+--------------------------+------+---------+---------+
       Total:                     44     0         500    
                                                          
    C:\ti\ccs710\ccsv7\tools\compiler\ti-cgt-arm_16.9.2.LTS\lib\rtsv7A8_A_le_eabi.lib
       memcpy32.obj               384    0         0      
       memset32.obj               176    0         0      
       autoinit.obj               168    0         0      
       exit.obj                   144    0         12     
       copy_decompress_lzss.obj   144    0         0      
       cpy_tbl.obj                132    0         0      
       boot.obj                   88     0         0      
       _lock.obj                  36     0         8      
       args_main.obj              32     0         0      
       strlen.obj                 28     0         0      
       copy_decompress_none.obj   20     0         0      
       copy_zero_init.obj         16     0         0      
       pre_init.obj               8      0         0      
       mpu_init.obj               4      0         0      
       startup.obj                4      0         0      
       stkdepth_vars.obj          0      0         4      
    +--+--------------------------+------+---------+---------+
       Total:                     1384   0         24     
                                                          
       Stack:                     0      0         2048   
       Linker Generated:          0      55        0      
    +--+--------------------------+------+---------+---------+
       Grand Total:               1476   55        2572   


LINKER GENERATED COPY TABLES

__TI_cinit_table @ 80494ff8 records: 2, size/record: 8, table size: 16
	.data: load addr=80494fd0, load size=00000013 bytes, run addr=80494fb8, run size=00000018 bytes, compression=lzss
	.bss: load addr=80494ff0, load size=00000008 bytes, run addr=80494dc4, run size=000001f4 bytes, compression=zero_init


LINKER GENERATED HANDLER TABLE

__TI_handler_table @ 80494fe4 records: 3, size/record: 4, table size: 12
	index: 0, handler: __TI_decompress_lzss
	index: 1, handler: __TI_decompress_none
	index: 2, handler: __TI_zero_init


GLOBAL SYMBOLS: SORTED ALPHABETICALLY BY Name 

address   name                           
-------   ----                           
80494b68  C$$EXIT                        
UNDEFED   SHT$$INIT_ARRAY$$Base          
UNDEFED   SHT$$INIT_ARRAY$$Limit         
80494800  __STACK_END                    
00000800  __STACK_SIZE                   
80494ff8  __TI_CINIT_Base                
80495008  __TI_CINIT_Limit               
80494fe4  __TI_Handler_Table_Base        
80494ff0  __TI_Handler_Table_Limit       
80494a30  __TI_auto_init                 
80494fb8  __TI_cleanup_ptr               
80494ad8  __TI_decompress_lzss           
80494d80  __TI_decompress_none           
80494fbc  __TI_dtors_ptr                 
80494fc0  __TI_enable_exit_profile_output
ffffffff  __TI_pprof_out_hndl            
ffffffff  __TI_prof_data_size            
ffffffff  __TI_prof_data_start           
80494fd0  __TI_static_base__             
80494d94  __TI_zero_init                 
80494980  __aeabi_memclr                 
80494980  __aeabi_memclr4                
80494980  __aeabi_memclr8                
80494800  __aeabi_memcpy                 
80494800  __aeabi_memcpy4                
80494800  __aeabi_memcpy8                
80494984  __aeabi_memset                 
80494984  __aeabi_memset4                
80494984  __aeabi_memset8                
ffffffff  __binit__                      
ffffffff  __c_args__                     
80494dbc  __mpu_init                     
80494000  __stack                        
80494d44  _args_main                     
80494c7c  _c_int00                       
80494fc4  _lock                          
80494d18  _nop                           
80494d0c  _register_lock                 
80494d00  _register_unlock               
80494dc0  _system_post_cinit             
80494db4  _system_pre_init               
80494fc8  _unlock                        
80494b70  abort                          
ffffffff  binit                          
80494bf8  copy_in                        
80494b7c  exit                           
80494da4  main                           
80494fcc  main_func_sp                   
80494800  memcpy                         
80494990  memset                         
80494d24  print                          
80494cd4  ps                             
80494d64  strlen                         


GLOBAL SYMBOLS: SORTED BY Symbol Address 

address   name                           
-------   ----                           
00000800  __STACK_SIZE                   
80494000  __stack                        
80494800  __STACK_END                    
80494800  __aeabi_memcpy                 
80494800  __aeabi_memcpy4                
80494800  __aeabi_memcpy8                
80494800  memcpy                         
80494980  __aeabi_memclr                 
80494980  __aeabi_memclr4                
80494980  __aeabi_memclr8                
80494984  __aeabi_memset                 
80494984  __aeabi_memset4                
80494984  __aeabi_memset8                
80494990  memset                         
80494a30  __TI_auto_init                 
80494ad8  __TI_decompress_lzss           
80494b68  C$$EXIT                        
80494b70  abort                          
80494b7c  exit                           
80494bf8  copy_in                        
80494c7c  _c_int00                       
80494cd4  ps                             
80494d00  _register_unlock               
80494d0c  _register_lock                 
80494d18  _nop                           
80494d24  print                          
80494d44  _args_main                     
80494d64  strlen                         
80494d80  __TI_decompress_none           
80494d94  __TI_zero_init                 
80494da4  main                           
80494db4  _system_pre_init               
80494dbc  __mpu_init                     
80494dc0  _system_post_cinit             
80494fb8  __TI_cleanup_ptr               
80494fbc  __TI_dtors_ptr                 
80494fc0  __TI_enable_exit_profile_output
80494fc4  _lock                          
80494fc8  _unlock                        
80494fcc  main_func_sp                   
80494fd0  __TI_static_base__             
80494fe4  __TI_Handler_Table_Base        
80494ff0  __TI_Handler_Table_Limit       
80494ff8  __TI_CINIT_Base                
80495008  __TI_CINIT_Limit               
ffffffff  __TI_pprof_out_hndl            
ffffffff  __TI_prof_data_size            
ffffffff  __TI_prof_data_start           
ffffffff  __binit__                      
ffffffff  __c_args__                     
ffffffff  binit                          
UNDEFED   SHT$$INIT_ARRAY$$Base          
UNDEFED   SHT$$INIT_ARRAY$$Limit         

[53 symbols]
