******************************************************************************
                  TI ARM Linker PC v16.9.2                     
******************************************************************************
>> Linked Fri Jun 23 12:36:44 2017

OUTPUT FILE NAME:   <PsExe.out>
ENTRY POINT SYMBOL: "_c_int00"  address: 80494b3c


MEMORY CONFIGURATION

         name            origin    length      used     unused   attr    fill
----------------------  --------  ---------  --------  --------  ----  --------
  VRAM                  80494000   00100000  00000e68  000ff198  RWIX


SEGMENT ALLOCATION MAP

run origin  load origin   length   init length attrs members
----------  ----------- ---------- ----------- ----- -------
80494000    80494000    00000800   00000000    rw-
  80494000    80494000    00000800   00000000    rw- .stack
80494800    80494800    0000045c   0000045c    r-x
  80494800    80494800    0000045c   0000045c    r-x .text
80494c5c    80494c5c    000001f4   00000000    rw-
  80494c5c    80494c5c    000001f4   00000000    rw- .bss
80494e50    80494e50    00000018   00000018    rw-
  80494e50    80494e50    00000018   00000018    rw- .data


SECTION ALLOCATION MAP

 output                                  attributes/
section   page    origin      length       input sections
--------  ----  ----------  ----------   ----------------
.stack     0    80494000    00000800     UNINITIALIZED
                  80494000    00000800     --HOLE--

.text      0    80494800    0000045c     
                  80494800    00000180     rtsv7A8_A_le_eabi.lib : memcpy32.obj (.text)
                  80494980    000000a8                           : autoinit.obj (.text)
                  80494a28    00000090                           : exit.obj (.text)
                  80494ab8    00000084                           : cpy_tbl.obj (.text)
                  80494b3c    00000058                           : boot.obj (.text)
                  80494b94    00000024     ps.obj (.text)
                  80494bb8    00000024     rtsv7A8_A_le_eabi.lib : _lock.obj (.text)
                  80494bdc    00000020     mos_std_lib.obj (.text)
                  80494bfc    00000020     rtsv7A8_A_le_eabi.lib : args_main.obj (.text)
                  80494c1c    0000001c                           : strlen.obj (.text)
                  80494c38    00000014     main.obj (.text)
                  80494c4c    00000008     rtsv7A8_A_le_eabi.lib : pre_init.obj (.text)
                  80494c54    00000004                           : mpu_init.obj (.text)
                  80494c58    00000004                           : startup.obj (.text)

.bss       0    80494c5c    000001f4     UNINITIALIZED
                  80494c5c    000001f4     ps.obj (.bss:procs)

.data      0    80494e50    00000018     
                  80494e50    0000000c     rtsv7A8_A_le_eabi.lib : exit.obj (.data:$O1$$)
                  80494e5c    00000008                           : _lock.obj (.data:$O1$$)
                  80494e64    00000004                           : stkdepth_vars.obj (.data)

MODULE SUMMARY

       Module              code   ro data   rw data
       ------              ----   -------   -------
    .\
       main.obj            20     0         0      
    +--+-------------------+------+---------+---------+
       Total:              20     0         0      
                                                   
    .\lib\
       mos_std_lib.obj     32     0         0      
    +--+-------------------+------+---------+---------+
       Total:              32     0         0      
                                                   
    .\ps\
       ps.obj              36     0         500    
    +--+-------------------+------+---------+---------+
       Total:              36     0         500    
                                                   
    C:\ti\ccsv7\tools\compiler\ti-cgt-arm_16.9.2.LTS\lib\rtsv7A8_A_le_eabi.lib
       memcpy32.obj        384    0         0      
       autoinit.obj        168    0         0      
       exit.obj            144    0         12     
       cpy_tbl.obj         132    0         0      
       boot.obj            88     0         0      
       _lock.obj           36     0         8      
       args_main.obj       32     0         0      
       strlen.obj          28     0         0      
       pre_init.obj        8      0         0      
       mpu_init.obj        4      0         0      
       startup.obj         4      0         0      
       stkdepth_vars.obj   0      0         4      
    +--+-------------------+------+---------+---------+
       Total:              1028   0         24     
                                                   
       Stack:              0      0         2048   
    +--+-------------------+------+---------+---------+
       Grand Total:        1116   0         2572   


GLOBAL SYMBOLS: SORTED ALPHABETICALLY BY Name 

address   name                           
-------   ----                           
80494a28  C$$EXIT                        
UNDEFED   SHT$$INIT_ARRAY$$Base          
UNDEFED   SHT$$INIT_ARRAY$$Limit         
80494800  __STACK_END                    
00000800  __STACK_SIZE                   
UNDEFED   __TI_CINIT_Base                
UNDEFED   __TI_CINIT_Limit               
UNDEFED   __TI_Handler_Table_Base        
UNDEFED   __TI_Handler_Table_Limit       
80494980  __TI_auto_init                 
80494e50  __TI_cleanup_ptr               
80494e54  __TI_dtors_ptr                 
80494e58  __TI_enable_exit_profile_output
ffffffff  __TI_pprof_out_hndl            
ffffffff  __TI_prof_data_size            
ffffffff  __TI_prof_data_start           
80494000  __TI_static_base__             
80494800  __aeabi_memcpy                 
80494800  __aeabi_memcpy4                
80494800  __aeabi_memcpy8                
ffffffff  __binit__                      
ffffffff  __c_args__                     
80494c54  __mpu_init                     
80494000  __stack                        
80494bfc  _args_main                     
80494b3c  _c_int00                       
80494e5c  _lock                          
80494bd0  _nop                           
80494bc4  _register_lock                 
80494bb8  _register_unlock               
80494c58  _system_post_cinit             
80494c4c  _system_pre_init               
80494e60  _unlock                        
80494a30  abort                          
ffffffff  binit                          
80494ab8  copy_in                        
80494a3c  exit                           
80494c38  main                           
80494e64  main_func_sp                   
80494800  memcpy                         
80494bdc  print                          
80494b94  ps                             
80494c1c  strlen                         


GLOBAL SYMBOLS: SORTED BY Symbol Address 

address   name                           
-------   ----                           
00000800  __STACK_SIZE                   
80494000  __TI_static_base__             
80494000  __stack                        
80494800  __STACK_END                    
80494800  __aeabi_memcpy                 
80494800  __aeabi_memcpy4                
80494800  __aeabi_memcpy8                
80494800  memcpy                         
80494980  __TI_auto_init                 
80494a28  C$$EXIT                        
80494a30  abort                          
80494a3c  exit                           
80494ab8  copy_in                        
80494b3c  _c_int00                       
80494b94  ps                             
80494bb8  _register_unlock               
80494bc4  _register_lock                 
80494bd0  _nop                           
80494bdc  print                          
80494bfc  _args_main                     
80494c1c  strlen                         
80494c38  main                           
80494c4c  _system_pre_init               
80494c54  __mpu_init                     
80494c58  _system_post_cinit             
80494e50  __TI_cleanup_ptr               
80494e54  __TI_dtors_ptr                 
80494e58  __TI_enable_exit_profile_output
80494e5c  _lock                          
80494e60  _unlock                        
80494e64  main_func_sp                   
ffffffff  __TI_pprof_out_hndl            
ffffffff  __TI_prof_data_size            
ffffffff  __TI_prof_data_start           
ffffffff  __binit__                      
ffffffff  __c_args__                     
ffffffff  binit                          
UNDEFED   SHT$$INIT_ARRAY$$Base          
UNDEFED   SHT$$INIT_ARRAY$$Limit         
UNDEFED   __TI_CINIT_Base                
UNDEFED   __TI_CINIT_Limit               
UNDEFED   __TI_Handler_Table_Base        
UNDEFED   __TI_Handler_Table_Limit       

[43 symbols]
