<?xml version="1.0"?>
<link_info>
   <banner>TI ARM Linker PC v16.9.2.LTS</banner>
   <copyright>Copyright (c) 1996-2017 Texas Instruments Incorporated</copyright>
   <link_time>0x594ccba2</link_time>
   <link_errors>0x0</link_errors>
   <output_file>PsExe.out</output_file>
   <entry_point>
      <name>_c_int00</name>
      <address>0x80494c7c</address>
   </entry_point>
   <input_file_list>
      <input_file id="fl-2">
         <path>.\</path>
         <kind>object</kind>
         <file>main.obj</file>
         <name>main.obj</name>
      </input_file>
      <input_file id="fl-3">
         <path>.\lib\</path>
         <kind>object</kind>
         <file>mos_std_lib.obj</file>
         <name>mos_std_lib.obj</name>
      </input_file>
      <input_file id="fl-4">
         <path>.\ps\</path>
         <kind>object</kind>
         <file>ps.obj</file>
         <name>ps.obj</name>
      </input_file>
      <input_file id="fl-8">
         <kind>object</kind>
         <file>&lt;internal&gt;</file>
         <name>&lt;internal&gt;</name>
      </input_file>
      <input_file id="fl-be">
         <path>C:\ti\ccs710\ccsv7\tools\compiler\ti-cgt-arm_16.9.2.LTS\lib\</path>
         <kind>archive</kind>
         <file>rtsv7A8_A_le_eabi.lib</file>
         <name>boot.obj</name>
      </input_file>
      <input_file id="fl-bf">
         <path>C:\ti\ccs710\ccsv7\tools\compiler\ti-cgt-arm_16.9.2.LTS\lib\</path>
         <kind>archive</kind>
         <file>rtsv7A8_A_le_eabi.lib</file>
         <name>copy_decompress_lzss.obj</name>
      </input_file>
      <input_file id="fl-c0">
         <path>C:\ti\ccs710\ccsv7\tools\compiler\ti-cgt-arm_16.9.2.LTS\lib\</path>
         <kind>archive</kind>
         <file>rtsv7A8_A_le_eabi.lib</file>
         <name>copy_decompress_none.obj</name>
      </input_file>
      <input_file id="fl-c1">
         <path>C:\ti\ccs710\ccsv7\tools\compiler\ti-cgt-arm_16.9.2.LTS\lib\</path>
         <kind>archive</kind>
         <file>rtsv7A8_A_le_eabi.lib</file>
         <name>copy_zero_init.obj</name>
      </input_file>
      <input_file id="fl-c2">
         <path>C:\ti\ccs710\ccsv7\tools\compiler\ti-cgt-arm_16.9.2.LTS\lib\</path>
         <kind>archive</kind>
         <file>rtsv7A8_A_le_eabi.lib</file>
         <name>exit.obj</name>
      </input_file>
      <input_file id="fl-c3">
         <path>C:\ti\ccs710\ccsv7\tools\compiler\ti-cgt-arm_16.9.2.LTS\lib\</path>
         <kind>archive</kind>
         <file>rtsv7A8_A_le_eabi.lib</file>
         <name>memcpy32.obj</name>
      </input_file>
      <input_file id="fl-c4">
         <path>C:\ti\ccs710\ccsv7\tools\compiler\ti-cgt-arm_16.9.2.LTS\lib\</path>
         <kind>archive</kind>
         <file>rtsv7A8_A_le_eabi.lib</file>
         <name>memset32.obj</name>
      </input_file>
      <input_file id="fl-c5">
         <path>C:\ti\ccs710\ccsv7\tools\compiler\ti-cgt-arm_16.9.2.LTS\lib\</path>
         <kind>archive</kind>
         <file>rtsv7A8_A_le_eabi.lib</file>
         <name>mpu_init.obj</name>
      </input_file>
      <input_file id="fl-c6">
         <path>C:\ti\ccs710\ccsv7\tools\compiler\ti-cgt-arm_16.9.2.LTS\lib\</path>
         <kind>archive</kind>
         <file>rtsv7A8_A_le_eabi.lib</file>
         <name>pre_init.obj</name>
      </input_file>
      <input_file id="fl-c7">
         <path>C:\ti\ccs710\ccsv7\tools\compiler\ti-cgt-arm_16.9.2.LTS\lib\</path>
         <kind>archive</kind>
         <file>rtsv7A8_A_le_eabi.lib</file>
         <name>stkdepth_vars.obj</name>
      </input_file>
      <input_file id="fl-c8">
         <path>C:\ti\ccs710\ccsv7\tools\compiler\ti-cgt-arm_16.9.2.LTS\lib\</path>
         <kind>archive</kind>
         <file>rtsv7A8_A_le_eabi.lib</file>
         <name>strlen.obj</name>
      </input_file>
      <input_file id="fl-c9">
         <path>C:\ti\ccs710\ccsv7\tools\compiler\ti-cgt-arm_16.9.2.LTS\lib\</path>
         <kind>archive</kind>
         <file>rtsv7A8_A_le_eabi.lib</file>
         <name>_lock.obj</name>
      </input_file>
      <input_file id="fl-ca">
         <path>C:\ti\ccs710\ccsv7\tools\compiler\ti-cgt-arm_16.9.2.LTS\lib\</path>
         <kind>archive</kind>
         <file>rtsv7A8_A_le_eabi.lib</file>
         <name>args_main.obj</name>
      </input_file>
      <input_file id="fl-cb">
         <path>C:\ti\ccs710\ccsv7\tools\compiler\ti-cgt-arm_16.9.2.LTS\lib\</path>
         <kind>archive</kind>
         <file>rtsv7A8_A_le_eabi.lib</file>
         <name>autoinit.obj</name>
      </input_file>
      <input_file id="fl-cc">
         <path>C:\ti\ccs710\ccsv7\tools\compiler\ti-cgt-arm_16.9.2.LTS\lib\</path>
         <kind>archive</kind>
         <file>rtsv7A8_A_le_eabi.lib</file>
         <name>cpy_tbl.obj</name>
      </input_file>
      <input_file id="fl-cd">
         <path>C:\ti\ccs710\ccsv7\tools\compiler\ti-cgt-arm_16.9.2.LTS\lib\</path>
         <kind>archive</kind>
         <file>rtsv7A8_A_le_eabi.lib</file>
         <name>startup.obj</name>
      </input_file>
   </input_file_list>
   <object_component_list>
      <object_component id="oc-2a">
         <name>.text</name>
         <load_address>0x80494800</load_address>
         <run_address>0x80494800</run_address>
         <size>0x180</size>
         <input_file_ref idref="fl-c3"/>
      </object_component>
      <object_component id="oc-36">
         <name>.text</name>
         <load_address>0x80494980</load_address>
         <run_address>0x80494980</run_address>
         <size>0xb0</size>
         <input_file_ref idref="fl-c4"/>
      </object_component>
      <object_component id="oc-4e">
         <name>.text</name>
         <load_address>0x80494a30</load_address>
         <run_address>0x80494a30</run_address>
         <size>0xa8</size>
         <input_file_ref idref="fl-cb"/>
      </object_component>
      <object_component id="oc-7">
         <name>.text:decompress:lzss</name>
         <load_address>0x80494ad8</load_address>
         <run_address>0x80494ad8</run_address>
         <size>0x90</size>
         <input_file_ref idref="fl-bf"/>
      </object_component>
      <object_component id="oc-5a">
         <name>.text</name>
         <load_address>0x80494b68</load_address>
         <run_address>0x80494b68</run_address>
         <size>0x90</size>
         <input_file_ref idref="fl-c2"/>
      </object_component>
      <object_component id="oc-7c">
         <name>.text</name>
         <load_address>0x80494bf8</load_address>
         <run_address>0x80494bf8</run_address>
         <size>0x84</size>
         <input_file_ref idref="fl-cc"/>
      </object_component>
      <object_component id="oc-19">
         <name>.text</name>
         <load_address>0x80494c7c</load_address>
         <run_address>0x80494c7c</run_address>
         <size>0x58</size>
         <input_file_ref idref="fl-be"/>
      </object_component>
      <object_component id="oc-ae">
         <name>.text</name>
         <load_address>0x80494cd4</load_address>
         <run_address>0x80494cd4</run_address>
         <size>0x2c</size>
         <input_file_ref idref="fl-4"/>
      </object_component>
      <object_component id="oc-be">
         <name>.text</name>
         <load_address>0x80494d00</load_address>
         <run_address>0x80494d00</run_address>
         <size>0x24</size>
         <input_file_ref idref="fl-c9"/>
      </object_component>
      <object_component id="oc-d6">
         <name>.text</name>
         <load_address>0x80494d24</load_address>
         <run_address>0x80494d24</run_address>
         <size>0x20</size>
         <input_file_ref idref="fl-3"/>
      </object_component>
      <object_component id="oc-54">
         <name>.text</name>
         <load_address>0x80494d44</load_address>
         <run_address>0x80494d44</run_address>
         <size>0x20</size>
         <input_file_ref idref="fl-ca"/>
      </object_component>
      <object_component id="oc-e3">
         <name>.text</name>
         <load_address>0x80494d64</load_address>
         <run_address>0x80494d64</run_address>
         <size>0x1c</size>
         <input_file_ref idref="fl-c8"/>
      </object_component>
      <object_component id="oc-d">
         <name>.text:decompress:none</name>
         <load_address>0x80494d80</load_address>
         <run_address>0x80494d80</run_address>
         <size>0x14</size>
         <input_file_ref idref="fl-c0"/>
      </object_component>
      <object_component id="oc-13">
         <name>.text:decompress:ZI</name>
         <load_address>0x80494d94</load_address>
         <run_address>0x80494d94</run_address>
         <size>0x10</size>
         <input_file_ref idref="fl-c1"/>
      </object_component>
      <object_component id="oc-8a">
         <name>.text</name>
         <load_address>0x80494da4</load_address>
         <run_address>0x80494da4</run_address>
         <size>0x10</size>
         <input_file_ref idref="fl-2"/>
      </object_component>
      <object_component id="oc-48">
         <name>.text</name>
         <load_address>0x80494db4</load_address>
         <run_address>0x80494db4</run_address>
         <size>0x8</size>
         <input_file_ref idref="fl-c6"/>
      </object_component>
      <object_component id="oc-42">
         <name>.text</name>
         <load_address>0x80494dbc</load_address>
         <run_address>0x80494dbc</run_address>
         <size>0x4</size>
         <input_file_ref idref="fl-c5"/>
      </object_component>
      <object_component id="oc-82">
         <name>.text</name>
         <load_address>0x80494dc0</load_address>
         <run_address>0x80494dc0</run_address>
         <size>0x4</size>
         <input_file_ref idref="fl-cd"/>
      </object_component>
      <object_component id="oc-92">
         <name>.data:$O1$$</name>
         <load_address>0x80494fb8</load_address>
         <run_address>0x80494fb8</run_address>
         <size>0xc</size>
         <input_file_ref idref="fl-c2"/>
      </object_component>
      <object_component id="oc-60">
         <name>.data</name>
         <load_address>0x80494fcc</load_address>
         <run_address>0x80494fcc</run_address>
         <size>0x4</size>
         <input_file_ref idref="fl-c7"/>
      </object_component>
      <object_component id="oc-95">
         <name>.data:$O1$$</name>
         <load_address>0x80494fc4</load_address>
         <run_address>0x80494fc4</run_address>
         <size>0x8</size>
         <input_file_ref idref="fl-c9"/>
      </object_component>
      <object_component id="oc-dc">
         <name>.bss:procs</name>
         <uninitialized>true</uninitialized>
         <run_address>0x80494dc4</run_address>
         <size>0x1f4</size>
         <input_file_ref idref="fl-4"/>
      </object_component>
      <object_component id="oc-1e">
         <name>.stack</name>
         <uninitialized>true</uninitialized>
         <run_address>0x80494000</run_address>
         <size>0x0</size>
         <input_file_ref idref="fl-be"/>
      </object_component>
      <object_component id="oc-113">
         <name>.stack</name>
         <uninitialized>true</uninitialized>
         <run_address>0x80494000</run_address>
         <size>0x0</size>
      </object_component>
      <object_component id="oc-8b">
         <name>.debug_info</name>
         <load_address>0x0</load_address>
         <run_address>0x0</run_address>
         <size>0xf5</size>
         <input_file_ref idref="fl-2"/>
      </object_component>
      <object_component id="oc-25">
         <name>.debug_info</name>
         <load_address>0xf5</load_address>
         <run_address>0xf5</run_address>
         <size>0x84</size>
         <input_file_ref idref="fl-2"/>
      </object_component>
      <object_component id="oc-ea">
         <name>.debug_info</name>
         <load_address>0x179</load_address>
         <run_address>0x179</run_address>
         <size>0x150</size>
         <input_file_ref idref="fl-3"/>
      </object_component>
      <object_component id="oc-d7">
         <name>.debug_info</name>
         <load_address>0x2c9</load_address>
         <run_address>0x2c9</run_address>
         <size>0x142</size>
         <input_file_ref idref="fl-3"/>
      </object_component>
      <object_component id="oc-73">
         <name>.debug_info</name>
         <load_address>0x40b</load_address>
         <run_address>0x40b</run_address>
         <size>0x2c</size>
         <input_file_ref idref="fl-3"/>
      </object_component>
      <object_component id="oc-ed">
         <name>.debug_info</name>
         <load_address>0x437</load_address>
         <run_address>0x437</run_address>
         <size>0x12d</size>
         <input_file_ref idref="fl-4"/>
      </object_component>
      <object_component id="oc-dd">
         <name>.debug_info</name>
         <load_address>0x564</load_address>
         <run_address>0x564</run_address>
         <size>0xc0</size>
         <input_file_ref idref="fl-4"/>
      </object_component>
      <object_component id="oc-b1">
         <name>.debug_info</name>
         <load_address>0x624</load_address>
         <run_address>0x624</run_address>
         <size>0x111</size>
         <input_file_ref idref="fl-4"/>
      </object_component>
      <object_component id="oc-1b">
         <name>.debug_info</name>
         <load_address>0x735</load_address>
         <run_address>0x735</run_address>
         <size>0x137</size>
         <input_file_ref idref="fl-be"/>
      </object_component>
      <object_component id="oc-69">
         <name>.debug_info</name>
         <load_address>0x86c</load_address>
         <run_address>0x86c</run_address>
         <size>0xd0</size>
         <input_file_ref idref="fl-bf"/>
      </object_component>
      <object_component id="oc-9">
         <name>.debug_info</name>
         <load_address>0x93c</load_address>
         <run_address>0x93c</run_address>
         <size>0x21c</size>
         <input_file_ref idref="fl-bf"/>
      </object_component>
      <object_component id="oc-20">
         <name>.debug_info</name>
         <load_address>0xb58</load_address>
         <run_address>0xb58</run_address>
         <size>0x60</size>
         <input_file_ref idref="fl-bf"/>
      </object_component>
      <object_component id="oc-64">
         <name>.debug_info</name>
         <load_address>0xbb8</load_address>
         <run_address>0xbb8</run_address>
         <size>0x46</size>
         <input_file_ref idref="fl-bf"/>
      </object_component>
      <object_component id="oc-35">
         <name>.debug_info</name>
         <load_address>0xbfe</load_address>
         <run_address>0xbfe</run_address>
         <size>0x117</size>
         <input_file_ref idref="fl-c0"/>
      </object_component>
      <object_component id="oc-e">
         <name>.debug_info</name>
         <load_address>0xd15</load_address>
         <run_address>0xd15</run_address>
         <size>0x1b6</size>
         <input_file_ref idref="fl-c0"/>
      </object_component>
      <object_component id="oc-30">
         <name>.debug_info</name>
         <load_address>0xecb</load_address>
         <run_address>0xecb</run_address>
         <size>0x46</size>
         <input_file_ref idref="fl-c0"/>
      </object_component>
      <object_component id="oc-6b">
         <name>.debug_info</name>
         <load_address>0xf11</load_address>
         <run_address>0xf11</run_address>
         <size>0x2c</size>
         <input_file_ref idref="fl-c0"/>
      </object_component>
      <object_component id="oc-41">
         <name>.debug_info</name>
         <load_address>0xf3d</load_address>
         <run_address>0xf3d</run_address>
         <size>0x106</size>
         <input_file_ref idref="fl-c1"/>
      </object_component>
      <object_component id="oc-16">
         <name>.debug_info</name>
         <load_address>0x1043</load_address>
         <run_address>0x1043</run_address>
         <size>0x181</size>
         <input_file_ref idref="fl-c1"/>
      </object_component>
      <object_component id="oc-3c">
         <name>.debug_info</name>
         <load_address>0x11c4</load_address>
         <run_address>0x11c4</run_address>
         <size>0x46</size>
         <input_file_ref idref="fl-c1"/>
      </object_component>
      <object_component id="oc-99">
         <name>.debug_info</name>
         <load_address>0x120a</load_address>
         <run_address>0x120a</run_address>
         <size>0x20b</size>
         <input_file_ref idref="fl-c2"/>
      </object_component>
      <object_component id="oc-93">
         <name>.debug_info</name>
         <load_address>0x1415</load_address>
         <run_address>0x1415</run_address>
         <size>0x15c</size>
         <input_file_ref idref="fl-c2"/>
      </object_component>
      <object_component id="oc-5c">
         <name>.debug_info</name>
         <load_address>0x1571</load_address>
         <run_address>0x1571</run_address>
         <size>0x1eb</size>
         <input_file_ref idref="fl-c2"/>
      </object_component>
      <object_component id="oc-2c">
         <name>.debug_info</name>
         <load_address>0x175c</load_address>
         <run_address>0x175c</run_address>
         <size>0x153</size>
         <input_file_ref idref="fl-c3"/>
      </object_component>
      <object_component id="oc-37">
         <name>.debug_info</name>
         <load_address>0x18af</load_address>
         <run_address>0x18af</run_address>
         <size>0x11b</size>
         <input_file_ref idref="fl-c4"/>
      </object_component>
      <object_component id="oc-44">
         <name>.debug_info</name>
         <load_address>0x19ca</load_address>
         <run_address>0x19ca</run_address>
         <size>0x10f</size>
         <input_file_ref idref="fl-c5"/>
      </object_component>
      <object_component id="oc-49">
         <name>.debug_info</name>
         <load_address>0x1ad9</load_address>
         <run_address>0x1ad9</run_address>
         <size>0x11f</size>
         <input_file_ref idref="fl-c6"/>
      </object_component>
      <object_component id="oc-61">
         <name>.debug_info</name>
         <load_address>0x1bf8</load_address>
         <run_address>0x1bf8</run_address>
         <size>0xe0</size>
         <input_file_ref idref="fl-c7"/>
      </object_component>
      <object_component id="oc-ef">
         <name>.debug_info</name>
         <load_address>0x1cd8</load_address>
         <run_address>0x1cd8</run_address>
         <size>0xc1</size>
         <input_file_ref idref="fl-c8"/>
      </object_component>
      <object_component id="oc-e5">
         <name>.debug_info</name>
         <load_address>0x1d99</load_address>
         <run_address>0x1d99</run_address>
         <size>0x1b3</size>
         <input_file_ref idref="fl-c8"/>
      </object_component>
      <object_component id="oc-c6">
         <name>.debug_info</name>
         <load_address>0x1f4c</load_address>
         <run_address>0x1f4c</run_address>
         <size>0xfb</size>
         <input_file_ref idref="fl-c9"/>
      </object_component>
      <object_component id="oc-96">
         <name>.debug_info</name>
         <load_address>0x2047</load_address>
         <run_address>0x2047</run_address>
         <size>0xea</size>
         <input_file_ref idref="fl-c9"/>
      </object_component>
      <object_component id="oc-c0">
         <name>.debug_info</name>
         <load_address>0x2131</load_address>
         <run_address>0x2131</run_address>
         <size>0x1f6</size>
         <input_file_ref idref="fl-c9"/>
      </object_component>
      <object_component id="oc-91">
         <name>.debug_info</name>
         <load_address>0x2327</load_address>
         <run_address>0x2327</run_address>
         <size>0x13d</size>
         <input_file_ref idref="fl-ca"/>
      </object_component>
      <object_component id="oc-58">
         <name>.debug_info</name>
         <load_address>0x2464</load_address>
         <run_address>0x2464</run_address>
         <size>0x13e</size>
         <input_file_ref idref="fl-ca"/>
      </object_component>
      <object_component id="oc-b7">
         <name>.debug_info</name>
         <load_address>0x25a2</load_address>
         <run_address>0x25a2</run_address>
         <size>0x5e</size>
         <input_file_ref idref="fl-ca"/>
      </object_component>
      <object_component id="oc-89">
         <name>.debug_info</name>
         <load_address>0x2600</load_address>
         <run_address>0x2600</run_address>
         <size>0x2c0</size>
         <input_file_ref idref="fl-cb"/>
      </object_component>
      <object_component id="oc-51">
         <name>.debug_info</name>
         <load_address>0x28c0</load_address>
         <run_address>0x28c0</run_address>
         <size>0x167</size>
         <input_file_ref idref="fl-cb"/>
      </object_component>
      <object_component id="oc-a4">
         <name>.debug_info</name>
         <load_address>0x2a27</load_address>
         <run_address>0x2a27</run_address>
         <size>0x39</size>
         <input_file_ref idref="fl-cb"/>
      </object_component>
      <object_component id="oc-d1">
         <name>.debug_info</name>
         <load_address>0x2a60</load_address>
         <run_address>0x2a60</run_address>
         <size>0x39</size>
         <input_file_ref idref="fl-cb"/>
      </object_component>
      <object_component id="oc-a9">
         <name>.debug_info</name>
         <load_address>0x2a99</load_address>
         <run_address>0x2a99</run_address>
         <size>0xcd</size>
         <input_file_ref idref="fl-cb"/>
      </object_component>
      <object_component id="oc-a0">
         <name>.debug_info</name>
         <load_address>0x2b66</load_address>
         <run_address>0x2b66</run_address>
         <size>0x1b7</size>
         <input_file_ref idref="fl-cc"/>
      </object_component>
      <object_component id="oc-7e">
         <name>.debug_info</name>
         <load_address>0x2d1d</load_address>
         <run_address>0x2d1d</run_address>
         <size>0x15a</size>
         <input_file_ref idref="fl-cc"/>
      </object_component>
      <object_component id="oc-cc">
         <name>.debug_info</name>
         <load_address>0x2e77</load_address>
         <run_address>0x2e77</run_address>
         <size>0x2c</size>
         <input_file_ref idref="fl-cc"/>
      </object_component>
      <object_component id="oc-85">
         <name>.debug_info</name>
         <load_address>0x2ea3</load_address>
         <run_address>0x2ea3</run_address>
         <size>0x11c</size>
         <input_file_ref idref="fl-cd"/>
      </object_component>
      <object_component id="oc-114">
         <name>.debug_info</name>
         <load_address>0x2fbf</load_address>
         <run_address>0x2fbf</run_address>
         <size>0x98</size>
      </object_component>
      <object_component id="oc-8e">
         <name>.debug_line</name>
         <load_address>0x0</load_address>
         <run_address>0x0</run_address>
         <size>0x42</size>
         <input_file_ref idref="fl-2"/>
      </object_component>
      <object_component id="oc-28">
         <name>.debug_line</name>
         <load_address>0x42</load_address>
         <run_address>0x42</run_address>
         <size>0x20</size>
         <input_file_ref idref="fl-2"/>
      </object_component>
      <object_component id="oc-f1">
         <name>.debug_line</name>
         <load_address>0x62</load_address>
         <run_address>0x62</run_address>
         <size>0x84</size>
         <input_file_ref idref="fl-3"/>
      </object_component>
      <object_component id="oc-da">
         <name>.debug_line</name>
         <load_address>0xe6</load_address>
         <run_address>0xe6</run_address>
         <size>0x4a</size>
         <input_file_ref idref="fl-3"/>
      </object_component>
      <object_component id="oc-76">
         <name>.debug_line</name>
         <load_address>0x130</load_address>
         <run_address>0x130</run_address>
         <size>0x6c</size>
         <input_file_ref idref="fl-3"/>
      </object_component>
      <object_component id="oc-f3">
         <name>.debug_line</name>
         <load_address>0x19c</load_address>
         <run_address>0x19c</run_address>
         <size>0x5c</size>
         <input_file_ref idref="fl-4"/>
      </object_component>
      <object_component id="oc-ec">
         <name>.debug_line</name>
         <load_address>0x1f8</load_address>
         <run_address>0x1f8</run_address>
         <size>0x2e</size>
         <input_file_ref idref="fl-4"/>
      </object_component>
      <object_component id="oc-b0">
         <name>.debug_line</name>
         <load_address>0x226</load_address>
         <run_address>0x226</run_address>
         <size>0x42</size>
         <input_file_ref idref="fl-4"/>
      </object_component>
      <object_component id="oc-1d">
         <name>.debug_line</name>
         <load_address>0x268</load_address>
         <run_address>0x268</run_address>
         <size>0x4c</size>
         <input_file_ref idref="fl-be"/>
      </object_component>
      <object_component id="oc-9e">
         <name>.debug_line</name>
         <load_address>0x2b4</load_address>
         <run_address>0x2b4</run_address>
         <size>0x20</size>
         <input_file_ref idref="fl-bf"/>
      </object_component>
      <object_component id="oc-8">
         <name>.debug_line</name>
         <load_address>0x2d4</load_address>
         <run_address>0x2d4</run_address>
         <size>0xa1</size>
         <input_file_ref idref="fl-bf"/>
      </object_component>
      <object_component id="oc-23">
         <name>.debug_line</name>
         <load_address>0x375</load_address>
         <run_address>0x375</run_address>
         <size>0x3a</size>
         <input_file_ref idref="fl-bf"/>
      </object_component>
      <object_component id="oc-67">
         <name>.debug_line</name>
         <load_address>0x3af</load_address>
         <run_address>0x3af</run_address>
         <size>0x63</size>
         <input_file_ref idref="fl-bf"/>
      </object_component>
      <object_component id="oc-71">
         <name>.debug_line</name>
         <load_address>0x412</load_address>
         <run_address>0x412</run_address>
         <size>0x63</size>
         <input_file_ref idref="fl-c0"/>
      </object_component>
      <object_component id="oc-12">
         <name>.debug_line</name>
         <load_address>0x475</load_address>
         <run_address>0x475</run_address>
         <size>0x52</size>
         <input_file_ref idref="fl-c0"/>
      </object_component>
      <object_component id="oc-33">
         <name>.debug_line</name>
         <load_address>0x4c7</load_address>
         <run_address>0x4c7</run_address>
         <size>0x3a</size>
         <input_file_ref idref="fl-c0"/>
      </object_component>
      <object_component id="oc-6e">
         <name>.debug_line</name>
         <load_address>0x501</load_address>
         <run_address>0x501</run_address>
         <size>0x63</size>
         <input_file_ref idref="fl-c0"/>
      </object_component>
      <object_component id="oc-79">
         <name>.debug_line</name>
         <load_address>0x564</load_address>
         <run_address>0x564</run_address>
         <size>0x63</size>
         <input_file_ref idref="fl-c1"/>
      </object_component>
      <object_component id="oc-15">
         <name>.debug_line</name>
         <load_address>0x5c7</load_address>
         <run_address>0x5c7</run_address>
         <size>0x4f</size>
         <input_file_ref idref="fl-c1"/>
      </object_component>
      <object_component id="oc-3f">
         <name>.debug_line</name>
         <load_address>0x616</load_address>
         <run_address>0x616</run_address>
         <size>0x34</size>
         <input_file_ref idref="fl-c1"/>
      </object_component>
      <object_component id="oc-c9">
         <name>.debug_line</name>
         <load_address>0x64a</load_address>
         <run_address>0x64a</run_address>
         <size>0xa4</size>
         <input_file_ref idref="fl-c2"/>
      </object_component>
      <object_component id="oc-bd">
         <name>.debug_line</name>
         <load_address>0x6ee</load_address>
         <run_address>0x6ee</run_address>
         <size>0x2a</size>
         <input_file_ref idref="fl-c2"/>
      </object_component>
      <object_component id="oc-5b">
         <name>.debug_line</name>
         <load_address>0x718</load_address>
         <run_address>0x718</run_address>
         <size>0x80</size>
         <input_file_ref idref="fl-c2"/>
      </object_component>
      <object_component id="oc-2e">
         <name>.debug_line</name>
         <load_address>0x798</load_address>
         <run_address>0x798</run_address>
         <size>0x9a</size>
         <input_file_ref idref="fl-c3"/>
      </object_component>
      <object_component id="oc-3a">
         <name>.debug_line</name>
         <load_address>0x832</load_address>
         <run_address>0x832</run_address>
         <size>0x73</size>
         <input_file_ref idref="fl-c4"/>
      </object_component>
      <object_component id="oc-47">
         <name>.debug_line</name>
         <load_address>0x8a5</load_address>
         <run_address>0x8a5</run_address>
         <size>0x3d</size>
         <input_file_ref idref="fl-c5"/>
      </object_component>
      <object_component id="oc-4d">
         <name>.debug_line</name>
         <load_address>0x8e2</load_address>
         <run_address>0x8e2</run_address>
         <size>0x40</size>
         <input_file_ref idref="fl-c6"/>
      </object_component>
      <object_component id="oc-9c">
         <name>.debug_line</name>
         <load_address>0x922</load_address>
         <run_address>0x922</run_address>
         <size>0x33</size>
         <input_file_ref idref="fl-c7"/>
      </object_component>
      <object_component id="oc-f5">
         <name>.debug_line</name>
         <load_address>0x955</load_address>
         <run_address>0x955</run_address>
         <size>0x20</size>
         <input_file_ref idref="fl-c8"/>
      </object_component>
      <object_component id="oc-e7">
         <name>.debug_line</name>
         <load_address>0x975</load_address>
         <run_address>0x975</run_address>
         <size>0x82</size>
         <input_file_ref idref="fl-c8"/>
      </object_component>
      <object_component id="oc-e2">
         <name>.debug_line</name>
         <load_address>0x9f7</load_address>
         <run_address>0x9f7</run_address>
         <size>0x20</size>
         <input_file_ref idref="fl-c9"/>
      </object_component>
      <object_component id="oc-c5">
         <name>.debug_line</name>
         <load_address>0xa17</load_address>
         <run_address>0xa17</run_address>
         <size>0x2b</size>
         <input_file_ref idref="fl-c9"/>
      </object_component>
      <object_component id="oc-c3">
         <name>.debug_line</name>
         <load_address>0xa42</load_address>
         <run_address>0xa42</run_address>
         <size>0x64</size>
         <input_file_ref idref="fl-c9"/>
      </object_component>
      <object_component id="oc-b6">
         <name>.debug_line</name>
         <load_address>0xaa6</load_address>
         <run_address>0xaa6</run_address>
         <size>0x2b</size>
         <input_file_ref idref="fl-ca"/>
      </object_component>
      <object_component id="oc-57">
         <name>.debug_line</name>
         <load_address>0xad1</load_address>
         <run_address>0xad1</run_address>
         <size>0x50</size>
         <input_file_ref idref="fl-ca"/>
      </object_component>
      <object_component id="oc-ba">
         <name>.debug_line</name>
         <load_address>0xb21</load_address>
         <run_address>0xb21</run_address>
         <size>0x2b</size>
         <input_file_ref idref="fl-ca"/>
      </object_component>
      <object_component id="oc-a3">
         <name>.debug_line</name>
         <load_address>0xb4c</load_address>
         <run_address>0xb4c</run_address>
         <size>0x82</size>
         <input_file_ref idref="fl-cb"/>
      </object_component>
      <object_component id="oc-4f">
         <name>.debug_line</name>
         <load_address>0xbce</load_address>
         <run_address>0xbce</run_address>
         <size>0x89</size>
         <input_file_ref idref="fl-cb"/>
      </object_component>
      <object_component id="oc-a7">
         <name>.debug_line</name>
         <load_address>0xc57</load_address>
         <run_address>0xc57</run_address>
         <size>0x2e</size>
         <input_file_ref idref="fl-cb"/>
      </object_component>
      <object_component id="oc-d4">
         <name>.debug_line</name>
         <load_address>0xc85</load_address>
         <run_address>0xc85</run_address>
         <size>0x63</size>
         <input_file_ref idref="fl-cb"/>
      </object_component>
      <object_component id="oc-ac">
         <name>.debug_line</name>
         <load_address>0xce8</load_address>
         <run_address>0xce8</run_address>
         <size>0x64</size>
         <input_file_ref idref="fl-cb"/>
      </object_component>
      <object_component id="oc-cb">
         <name>.debug_line</name>
         <load_address>0xd4c</load_address>
         <run_address>0xd4c</run_address>
         <size>0x71</size>
         <input_file_ref idref="fl-cc"/>
      </object_component>
      <object_component id="oc-81">
         <name>.debug_line</name>
         <load_address>0xdbd</load_address>
         <run_address>0xdbd</run_address>
         <size>0x70</size>
         <input_file_ref idref="fl-cc"/>
      </object_component>
      <object_component id="oc-cf">
         <name>.debug_line</name>
         <load_address>0xe2d</load_address>
         <run_address>0xe2d</run_address>
         <size>0x2e</size>
         <input_file_ref idref="fl-cc"/>
      </object_component>
      <object_component id="oc-83">
         <name>.debug_line</name>
         <load_address>0xe5b</load_address>
         <run_address>0xe5b</run_address>
         <size>0x3c</size>
         <input_file_ref idref="fl-cd"/>
      </object_component>
      <object_component id="oc-8f">
         <name>.debug_frame</name>
         <load_address>0x0</load_address>
         <run_address>0x0</run_address>
         <size>0x38</size>
         <input_file_ref idref="fl-2"/>
      </object_component>
      <object_component id="oc-db">
         <name>.debug_frame</name>
         <load_address>0x38</load_address>
         <run_address>0x38</run_address>
         <size>0x38</size>
         <input_file_ref idref="fl-3"/>
      </object_component>
      <object_component id="oc-af">
         <name>.debug_frame</name>
         <load_address>0x70</load_address>
         <run_address>0x70</run_address>
         <size>0x38</size>
         <input_file_ref idref="fl-4"/>
      </object_component>
      <object_component id="oc-c">
         <name>.debug_frame</name>
         <load_address>0xa8</load_address>
         <run_address>0xa8</run_address>
         <size>0x3c</size>
         <input_file_ref idref="fl-bf"/>
      </object_component>
      <object_component id="oc-11">
         <name>.debug_frame</name>
         <load_address>0xe4</load_address>
         <run_address>0xe4</run_address>
         <size>0x31</size>
         <input_file_ref idref="fl-c0"/>
      </object_component>
      <object_component id="oc-18">
         <name>.debug_frame</name>
         <load_address>0x115</load_address>
         <run_address>0x115</run_address>
         <size>0x31</size>
         <input_file_ref idref="fl-c1"/>
      </object_component>
      <object_component id="oc-5f">
         <name>.debug_frame</name>
         <load_address>0x146</load_address>
         <run_address>0x146</run_address>
         <size>0x65</size>
         <input_file_ref idref="fl-c2"/>
      </object_component>
      <object_component id="oc-46">
         <name>.debug_frame</name>
         <load_address>0x1ab</load_address>
         <run_address>0x1ab</run_address>
         <size>0x31</size>
         <input_file_ref idref="fl-c5"/>
      </object_component>
      <object_component id="oc-4c">
         <name>.debug_frame</name>
         <load_address>0x1dc</load_address>
         <run_address>0x1dc</run_address>
         <size>0x31</size>
         <input_file_ref idref="fl-c6"/>
      </object_component>
      <object_component id="oc-e8">
         <name>.debug_frame</name>
         <load_address>0x20d</load_address>
         <run_address>0x20d</run_address>
         <size>0x31</size>
         <input_file_ref idref="fl-c8"/>
      </object_component>
      <object_component id="oc-bf">
         <name>.debug_frame</name>
         <load_address>0x23e</load_address>
         <run_address>0x23e</run_address>
         <size>0x53</size>
         <input_file_ref idref="fl-c9"/>
      </object_component>
      <object_component id="oc-56">
         <name>.debug_frame</name>
         <load_address>0x291</load_address>
         <run_address>0x291</run_address>
         <size>0x31</size>
         <input_file_ref idref="fl-ca"/>
      </object_component>
      <object_component id="oc-50">
         <name>.debug_frame</name>
         <load_address>0x2c2</load_address>
         <run_address>0x2c2</run_address>
         <size>0x40</size>
         <input_file_ref idref="fl-cb"/>
      </object_component>
      <object_component id="oc-80">
         <name>.debug_frame</name>
         <load_address>0x302</load_address>
         <run_address>0x302</run_address>
         <size>0x40</size>
         <input_file_ref idref="fl-cc"/>
      </object_component>
      <object_component id="oc-84">
         <name>.debug_frame</name>
         <load_address>0x342</load_address>
         <run_address>0x342</run_address>
         <size>0x31</size>
         <input_file_ref idref="fl-cd"/>
      </object_component>
      <object_component id="oc-b4">
         <name>.debug_abbrev</name>
         <load_address>0x0</load_address>
         <run_address>0x0</run_address>
         <size>0x60</size>
         <input_file_ref idref="fl-2"/>
      </object_component>
      <object_component id="oc-27">
         <name>.debug_abbrev</name>
         <load_address>0x60</load_address>
         <run_address>0x60</run_address>
         <size>0x1f</size>
         <input_file_ref idref="fl-2"/>
      </object_component>
      <object_component id="oc-f0">
         <name>.debug_abbrev</name>
         <load_address>0x7f</load_address>
         <run_address>0x7f</run_address>
         <size>0x6b</size>
         <input_file_ref idref="fl-3"/>
      </object_component>
      <object_component id="oc-e9">
         <name>.debug_abbrev</name>
         <load_address>0xea</load_address>
         <run_address>0xea</run_address>
         <size>0x7a</size>
         <input_file_ref idref="fl-3"/>
      </object_component>
      <object_component id="oc-75">
         <name>.debug_abbrev</name>
         <load_address>0x164</load_address>
         <run_address>0x164</run_address>
         <size>0x24</size>
         <input_file_ref idref="fl-3"/>
      </object_component>
      <object_component id="oc-f2">
         <name>.debug_abbrev</name>
         <load_address>0x188</load_address>
         <run_address>0x188</run_address>
         <size>0x54</size>
         <input_file_ref idref="fl-4"/>
      </object_component>
      <object_component id="oc-eb">
         <name>.debug_abbrev</name>
         <load_address>0x1dc</load_address>
         <run_address>0x1dc</run_address>
         <size>0x27</size>
         <input_file_ref idref="fl-4"/>
      </object_component>
      <object_component id="oc-df">
         <name>.debug_abbrev</name>
         <load_address>0x203</load_address>
         <run_address>0x203</run_address>
         <size>0x5e</size>
         <input_file_ref idref="fl-4"/>
      </object_component>
      <object_component id="oc-63">
         <name>.debug_abbrev</name>
         <load_address>0x261</load_address>
         <run_address>0x261</run_address>
         <size>0x3e</size>
         <input_file_ref idref="fl-be"/>
      </object_component>
      <object_component id="oc-9d">
         <name>.debug_abbrev</name>
         <load_address>0x29f</load_address>
         <run_address>0x29f</run_address>
         <size>0x2c</size>
         <input_file_ref idref="fl-bf"/>
      </object_component>
      <object_component id="oc-1f">
         <name>.debug_abbrev</name>
         <load_address>0x2cb</load_address>
         <run_address>0x2cb</run_address>
         <size>0x6f</size>
         <input_file_ref idref="fl-bf"/>
      </object_component>
      <object_component id="oc-22">
         <name>.debug_abbrev</name>
         <load_address>0x33a</load_address>
         <run_address>0x33a</run_address>
         <size>0x24</size>
         <input_file_ref idref="fl-bf"/>
      </object_component>
      <object_component id="oc-66">
         <name>.debug_abbrev</name>
         <load_address>0x35e</load_address>
         <run_address>0x35e</run_address>
         <size>0x35</size>
         <input_file_ref idref="fl-bf"/>
      </object_component>
      <object_component id="oc-70">
         <name>.debug_abbrev</name>
         <load_address>0x393</load_address>
         <run_address>0x393</run_address>
         <size>0x52</size>
         <input_file_ref idref="fl-c0"/>
      </object_component>
      <object_component id="oc-2f">
         <name>.debug_abbrev</name>
         <load_address>0x3e5</load_address>
         <run_address>0x3e5</run_address>
         <size>0x74</size>
         <input_file_ref idref="fl-c0"/>
      </object_component>
      <object_component id="oc-32">
         <name>.debug_abbrev</name>
         <load_address>0x459</load_address>
         <run_address>0x459</run_address>
         <size>0x24</size>
         <input_file_ref idref="fl-c0"/>
      </object_component>
      <object_component id="oc-6d">
         <name>.debug_abbrev</name>
         <load_address>0x47d</load_address>
         <run_address>0x47d</run_address>
         <size>0x24</size>
         <input_file_ref idref="fl-c0"/>
      </object_component>
      <object_component id="oc-78">
         <name>.debug_abbrev</name>
         <load_address>0x4a1</load_address>
         <run_address>0x4a1</run_address>
         <size>0x52</size>
         <input_file_ref idref="fl-c1"/>
      </object_component>
      <object_component id="oc-3b">
         <name>.debug_abbrev</name>
         <load_address>0x4f3</load_address>
         <run_address>0x4f3</run_address>
         <size>0x74</size>
         <input_file_ref idref="fl-c1"/>
      </object_component>
      <object_component id="oc-3e">
         <name>.debug_abbrev</name>
         <load_address>0x567</load_address>
         <run_address>0x567</run_address>
         <size>0x24</size>
         <input_file_ref idref="fl-c1"/>
      </object_component>
      <object_component id="oc-c8">
         <name>.debug_abbrev</name>
         <load_address>0x58b</load_address>
         <run_address>0x58b</run_address>
         <size>0xa8</size>
         <input_file_ref idref="fl-c2"/>
      </object_component>
      <object_component id="oc-bc">
         <name>.debug_abbrev</name>
         <load_address>0x633</load_address>
         <run_address>0x633</run_address>
         <size>0x29</size>
         <input_file_ref idref="fl-c2"/>
      </object_component>
      <object_component id="oc-98">
         <name>.debug_abbrev</name>
         <load_address>0x65c</load_address>
         <run_address>0x65c</run_address>
         <size>0xba</size>
         <input_file_ref idref="fl-c2"/>
      </object_component>
      <object_component id="oc-6a">
         <name>.debug_abbrev</name>
         <load_address>0x716</load_address>
         <run_address>0x716</run_address>
         <size>0x4c</size>
         <input_file_ref idref="fl-c3"/>
      </object_component>
      <object_component id="oc-72">
         <name>.debug_abbrev</name>
         <load_address>0x762</load_address>
         <run_address>0x762</run_address>
         <size>0x51</size>
         <input_file_ref idref="fl-c4"/>
      </object_component>
      <object_component id="oc-7a">
         <name>.debug_abbrev</name>
         <load_address>0x7b3</load_address>
         <run_address>0x7b3</run_address>
         <size>0x53</size>
         <input_file_ref idref="fl-c5"/>
      </object_component>
      <object_component id="oc-7b">
         <name>.debug_abbrev</name>
         <load_address>0x806</load_address>
         <run_address>0x806</run_address>
         <size>0x55</size>
         <input_file_ref idref="fl-c6"/>
      </object_component>
      <object_component id="oc-9b">
         <name>.debug_abbrev</name>
         <load_address>0x85b</load_address>
         <run_address>0x85b</run_address>
         <size>0x27</size>
         <input_file_ref idref="fl-c7"/>
      </object_component>
      <object_component id="oc-f4">
         <name>.debug_abbrev</name>
         <load_address>0x882</load_address>
         <run_address>0x882</run_address>
         <size>0x2a</size>
         <input_file_ref idref="fl-c8"/>
      </object_component>
      <object_component id="oc-ee">
         <name>.debug_abbrev</name>
         <load_address>0x8ac</load_address>
         <run_address>0x8ac</run_address>
         <size>0x71</size>
         <input_file_ref idref="fl-c8"/>
      </object_component>
      <object_component id="oc-e1">
         <name>.debug_abbrev</name>
         <load_address>0x91d</load_address>
         <run_address>0x91d</run_address>
         <size>0x45</size>
         <input_file_ref idref="fl-c9"/>
      </object_component>
      <object_component id="oc-c4">
         <name>.debug_abbrev</name>
         <load_address>0x962</load_address>
         <run_address>0x962</run_address>
         <size>0x29</size>
         <input_file_ref idref="fl-c9"/>
      </object_component>
      <object_component id="oc-e0">
         <name>.debug_abbrev</name>
         <load_address>0x98b</load_address>
         <run_address>0x98b</run_address>
         <size>0x6f</size>
         <input_file_ref idref="fl-c9"/>
      </object_component>
      <object_component id="oc-b5">
         <name>.debug_abbrev</name>
         <load_address>0x9fa</load_address>
         <run_address>0x9fa</run_address>
         <size>0x8e</size>
         <input_file_ref idref="fl-ca"/>
      </object_component>
      <object_component id="oc-90">
         <name>.debug_abbrev</name>
         <load_address>0xa88</load_address>
         <run_address>0xa88</run_address>
         <size>0x68</size>
         <input_file_ref idref="fl-ca"/>
      </object_component>
      <object_component id="oc-b9">
         <name>.debug_abbrev</name>
         <load_address>0xaf0</load_address>
         <run_address>0xaf0</run_address>
         <size>0x49</size>
         <input_file_ref idref="fl-ca"/>
      </object_component>
      <object_component id="oc-a2">
         <name>.debug_abbrev</name>
         <load_address>0xb39</load_address>
         <run_address>0xb39</run_address>
         <size>0xae</size>
         <input_file_ref idref="fl-cb"/>
      </object_component>
      <object_component id="oc-88">
         <name>.debug_abbrev</name>
         <load_address>0xbe7</load_address>
         <run_address>0xbe7</run_address>
         <size>0x7e</size>
         <input_file_ref idref="fl-cb"/>
      </object_component>
      <object_component id="oc-a6">
         <name>.debug_abbrev</name>
         <load_address>0xc65</load_address>
         <run_address>0xc65</run_address>
         <size>0x24</size>
         <input_file_ref idref="fl-cb"/>
      </object_component>
      <object_component id="oc-d3">
         <name>.debug_abbrev</name>
         <load_address>0xc89</load_address>
         <run_address>0xc89</run_address>
         <size>0x24</size>
         <input_file_ref idref="fl-cb"/>
      </object_component>
      <object_component id="oc-ab">
         <name>.debug_abbrev</name>
         <load_address>0xcad</load_address>
         <run_address>0xcad</run_address>
         <size>0x4b</size>
         <input_file_ref idref="fl-cb"/>
      </object_component>
      <object_component id="oc-ca">
         <name>.debug_abbrev</name>
         <load_address>0xcf8</load_address>
         <run_address>0xcf8</run_address>
         <size>0x9c</size>
         <input_file_ref idref="fl-cc"/>
      </object_component>
      <object_component id="oc-9f">
         <name>.debug_abbrev</name>
         <load_address>0xd94</load_address>
         <run_address>0xd94</run_address>
         <size>0x8c</size>
         <input_file_ref idref="fl-cc"/>
      </object_component>
      <object_component id="oc-ce">
         <name>.debug_abbrev</name>
         <load_address>0xe20</load_address>
         <run_address>0xe20</run_address>
         <size>0x24</size>
         <input_file_ref idref="fl-cc"/>
      </object_component>
      <object_component id="oc-a1">
         <name>.debug_abbrev</name>
         <load_address>0xe44</load_address>
         <run_address>0xe44</run_address>
         <size>0x53</size>
         <input_file_ref idref="fl-cd"/>
      </object_component>
      <object_component id="oc-115">
         <name>.debug_abbrev</name>
         <load_address>0xe97</load_address>
         <run_address>0xe97</run_address>
         <size>0xf</size>
      </object_component>
      <object_component id="oc-29">
         <name>.debug_str</name>
         <load_address>0x0</load_address>
         <run_address>0x0</run_address>
         <size>0xfa</size>
         <input_file_ref idref="fl-2"/>
      </object_component>
      <object_component id="oc-77">
         <name>.debug_str</name>
         <load_address>0xfa</load_address>
         <run_address>0xfa</run_address>
         <size>0xd9</size>
         <input_file_ref idref="fl-3"/>
      </object_component>
      <object_component id="oc-24">
         <name>.debug_str</name>
         <load_address>0x1d3</load_address>
         <run_address>0x1d3</run_address>
         <size>0xe4</size>
         <input_file_ref idref="fl-bf"/>
      </object_component>
      <object_component id="oc-68">
         <name>.debug_str</name>
         <load_address>0x2b7</load_address>
         <run_address>0x2b7</run_address>
         <size>0xfa</size>
         <input_file_ref idref="fl-bf"/>
      </object_component>
      <object_component id="oc-34">
         <name>.debug_str</name>
         <load_address>0x3b1</load_address>
         <run_address>0x3b1</run_address>
         <size>0xd7</size>
         <input_file_ref idref="fl-c0"/>
      </object_component>
      <object_component id="oc-6f">
         <name>.debug_str</name>
         <load_address>0x488</load_address>
         <run_address>0x488</run_address>
         <size>0xdd</size>
         <input_file_ref idref="fl-c0"/>
      </object_component>
      <object_component id="oc-40">
         <name>.debug_str</name>
         <load_address>0x565</load_address>
         <run_address>0x565</run_address>
         <size>0xd1</size>
         <input_file_ref idref="fl-c1"/>
      </object_component>
      <object_component id="oc-bb">
         <name>.debug_str</name>
         <load_address>0x636</load_address>
         <run_address>0x636</run_address>
         <size>0xad</size>
         <input_file_ref idref="fl-ca"/>
      </object_component>
      <object_component id="oc-a8">
         <name>.debug_str</name>
         <load_address>0x6e3</load_address>
         <run_address>0x6e3</run_address>
         <size>0xb9</size>
         <input_file_ref idref="fl-cb"/>
      </object_component>
      <object_component id="oc-d5">
         <name>.debug_str</name>
         <load_address>0x79c</load_address>
         <run_address>0x79c</run_address>
         <size>0xe8</size>
         <input_file_ref idref="fl-cb"/>
      </object_component>
      <object_component id="oc-ad">
         <name>.debug_str</name>
         <load_address>0x884</load_address>
         <run_address>0x884</run_address>
         <size>0x134</size>
         <input_file_ref idref="fl-cb"/>
      </object_component>
      <object_component id="oc-d0">
         <name>.debug_str</name>
         <load_address>0x9b8</load_address>
         <run_address>0x9b8</run_address>
         <size>0xae</size>
         <input_file_ref idref="fl-cc"/>
      </object_component>
      <object_component id="oc-8c">
         <name>.debug_aranges</name>
         <load_address>0x0</load_address>
         <run_address>0x0</run_address>
         <size>0x20</size>
         <input_file_ref idref="fl-2"/>
      </object_component>
      <object_component id="oc-d9">
         <name>.debug_aranges</name>
         <load_address>0x20</load_address>
         <run_address>0x20</run_address>
         <size>0x20</size>
         <input_file_ref idref="fl-3"/>
      </object_component>
      <object_component id="oc-b3">
         <name>.debug_aranges</name>
         <load_address>0x40</load_address>
         <run_address>0x40</run_address>
         <size>0x20</size>
         <input_file_ref idref="fl-4"/>
      </object_component>
      <object_component id="oc-1a">
         <name>.debug_aranges</name>
         <load_address>0x60</load_address>
         <run_address>0x60</run_address>
         <size>0x20</size>
         <input_file_ref idref="fl-be"/>
      </object_component>
      <object_component id="oc-b">
         <name>.debug_aranges</name>
         <load_address>0x80</load_address>
         <run_address>0x80</run_address>
         <size>0x20</size>
         <input_file_ref idref="fl-bf"/>
      </object_component>
      <object_component id="oc-f">
         <name>.debug_aranges</name>
         <load_address>0xa0</load_address>
         <run_address>0xa0</run_address>
         <size>0x20</size>
         <input_file_ref idref="fl-c0"/>
      </object_component>
      <object_component id="oc-14">
         <name>.debug_aranges</name>
         <load_address>0xc0</load_address>
         <run_address>0xc0</run_address>
         <size>0x20</size>
         <input_file_ref idref="fl-c1"/>
      </object_component>
      <object_component id="oc-5d">
         <name>.debug_aranges</name>
         <load_address>0xe0</load_address>
         <run_address>0xe0</run_address>
         <size>0x30</size>
         <input_file_ref idref="fl-c2"/>
      </object_component>
      <object_component id="oc-2b">
         <name>.debug_aranges</name>
         <load_address>0x110</load_address>
         <run_address>0x110</run_address>
         <size>0x20</size>
         <input_file_ref idref="fl-c3"/>
      </object_component>
      <object_component id="oc-38">
         <name>.debug_aranges</name>
         <load_address>0x130</load_address>
         <run_address>0x130</run_address>
         <size>0x28</size>
         <input_file_ref idref="fl-c4"/>
      </object_component>
      <object_component id="oc-43">
         <name>.debug_aranges</name>
         <load_address>0x158</load_address>
         <run_address>0x158</run_address>
         <size>0x20</size>
         <input_file_ref idref="fl-c5"/>
      </object_component>
      <object_component id="oc-4b">
         <name>.debug_aranges</name>
         <load_address>0x178</load_address>
         <run_address>0x178</run_address>
         <size>0x20</size>
         <input_file_ref idref="fl-c6"/>
      </object_component>
      <object_component id="oc-e4">
         <name>.debug_aranges</name>
         <load_address>0x198</load_address>
         <run_address>0x198</run_address>
         <size>0x20</size>
         <input_file_ref idref="fl-c8"/>
      </object_component>
      <object_component id="oc-c1">
         <name>.debug_aranges</name>
         <load_address>0x1b8</load_address>
         <run_address>0x1b8</run_address>
         <size>0x30</size>
         <input_file_ref idref="fl-c9"/>
      </object_component>
      <object_component id="oc-55">
         <name>.debug_aranges</name>
         <load_address>0x1e8</load_address>
         <run_address>0x1e8</run_address>
         <size>0x20</size>
         <input_file_ref idref="fl-ca"/>
      </object_component>
      <object_component id="oc-52">
         <name>.debug_aranges</name>
         <load_address>0x208</load_address>
         <run_address>0x208</run_address>
         <size>0x20</size>
         <input_file_ref idref="fl-cb"/>
      </object_component>
      <object_component id="oc-7d">
         <name>.debug_aranges</name>
         <load_address>0x228</load_address>
         <run_address>0x228</run_address>
         <size>0x20</size>
         <input_file_ref idref="fl-cc"/>
      </object_component>
      <object_component id="oc-86">
         <name>.debug_aranges</name>
         <load_address>0x248</load_address>
         <run_address>0x248</run_address>
         <size>0x20</size>
         <input_file_ref idref="fl-cd"/>
      </object_component>
      <object_component id="oc-8d">
         <name>.debug_pubnames</name>
         <load_address>0x0</load_address>
         <run_address>0x0</run_address>
         <size>0x1b</size>
         <input_file_ref idref="fl-2"/>
      </object_component>
      <object_component id="oc-d8">
         <name>.debug_pubnames</name>
         <load_address>0x1b</load_address>
         <run_address>0x1b</run_address>
         <size>0x1c</size>
         <input_file_ref idref="fl-3"/>
      </object_component>
      <object_component id="oc-de">
         <name>.debug_pubnames</name>
         <load_address>0x37</load_address>
         <run_address>0x37</run_address>
         <size>0x1c</size>
         <input_file_ref idref="fl-4"/>
      </object_component>
      <object_component id="oc-b2">
         <name>.debug_pubnames</name>
         <load_address>0x53</load_address>
         <run_address>0x53</run_address>
         <size>0x19</size>
         <input_file_ref idref="fl-4"/>
      </object_component>
      <object_component id="oc-1c">
         <name>.debug_pubnames</name>
         <load_address>0x6c</load_address>
         <run_address>0x6c</run_address>
         <size>0x1f</size>
         <input_file_ref idref="fl-be"/>
      </object_component>
      <object_component id="oc-a">
         <name>.debug_pubnames</name>
         <load_address>0x8b</load_address>
         <run_address>0x8b</run_address>
         <size>0x2b</size>
         <input_file_ref idref="fl-bf"/>
      </object_component>
      <object_component id="oc-10">
         <name>.debug_pubnames</name>
         <load_address>0xb6</load_address>
         <run_address>0xb6</run_address>
         <size>0x2b</size>
         <input_file_ref idref="fl-c0"/>
      </object_component>
      <object_component id="oc-17">
         <name>.debug_pubnames</name>
         <load_address>0xe1</load_address>
         <run_address>0xe1</run_address>
         <size>0x25</size>
         <input_file_ref idref="fl-c1"/>
      </object_component>
      <object_component id="oc-94">
         <name>.debug_pubnames</name>
         <load_address>0x106</load_address>
         <run_address>0x106</run_address>
         <size>0x5e</size>
         <input_file_ref idref="fl-c2"/>
      </object_component>
      <object_component id="oc-5e">
         <name>.debug_pubnames</name>
         <load_address>0x164</load_address>
         <run_address>0x164</run_address>
         <size>0x35</size>
         <input_file_ref idref="fl-c2"/>
      </object_component>
      <object_component id="oc-2d">
         <name>.debug_pubnames</name>
         <load_address>0x199</load_address>
         <run_address>0x199</run_address>
         <size>0x1d</size>
         <input_file_ref idref="fl-c3"/>
      </object_component>
      <object_component id="oc-39">
         <name>.debug_pubnames</name>
         <load_address>0x1b6</load_address>
         <run_address>0x1b6</run_address>
         <size>0x37</size>
         <input_file_ref idref="fl-c4"/>
      </object_component>
      <object_component id="oc-45">
         <name>.debug_pubnames</name>
         <load_address>0x1ed</load_address>
         <run_address>0x1ed</run_address>
         <size>0x21</size>
         <input_file_ref idref="fl-c5"/>
      </object_component>
      <object_component id="oc-4a">
         <name>.debug_pubnames</name>
         <load_address>0x20e</load_address>
         <run_address>0x20e</run_address>
         <size>0x27</size>
         <input_file_ref idref="fl-c6"/>
      </object_component>
      <object_component id="oc-62">
         <name>.debug_pubnames</name>
         <load_address>0x235</load_address>
         <run_address>0x235</run_address>
         <size>0x23</size>
         <input_file_ref idref="fl-c7"/>
      </object_component>
      <object_component id="oc-e6">
         <name>.debug_pubnames</name>
         <load_address>0x258</load_address>
         <run_address>0x258</run_address>
         <size>0x1d</size>
         <input_file_ref idref="fl-c8"/>
      </object_component>
      <object_component id="oc-97">
         <name>.debug_pubnames</name>
         <load_address>0x275</load_address>
         <run_address>0x275</run_address>
         <size>0x28</size>
         <input_file_ref idref="fl-c9"/>
      </object_component>
      <object_component id="oc-c2">
         <name>.debug_pubnames</name>
         <load_address>0x29d</load_address>
         <run_address>0x29d</run_address>
         <size>0x43</size>
         <input_file_ref idref="fl-c9"/>
      </object_component>
      <object_component id="oc-59">
         <name>.debug_pubnames</name>
         <load_address>0x2e0</load_address>
         <run_address>0x2e0</run_address>
         <size>0x21</size>
         <input_file_ref idref="fl-ca"/>
      </object_component>
      <object_component id="oc-53">
         <name>.debug_pubnames</name>
         <load_address>0x301</load_address>
         <run_address>0x301</run_address>
         <size>0x25</size>
         <input_file_ref idref="fl-cb"/>
      </object_component>
      <object_component id="oc-7f">
         <name>.debug_pubnames</name>
         <load_address>0x326</load_address>
         <run_address>0x326</run_address>
         <size>0x1e</size>
         <input_file_ref idref="fl-cc"/>
      </object_component>
      <object_component id="oc-87">
         <name>.debug_pubnames</name>
         <load_address>0x344</load_address>
         <run_address>0x344</run_address>
         <size>0x29</size>
         <input_file_ref idref="fl-cd"/>
      </object_component>
      <object_component id="oc-26">
         <name>.debug_pubtypes</name>
         <load_address>0x0</load_address>
         <run_address>0x0</run_address>
         <size>0xed</size>
         <input_file_ref idref="fl-2"/>
      </object_component>
      <object_component id="oc-74">
         <name>.debug_pubtypes</name>
         <load_address>0xed</load_address>
         <run_address>0xed</run_address>
         <size>0x1d</size>
         <input_file_ref idref="fl-3"/>
      </object_component>
      <object_component id="oc-21">
         <name>.debug_pubtypes</name>
         <load_address>0x10a</load_address>
         <run_address>0x10a</run_address>
         <size>0x5d</size>
         <input_file_ref idref="fl-bf"/>
      </object_component>
      <object_component id="oc-65">
         <name>.debug_pubtypes</name>
         <load_address>0x167</load_address>
         <run_address>0x167</run_address>
         <size>0x42</size>
         <input_file_ref idref="fl-bf"/>
      </object_component>
      <object_component id="oc-31">
         <name>.debug_pubtypes</name>
         <load_address>0x1a9</load_address>
         <run_address>0x1a9</run_address>
         <size>0x48</size>
         <input_file_ref idref="fl-c0"/>
      </object_component>
      <object_component id="oc-6c">
         <name>.debug_pubtypes</name>
         <load_address>0x1f1</load_address>
         <run_address>0x1f1</run_address>
         <size>0x1d</size>
         <input_file_ref idref="fl-c0"/>
      </object_component>
      <object_component id="oc-3d">
         <name>.debug_pubtypes</name>
         <load_address>0x20e</load_address>
         <run_address>0x20e</run_address>
         <size>0x48</size>
         <input_file_ref idref="fl-c1"/>
      </object_component>
      <object_component id="oc-9a">
         <name>.debug_pubtypes</name>
         <load_address>0x256</load_address>
         <run_address>0x256</run_address>
         <size>0x1f</size>
         <input_file_ref idref="fl-c2"/>
      </object_component>
      <object_component id="oc-c7">
         <name>.debug_pubtypes</name>
         <load_address>0x275</load_address>
         <run_address>0x275</run_address>
         <size>0x1f</size>
         <input_file_ref idref="fl-c9"/>
      </object_component>
      <object_component id="oc-b8">
         <name>.debug_pubtypes</name>
         <load_address>0x294</load_address>
         <run_address>0x294</run_address>
         <size>0x1b</size>
         <input_file_ref idref="fl-ca"/>
      </object_component>
      <object_component id="oc-a5">
         <name>.debug_pubtypes</name>
         <load_address>0x2af</load_address>
         <run_address>0x2af</run_address>
         <size>0x32</size>
         <input_file_ref idref="fl-cb"/>
      </object_component>
      <object_component id="oc-d2">
         <name>.debug_pubtypes</name>
         <load_address>0x2e1</load_address>
         <run_address>0x2e1</run_address>
         <size>0x2c</size>
         <input_file_ref idref="fl-cb"/>
      </object_component>
      <object_component id="oc-aa">
         <name>.debug_pubtypes</name>
         <load_address>0x30d</load_address>
         <run_address>0x30d</run_address>
         <size>0x50</size>
         <input_file_ref idref="fl-cb"/>
      </object_component>
      <object_component id="oc-cd">
         <name>.debug_pubtypes</name>
         <load_address>0x35d</load_address>
         <run_address>0x35d</run_address>
         <size>0x23</size>
         <input_file_ref idref="fl-cc"/>
      </object_component>
      <object_component id="oc-111">
         <name>.cinit..data.load</name>
         <load_address>0x80494fd0</load_address>
         <run_address>0x80494fd0</run_address>
         <size>0x13</size>
      </object_component>
      <object_component id="oc-10e">
         <name>__TI_handler_table</name>
         <load_address>0x80494fe4</load_address>
         <run_address>0x80494fe4</run_address>
         <size>0xc</size>
      </object_component>
      <object_component id="oc-112">
         <name>.cinit..bss.load</name>
         <load_address>0x80494ff0</load_address>
         <run_address>0x80494ff0</run_address>
         <size>0x8</size>
      </object_component>
      <object_component id="oc-110">
         <name>__TI_cinit_table</name>
         <load_address>0x80494ff8</load_address>
         <run_address>0x80494ff8</run_address>
         <size>0x10</size>
      </object_component>
   </object_component_list>
   <logical_group_list>
      <logical_group id="lg-2" display="no" color="cyan">
         <name>.text</name>
         <load_address>0x80494800</load_address>
         <run_address>0x80494800</run_address>
         <size>0x5c4</size>
         <contents>
            <object_component_ref idref="oc-2a"/>
            <object_component_ref idref="oc-36"/>
            <object_component_ref idref="oc-4e"/>
            <object_component_ref idref="oc-7"/>
            <object_component_ref idref="oc-5a"/>
            <object_component_ref idref="oc-7c"/>
            <object_component_ref idref="oc-19"/>
            <object_component_ref idref="oc-ae"/>
            <object_component_ref idref="oc-be"/>
            <object_component_ref idref="oc-d6"/>
            <object_component_ref idref="oc-54"/>
            <object_component_ref idref="oc-e3"/>
            <object_component_ref idref="oc-d"/>
            <object_component_ref idref="oc-13"/>
            <object_component_ref idref="oc-8a"/>
            <object_component_ref idref="oc-48"/>
            <object_component_ref idref="oc-42"/>
            <object_component_ref idref="oc-82"/>
         </contents>
      </logical_group>
      <logical_group id="lg-3" display="no" color="cyan">
         <name>.data</name>
         <run_address>0x80494fb8</run_address>
         <size>0x18</size>
         <contents>
            <object_component_ref idref="oc-92"/>
            <object_component_ref idref="oc-60"/>
            <object_component_ref idref="oc-95"/>
         </contents>
      </logical_group>
      <logical_group id="lg-4" display="no" color="cyan">
         <name>.bss</name>
         <run_address>0x80494dc4</run_address>
         <size>0x1f4</size>
         <contents>
            <object_component_ref idref="oc-dc"/>
         </contents>
      </logical_group>
      <logical_group id="lg-5" display="no" color="cyan">
         <name>.stack</name>
         <run_address>0x80494000</run_address>
         <size>0x800</size>
         <contents>
            <object_component_ref idref="oc-1e"/>
            <object_component_ref idref="oc-113"/>
         </contents>
      </logical_group>
      <logical_group id="lg-f6" display="no" color="cyan">
         <name>.TI.noinit</name>
         <run_address>0x0</run_address>
         <size>0x0</size>
         <contents>
         </contents>
      </logical_group>
      <logical_group id="lg-f7" display="no" color="cyan">
         <name>.TI.persistent</name>
         <run_address>0x0</run_address>
         <size>0x0</size>
         <contents>
         </contents>
      </logical_group>
      <logical_group id="lg-fe" display="never" color="cyan">
         <name>.debug_info</name>
         <load_address>0x0</load_address>
         <run_address>0x0</run_address>
         <size>0x3057</size>
         <contents>
            <object_component_ref idref="oc-8b"/>
            <object_component_ref idref="oc-25"/>
            <object_component_ref idref="oc-ea"/>
            <object_component_ref idref="oc-d7"/>
            <object_component_ref idref="oc-73"/>
            <object_component_ref idref="oc-ed"/>
            <object_component_ref idref="oc-dd"/>
            <object_component_ref idref="oc-b1"/>
            <object_component_ref idref="oc-1b"/>
            <object_component_ref idref="oc-69"/>
            <object_component_ref idref="oc-9"/>
            <object_component_ref idref="oc-20"/>
            <object_component_ref idref="oc-64"/>
            <object_component_ref idref="oc-35"/>
            <object_component_ref idref="oc-e"/>
            <object_component_ref idref="oc-30"/>
            <object_component_ref idref="oc-6b"/>
            <object_component_ref idref="oc-41"/>
            <object_component_ref idref="oc-16"/>
            <object_component_ref idref="oc-3c"/>
            <object_component_ref idref="oc-99"/>
            <object_component_ref idref="oc-93"/>
            <object_component_ref idref="oc-5c"/>
            <object_component_ref idref="oc-2c"/>
            <object_component_ref idref="oc-37"/>
            <object_component_ref idref="oc-44"/>
            <object_component_ref idref="oc-49"/>
            <object_component_ref idref="oc-61"/>
            <object_component_ref idref="oc-ef"/>
            <object_component_ref idref="oc-e5"/>
            <object_component_ref idref="oc-c6"/>
            <object_component_ref idref="oc-96"/>
            <object_component_ref idref="oc-c0"/>
            <object_component_ref idref="oc-91"/>
            <object_component_ref idref="oc-58"/>
            <object_component_ref idref="oc-b7"/>
            <object_component_ref idref="oc-89"/>
            <object_component_ref idref="oc-51"/>
            <object_component_ref idref="oc-a4"/>
            <object_component_ref idref="oc-d1"/>
            <object_component_ref idref="oc-a9"/>
            <object_component_ref idref="oc-a0"/>
            <object_component_ref idref="oc-7e"/>
            <object_component_ref idref="oc-cc"/>
            <object_component_ref idref="oc-85"/>
            <object_component_ref idref="oc-114"/>
         </contents>
      </logical_group>
      <logical_group id="lg-100" display="never" color="cyan">
         <name>.debug_line</name>
         <load_address>0x0</load_address>
         <run_address>0x0</run_address>
         <size>0xe97</size>
         <contents>
            <object_component_ref idref="oc-8e"/>
            <object_component_ref idref="oc-28"/>
            <object_component_ref idref="oc-f1"/>
            <object_component_ref idref="oc-da"/>
            <object_component_ref idref="oc-76"/>
            <object_component_ref idref="oc-f3"/>
            <object_component_ref idref="oc-ec"/>
            <object_component_ref idref="oc-b0"/>
            <object_component_ref idref="oc-1d"/>
            <object_component_ref idref="oc-9e"/>
            <object_component_ref idref="oc-8"/>
            <object_component_ref idref="oc-23"/>
            <object_component_ref idref="oc-67"/>
            <object_component_ref idref="oc-71"/>
            <object_component_ref idref="oc-12"/>
            <object_component_ref idref="oc-33"/>
            <object_component_ref idref="oc-6e"/>
            <object_component_ref idref="oc-79"/>
            <object_component_ref idref="oc-15"/>
            <object_component_ref idref="oc-3f"/>
            <object_component_ref idref="oc-c9"/>
            <object_component_ref idref="oc-bd"/>
            <object_component_ref idref="oc-5b"/>
            <object_component_ref idref="oc-2e"/>
            <object_component_ref idref="oc-3a"/>
            <object_component_ref idref="oc-47"/>
            <object_component_ref idref="oc-4d"/>
            <object_component_ref idref="oc-9c"/>
            <object_component_ref idref="oc-f5"/>
            <object_component_ref idref="oc-e7"/>
            <object_component_ref idref="oc-e2"/>
            <object_component_ref idref="oc-c5"/>
            <object_component_ref idref="oc-c3"/>
            <object_component_ref idref="oc-b6"/>
            <object_component_ref idref="oc-57"/>
            <object_component_ref idref="oc-ba"/>
            <object_component_ref idref="oc-a3"/>
            <object_component_ref idref="oc-4f"/>
            <object_component_ref idref="oc-a7"/>
            <object_component_ref idref="oc-d4"/>
            <object_component_ref idref="oc-ac"/>
            <object_component_ref idref="oc-cb"/>
            <object_component_ref idref="oc-81"/>
            <object_component_ref idref="oc-cf"/>
            <object_component_ref idref="oc-83"/>
         </contents>
      </logical_group>
      <logical_group id="lg-102" display="never" color="cyan">
         <name>.debug_frame</name>
         <load_address>0x0</load_address>
         <run_address>0x0</run_address>
         <size>0x373</size>
         <contents>
            <object_component_ref idref="oc-8f"/>
            <object_component_ref idref="oc-db"/>
            <object_component_ref idref="oc-af"/>
            <object_component_ref idref="oc-c"/>
            <object_component_ref idref="oc-11"/>
            <object_component_ref idref="oc-18"/>
            <object_component_ref idref="oc-5f"/>
            <object_component_ref idref="oc-46"/>
            <object_component_ref idref="oc-4c"/>
            <object_component_ref idref="oc-e8"/>
            <object_component_ref idref="oc-bf"/>
            <object_component_ref idref="oc-56"/>
            <object_component_ref idref="oc-50"/>
            <object_component_ref idref="oc-80"/>
            <object_component_ref idref="oc-84"/>
         </contents>
      </logical_group>
      <logical_group id="lg-104" display="never" color="cyan">
         <name>.debug_abbrev</name>
         <load_address>0x0</load_address>
         <run_address>0x0</run_address>
         <size>0xea6</size>
         <contents>
            <object_component_ref idref="oc-b4"/>
            <object_component_ref idref="oc-27"/>
            <object_component_ref idref="oc-f0"/>
            <object_component_ref idref="oc-e9"/>
            <object_component_ref idref="oc-75"/>
            <object_component_ref idref="oc-f2"/>
            <object_component_ref idref="oc-eb"/>
            <object_component_ref idref="oc-df"/>
            <object_component_ref idref="oc-63"/>
            <object_component_ref idref="oc-9d"/>
            <object_component_ref idref="oc-1f"/>
            <object_component_ref idref="oc-22"/>
            <object_component_ref idref="oc-66"/>
            <object_component_ref idref="oc-70"/>
            <object_component_ref idref="oc-2f"/>
            <object_component_ref idref="oc-32"/>
            <object_component_ref idref="oc-6d"/>
            <object_component_ref idref="oc-78"/>
            <object_component_ref idref="oc-3b"/>
            <object_component_ref idref="oc-3e"/>
            <object_component_ref idref="oc-c8"/>
            <object_component_ref idref="oc-bc"/>
            <object_component_ref idref="oc-98"/>
            <object_component_ref idref="oc-6a"/>
            <object_component_ref idref="oc-72"/>
            <object_component_ref idref="oc-7a"/>
            <object_component_ref idref="oc-7b"/>
            <object_component_ref idref="oc-9b"/>
            <object_component_ref idref="oc-f4"/>
            <object_component_ref idref="oc-ee"/>
            <object_component_ref idref="oc-e1"/>
            <object_component_ref idref="oc-c4"/>
            <object_component_ref idref="oc-e0"/>
            <object_component_ref idref="oc-b5"/>
            <object_component_ref idref="oc-90"/>
            <object_component_ref idref="oc-b9"/>
            <object_component_ref idref="oc-a2"/>
            <object_component_ref idref="oc-88"/>
            <object_component_ref idref="oc-a6"/>
            <object_component_ref idref="oc-d3"/>
            <object_component_ref idref="oc-ab"/>
            <object_component_ref idref="oc-ca"/>
            <object_component_ref idref="oc-9f"/>
            <object_component_ref idref="oc-ce"/>
            <object_component_ref idref="oc-a1"/>
            <object_component_ref idref="oc-115"/>
         </contents>
      </logical_group>
      <logical_group id="lg-106" display="never" color="cyan">
         <name>.debug_str</name>
         <load_address>0x0</load_address>
         <run_address>0x0</run_address>
         <size>0xa66</size>
         <contents>
            <object_component_ref idref="oc-29"/>
            <object_component_ref idref="oc-77"/>
            <object_component_ref idref="oc-24"/>
            <object_component_ref idref="oc-68"/>
            <object_component_ref idref="oc-34"/>
            <object_component_ref idref="oc-6f"/>
            <object_component_ref idref="oc-40"/>
            <object_component_ref idref="oc-bb"/>
            <object_component_ref idref="oc-a8"/>
            <object_component_ref idref="oc-d5"/>
            <object_component_ref idref="oc-ad"/>
            <object_component_ref idref="oc-d0"/>
         </contents>
      </logical_group>
      <logical_group id="lg-108" display="never" color="cyan">
         <name>.debug_aranges</name>
         <load_address>0x0</load_address>
         <run_address>0x0</run_address>
         <size>0x268</size>
         <contents>
            <object_component_ref idref="oc-8c"/>
            <object_component_ref idref="oc-d9"/>
            <object_component_ref idref="oc-b3"/>
            <object_component_ref idref="oc-1a"/>
            <object_component_ref idref="oc-b"/>
            <object_component_ref idref="oc-f"/>
            <object_component_ref idref="oc-14"/>
            <object_component_ref idref="oc-5d"/>
            <object_component_ref idref="oc-2b"/>
            <object_component_ref idref="oc-38"/>
            <object_component_ref idref="oc-43"/>
            <object_component_ref idref="oc-4b"/>
            <object_component_ref idref="oc-e4"/>
            <object_component_ref idref="oc-c1"/>
            <object_component_ref idref="oc-55"/>
            <object_component_ref idref="oc-52"/>
            <object_component_ref idref="oc-7d"/>
            <object_component_ref idref="oc-86"/>
         </contents>
      </logical_group>
      <logical_group id="lg-10a" display="never" color="cyan">
         <name>.debug_pubnames</name>
         <load_address>0x0</load_address>
         <run_address>0x0</run_address>
         <size>0x36d</size>
         <contents>
            <object_component_ref idref="oc-8d"/>
            <object_component_ref idref="oc-d8"/>
            <object_component_ref idref="oc-de"/>
            <object_component_ref idref="oc-b2"/>
            <object_component_ref idref="oc-1c"/>
            <object_component_ref idref="oc-a"/>
            <object_component_ref idref="oc-10"/>
            <object_component_ref idref="oc-17"/>
            <object_component_ref idref="oc-94"/>
            <object_component_ref idref="oc-5e"/>
            <object_component_ref idref="oc-2d"/>
            <object_component_ref idref="oc-39"/>
            <object_component_ref idref="oc-45"/>
            <object_component_ref idref="oc-4a"/>
            <object_component_ref idref="oc-62"/>
            <object_component_ref idref="oc-e6"/>
            <object_component_ref idref="oc-97"/>
            <object_component_ref idref="oc-c2"/>
            <object_component_ref idref="oc-59"/>
            <object_component_ref idref="oc-53"/>
            <object_component_ref idref="oc-7f"/>
            <object_component_ref idref="oc-87"/>
         </contents>
      </logical_group>
      <logical_group id="lg-10c" display="never" color="cyan">
         <name>.debug_pubtypes</name>
         <load_address>0x0</load_address>
         <run_address>0x0</run_address>
         <size>0x380</size>
         <contents>
            <object_component_ref idref="oc-26"/>
            <object_component_ref idref="oc-74"/>
            <object_component_ref idref="oc-21"/>
            <object_component_ref idref="oc-65"/>
            <object_component_ref idref="oc-31"/>
            <object_component_ref idref="oc-6c"/>
            <object_component_ref idref="oc-3d"/>
            <object_component_ref idref="oc-9a"/>
            <object_component_ref idref="oc-c7"/>
            <object_component_ref idref="oc-b8"/>
            <object_component_ref idref="oc-a5"/>
            <object_component_ref idref="oc-d2"/>
            <object_component_ref idref="oc-aa"/>
            <object_component_ref idref="oc-cd"/>
         </contents>
      </logical_group>
      <logical_group id="lg-10f" display="no" color="cyan">
         <name>.cinit</name>
         <load_address>0x80494fd0</load_address>
         <run_address>0x80494fd0</run_address>
         <size>0x38</size>
         <contents>
            <object_component_ref idref="oc-111"/>
            <object_component_ref idref="oc-10e"/>
            <object_component_ref idref="oc-112"/>
            <object_component_ref idref="oc-110"/>
         </contents>
      </logical_group>
      <load_segment id="lg-117" display="no" color="cyan">
         <name>SEGMENT_0</name>
         <run_address>0x80494000</run_address>
         <size>0x800</size>
         <flags>0x6</flags>
         <contents>
            <logical_group_ref idref="lg-5"/>
         </contents>
      </load_segment>
      <load_segment id="lg-118" display="no" color="cyan">
         <name>SEGMENT_1</name>
         <load_address>0x80494800</load_address>
         <run_address>0x80494800</run_address>
         <size>0x5c4</size>
         <flags>0x5</flags>
         <contents>
            <logical_group_ref idref="lg-2"/>
         </contents>
      </load_segment>
      <load_segment id="lg-119" display="no" color="cyan">
         <name>SEGMENT_2</name>
         <run_address>0x80494dc4</run_address>
         <size>0x20c</size>
         <flags>0x6</flags>
         <contents>
            <logical_group_ref idref="lg-4"/>
            <logical_group_ref idref="lg-3"/>
         </contents>
      </load_segment>
      <load_segment id="lg-11a" display="no" color="cyan">
         <name>SEGMENT_3</name>
         <load_address>0x80494fd0</load_address>
         <run_address>0x80494fd0</run_address>
         <size>0x38</size>
         <flags>0x4</flags>
         <contents>
            <logical_group_ref idref="lg-10f"/>
         </contents>
      </load_segment>
   </logical_group_list>
   <placement_map>
      <memory_area display="yes" color="green">
         <name>VRAM</name>
         <page_id>0x0</page_id>
         <origin>0x80494000</origin>
         <length>0x100000</length>
         <used_space>0x1008</used_space>
         <unused_space>0xfeff8</unused_space>
         <attributes>RWIX</attributes>
         <usage_details>
            <allocated_space>
               <start_address>0x80494000</start_address>
               <size>0x800</size>
               <logical_group_ref idref="lg-5"/>
            </allocated_space>
            <allocated_space>
               <start_address>0x80494800</start_address>
               <size>0x5c4</size>
               <logical_group_ref idref="lg-2"/>
            </allocated_space>
            <allocated_space>
               <start_address>0x80494dc4</start_address>
               <size>0x1f4</size>
               <logical_group_ref idref="lg-4"/>
            </allocated_space>
            <allocated_space>
               <start_address>0x80494fb8</start_address>
               <size>0x18</size>
               <logical_group_ref idref="lg-3"/>
            </allocated_space>
            <allocated_space>
               <start_address>0x80494fd0</start_address>
               <size>0x38</size>
               <logical_group_ref idref="lg-10f"/>
            </allocated_space>
            <available_space>
               <start_address>0x80495008</start_address>
               <size>0xfeff8</size>
            </available_space>
         </usage_details>
      </memory_area>
   </placement_map>
   <cptbl_list>
      <cptbl>
         <name>__TI_cinit_table</name>
         <cprec>
            <name>.data</name>
            <load_address>0x80494fd0</load_address>
            <load_size>0x13</load_size>
            <run_address>0x80494fb8</run_address>
            <run_size>0x18</run_size>
            <compression>lzss</compression>
         </cprec>
         <cprec>
            <name>.bss</name>
            <load_address>0x80494ff0</load_address>
            <load_size>0x8</load_size>
            <run_address>0x80494dc4</run_address>
            <run_size>0x1f4</run_size>
            <compression>zero_init</compression>
         </cprec>
      </cptbl>
   </cptbl_list>
   <handler_table>
      <handler_table_name>__TI_handler_table</handler_table_name>
      <handler>
         <index>0x0</index>
         <name>__TI_decompress_lzss</name>
      </handler>
      <handler>
         <index>0x1</index>
         <name>__TI_decompress_none</name>
      </handler>
      <handler>
         <index>0x2</index>
         <name>__TI_zero_init</name>
      </handler>
   </handler_table>
   <symbol_table>
      <symbol id="sm-1">
         <name>__TI_CINIT_Base</name>
         <value>0x80494ff8</value>
      </symbol>
      <symbol id="sm-2">
         <name>__TI_CINIT_Limit</name>
         <value>0x80495008</value>
      </symbol>
      <symbol id="sm-3">
         <name>__TI_Handler_Table_Base</name>
         <value>0x80494fe4</value>
      </symbol>
      <symbol id="sm-4">
         <name>__TI_Handler_Table_Limit</name>
         <value>0x80494ff0</value>
      </symbol>
      <symbol id="sm-5">
         <name>binit</name>
         <value>0xffffffff</value>
      </symbol>
      <symbol id="sm-6">
         <name>__binit__</name>
         <value>0xffffffff</value>
      </symbol>
      <symbol id="sm-7">
         <name>__STACK_SIZE</name>
         <value>0x800</value>
      </symbol>
      <symbol id="sm-8">
         <name>__STACK_END</name>
         <value>0x80494800</value>
      </symbol>
      <symbol id="sm-9">
         <name>__c_args__</name>
         <value>0xffffffff</value>
      </symbol>
      <symbol id="sm-a">
         <name>__TI_pprof_out_hndl</name>
         <value>0xffffffff</value>
      </symbol>
      <symbol id="sm-b">
         <name>__TI_prof_data_start</name>
         <value>0xffffffff</value>
      </symbol>
      <symbol id="sm-c">
         <name>__TI_prof_data_size</name>
         <value>0xffffffff</value>
      </symbol>
      <symbol id="sm-2a">
         <name>main</name>
         <value>0x80494da4</value>
         <object_component_ref idref="oc-8a"/>
      </symbol>
      <symbol id="sm-3c">
         <name>print</name>
         <value>0x80494d24</value>
         <object_component_ref idref="oc-d6"/>
      </symbol>
      <symbol id="sm-51">
         <name>ps</name>
         <value>0x80494cd4</value>
         <object_component_ref idref="oc-ae"/>
      </symbol>
      <symbol id="sm-61">
         <name>_c_int00</name>
         <value>0x80494c7c</value>
         <object_component_ref idref="oc-19"/>
      </symbol>
      <symbol id="sm-62">
         <name>__stack</name>
         <value>0x80494000</value>
         <object_component_ref idref="oc-1e"/>
      </symbol>
      <symbol id="sm-80">
         <name>__TI_decompress_lzss</name>
         <value>0x80494ad8</value>
         <object_component_ref idref="oc-7"/>
      </symbol>
      <symbol id="sm-97">
         <name>__TI_decompress_none</name>
         <value>0x80494d80</value>
         <object_component_ref idref="oc-d"/>
      </symbol>
      <symbol id="sm-a9">
         <name>__TI_zero_init</name>
         <value>0x80494d94</value>
         <object_component_ref idref="oc-13"/>
      </symbol>
      <symbol id="sm-ca">
         <name>C$$EXIT</name>
         <value>0x80494b68</value>
         <object_component_ref idref="oc-5a"/>
      </symbol>
      <symbol id="sm-cb">
         <name>abort</name>
         <value>0x80494b70</value>
         <object_component_ref idref="oc-5a"/>
      </symbol>
      <symbol id="sm-cc">
         <name>exit</name>
         <value>0x80494b7c</value>
         <object_component_ref idref="oc-5a"/>
      </symbol>
      <symbol id="sm-cd">
         <name>__TI_dtors_ptr</name>
         <value>0x80494fbc</value>
         <object_component_ref idref="oc-92"/>
      </symbol>
      <symbol id="sm-ce">
         <name>__TI_cleanup_ptr</name>
         <value>0x80494fb8</value>
         <object_component_ref idref="oc-92"/>
      </symbol>
      <symbol id="sm-cf">
         <name>__TI_enable_exit_profile_output</name>
         <value>0x80494fc0</value>
         <object_component_ref idref="oc-92"/>
      </symbol>
      <symbol id="sm-e8">
         <name>memcpy</name>
         <value>0x80494800</value>
         <object_component_ref idref="oc-2a"/>
      </symbol>
      <symbol id="sm-e9">
         <name>__aeabi_memcpy</name>
         <value>0x80494800</value>
         <object_component_ref idref="oc-2a"/>
      </symbol>
      <symbol id="sm-ea">
         <name>__aeabi_memcpy8</name>
         <value>0x80494800</value>
         <object_component_ref idref="oc-2a"/>
      </symbol>
      <symbol id="sm-eb">
         <name>__aeabi_memcpy4</name>
         <value>0x80494800</value>
         <object_component_ref idref="oc-2a"/>
      </symbol>
      <symbol id="sm-fa">
         <name>__aeabi_memset</name>
         <value>0x80494984</value>
         <object_component_ref idref="oc-36"/>
      </symbol>
      <symbol id="sm-fb">
         <name>memset</name>
         <value>0x80494990</value>
         <object_component_ref idref="oc-36"/>
      </symbol>
      <symbol id="sm-fc">
         <name>__aeabi_memset8</name>
         <value>0x80494984</value>
         <object_component_ref idref="oc-36"/>
      </symbol>
      <symbol id="sm-fd">
         <name>__aeabi_memset4</name>
         <value>0x80494984</value>
         <object_component_ref idref="oc-36"/>
      </symbol>
      <symbol id="sm-fe">
         <name>__aeabi_memclr8</name>
         <value>0x80494980</value>
         <object_component_ref idref="oc-36"/>
      </symbol>
      <symbol id="sm-ff">
         <name>__aeabi_memclr4</name>
         <value>0x80494980</value>
         <object_component_ref idref="oc-36"/>
      </symbol>
      <symbol id="sm-100">
         <name>__aeabi_memclr</name>
         <value>0x80494980</value>
         <object_component_ref idref="oc-36"/>
      </symbol>
      <symbol id="sm-10a">
         <name>__mpu_init</name>
         <value>0x80494dbc</value>
         <object_component_ref idref="oc-42"/>
      </symbol>
      <symbol id="sm-114">
         <name>_system_pre_init</name>
         <value>0x80494db4</value>
         <object_component_ref idref="oc-48"/>
      </symbol>
      <symbol id="sm-11c">
         <name>main_func_sp</name>
         <value>0x80494fcc</value>
         <object_component_ref idref="oc-60"/>
      </symbol>
      <symbol id="sm-12a">
         <name>strlen</name>
         <value>0x80494d64</value>
         <object_component_ref idref="oc-e3"/>
      </symbol>
      <symbol id="sm-144">
         <name>_nop</name>
         <value>0x80494d18</value>
         <object_component_ref idref="oc-be"/>
      </symbol>
      <symbol id="sm-145">
         <name>_lock</name>
         <value>0x80494fc4</value>
         <object_component_ref idref="oc-95"/>
      </symbol>
      <symbol id="sm-146">
         <name>_unlock</name>
         <value>0x80494fc8</value>
         <object_component_ref idref="oc-95"/>
      </symbol>
      <symbol id="sm-147">
         <name>_register_lock</name>
         <value>0x80494d0c</value>
         <object_component_ref idref="oc-be"/>
      </symbol>
      <symbol id="sm-148">
         <name>_register_unlock</name>
         <value>0x80494d00</value>
         <object_component_ref idref="oc-be"/>
      </symbol>
      <symbol id="sm-15c">
         <name>_args_main</name>
         <value>0x80494d44</value>
         <object_component_ref idref="oc-54"/>
      </symbol>
      <symbol id="sm-185">
         <name>__TI_auto_init</name>
         <value>0x80494a30</value>
         <object_component_ref idref="oc-4e"/>
      </symbol>
      <symbol id="sm-19f">
         <name>copy_in</name>
         <value>0x80494bf8</value>
         <object_component_ref idref="oc-7c"/>
      </symbol>
      <symbol id="sm-1a9">
         <name>_system_post_cinit</name>
         <value>0x80494dc0</value>
         <object_component_ref idref="oc-82"/>
      </symbol>
      <symbol id="sm-1aa">
         <name>__TI_static_base__</name>
         <value>0x80494fd0</value>
      </symbol>
      <symbol id="sm-1ad">
         <name>SHT$$INIT_ARRAY$$Limit</name>
         <value>0x0</value>
      </symbol>
      <symbol id="sm-1ae">
         <name>SHT$$INIT_ARRAY$$Base</name>
         <value>0x0</value>
      </symbol>
   </symbol_table>
   <title>Link successful</title>
</link_info>
