******************************************************************************
                  TI ARM Linker PC v16.9.2                     
******************************************************************************
>> Linked Fri Jun 23 09:49:34 2017

OUTPUT FILE NAME:   <ConsoleExecutable.out>
ENTRY POINT SYMBOL: "_c_int00"  address: 80494cd0


MEMORY CONFIGURATION

         name            origin    length      used     unused   attr    fill
----------------------  --------  ---------  --------  --------  ----  --------
  VRAM                  80494000   00100000  0000145c  000feba4  RWIX


SEGMENT ALLOCATION MAP

run origin  load origin   length   init length attrs members
----------  ----------- ---------- ----------- ----- -------
80494000    80494000    00000800   00000000    rw-
  80494000    80494000    00000800   00000000    rw- .stack
80494800    80494800    0000063c   0000063c    r-x
  80494800    80494800    0000063c   0000063c    r-x .text
80494e3c    80494e3c    00000620   00000620    rw-
  80494e3c    80494e3c    00000620   00000620    rw- .data


SECTION ALLOCATION MAP

 output                                  attributes/
section   page    origin      length       input sections
--------  ----  ----------  ----------   ----------------
.stack     0    80494000    00000800     UNINITIALIZED
                  80494000    00000800     --HOLE--

.text      0    80494800    0000063c     
                  80494800    00000180     rtsv7A8_A_le_eabi.lib : memcpy32.obj (.text)
                  80494980    0000012c     console.obj (.text)
                  80494aac    000000a8     rtsv7A8_A_le_eabi.lib : autoinit.obj (.text)
                  80494b54    00000090                           : exit.obj (.text)
                  80494be4    00000084                           : cpy_tbl.obj (.text)
                  80494c68    00000068                           : strtok.obj (.text)
                  80494cd0    00000058                           : boot.obj (.text)
                  80494d28    00000050                           : strspn.obj (.text)
                  80494d78    00000044                           : strcspn.obj (.text)
                  80494dbc    00000024                           : _lock.obj (.text)
                  80494de0    00000020                           : args_main.obj (.text)
                  80494e00    0000001c                           : strlen.obj (.text)
                  80494e1c    00000010     main.obj (.text)
                  80494e2c    00000008     rtsv7A8_A_le_eabi.lib : pre_init.obj (.text)
                  80494e34    00000004                           : mpu_init.obj (.text)
                  80494e38    00000004                           : startup.obj (.text)

.data      0    80494e3c    00000620     
                  80494e3c    00000604     console.obj (.data:$O1$$)
                  80495440    0000000c     rtsv7A8_A_le_eabi.lib : exit.obj (.data:$O1$$)
                  8049544c    00000008                           : _lock.obj (.data:$O1$$)
                  80495454    00000004                           : stkdepth_vars.obj (.data)
                  80495458    00000004                           : strtok.obj (.data)

MODULE SUMMARY

       Module              code   ro data   rw data
       ------              ----   -------   -------
    .\
       main.obj            16     0         0      
    +--+-------------------+------+---------+---------+
       Total:              16     0         0      
                                                   
    .\console\
       console.obj         300    0         1540   
    +--+-------------------+------+---------+---------+
       Total:              300    0         1540   
                                                   
    C:\ti\ccs710\ccsv7\tools\compiler\ti-cgt-arm_16.9.2.LTS\lib\rtsv7A8_A_le_eabi.lib
       memcpy32.obj        384    0         0      
       autoinit.obj        168    0         0      
       exit.obj            144    0         12     
       cpy_tbl.obj         132    0         0      
       strtok.obj          104    0         4      
       boot.obj            88     0         0      
       strspn.obj          80     0         0      
       strcspn.obj         68     0         0      
       _lock.obj           36     0         8      
       args_main.obj       32     0         0      
       strlen.obj          28     0         0      
       pre_init.obj        8      0         0      
       mpu_init.obj        4      0         0      
       startup.obj         4      0         0      
       stkdepth_vars.obj   0      0         4      
    +--+-------------------+------+---------+---------+
       Total:              1280   0         28     
                                                   
       Stack:              0      0         2048   
    +--+-------------------+------+---------+---------+
       Grand Total:        1596   0         3616   


GLOBAL SYMBOLS: SORTED ALPHABETICALLY BY Name 

address   name                           
-------   ----                           
80494b54  C$$EXIT                        
UNDEFED   SHT$$INIT_ARRAY$$Base          
UNDEFED   SHT$$INIT_ARRAY$$Limit         
80494800  __STACK_END                    
00000800  __STACK_SIZE                   
UNDEFED   __TI_CINIT_Base                
UNDEFED   __TI_CINIT_Limit               
UNDEFED   __TI_Handler_Table_Base        
UNDEFED   __TI_Handler_Table_Limit       
80494aac  __TI_auto_init                 
80495440  __TI_cleanup_ptr               
80495444  __TI_dtors_ptr                 
80495448  __TI_enable_exit_profile_output
ffffffff  __TI_pprof_out_hndl            
ffffffff  __TI_prof_data_size            
ffffffff  __TI_prof_data_start           
80494000  __TI_static_base__             
80494800  __aeabi_memcpy                 
80494800  __aeabi_memcpy4                
80494800  __aeabi_memcpy8                
ffffffff  __binit__                      
ffffffff  __c_args__                     
80494e34  __mpu_init                     
80494000  __stack                        
80494de0  _args_main                     
80494cd0  _c_int00                       
8049544c  _lock                          
80494dd4  _nop                           
80494dc8  _register_lock                 
80494dbc  _register_unlock               
80494e38  _system_post_cinit             
80494e2c  _system_pre_init               
80495450  _unlock                        
80494b5c  abort                          
ffffffff  binit                          
80494a08  console_run                    
80494be4  copy_in                        
80494b68  exit                           
80494980  intepretMessage                
80494e1c  main                           
80495454  main_func_sp                   
80494800  memcpy                         
80494d78  strcspn                        
80494e00  strlen                         
80494d28  strspn                         
80494c68  strtok                         


GLOBAL SYMBOLS: SORTED BY Symbol Address 

address   name                           
-------   ----                           
00000800  __STACK_SIZE                   
80494000  __TI_static_base__             
80494000  __stack                        
80494800  __STACK_END                    
80494800  __aeabi_memcpy                 
80494800  __aeabi_memcpy4                
80494800  __aeabi_memcpy8                
80494800  memcpy                         
80494980  intepretMessage                
80494a08  console_run                    
80494aac  __TI_auto_init                 
80494b54  C$$EXIT                        
80494b5c  abort                          
80494b68  exit                           
80494be4  copy_in                        
80494c68  strtok                         
80494cd0  _c_int00                       
80494d28  strspn                         
80494d78  strcspn                        
80494dbc  _register_unlock               
80494dc8  _register_lock                 
80494dd4  _nop                           
80494de0  _args_main                     
80494e00  strlen                         
80494e1c  main                           
80494e2c  _system_pre_init               
80494e34  __mpu_init                     
80494e38  _system_post_cinit             
80495440  __TI_cleanup_ptr               
80495444  __TI_dtors_ptr                 
80495448  __TI_enable_exit_profile_output
8049544c  _lock                          
80495450  _unlock                        
80495454  main_func_sp                   
ffffffff  __TI_pprof_out_hndl            
ffffffff  __TI_prof_data_size            
ffffffff  __TI_prof_data_start           
ffffffff  __binit__                      
ffffffff  __c_args__                     
ffffffff  binit                          
UNDEFED   SHT$$INIT_ARRAY$$Base          
UNDEFED   SHT$$INIT_ARRAY$$Limit         
UNDEFED   __TI_CINIT_Base                
UNDEFED   __TI_CINIT_Limit               
UNDEFED   __TI_Handler_Table_Base        
UNDEFED   __TI_Handler_Table_Limit       

[46 symbols]
