******************************************************************************
                  TI ARM Linker PC v16.9.2                     
******************************************************************************
>> Linked Fri Jun 23 12:07:06 2017

OUTPUT FILE NAME:   <IdleExe.out>
ENTRY POINT SYMBOL: "_c_int00"  address: 80494bf8


MEMORY CONFIGURATION

         name            origin    length      used     unused   attr    fill
----------------------  --------  ---------  --------  --------  ----  --------
  VRAM                  80494000   00100000  00000cc4  000ff33c  RWIX


SEGMENT ALLOCATION MAP

run origin  load origin   length   init length attrs members
----------  ----------- ---------- ----------- ----- -------
80494000    80494000    00000800   00000000    rw-
  80494000    80494000    00000800   00000000    rw- .stack
80494800    80494800    000004a4   000004a4    r-x
  80494800    80494800    000004a4   000004a4    r-x .text
80494ca4    80494ca4    00000020   00000020    rw-
  80494ca4    80494ca4    00000020   00000020    rw- .data


SECTION ALLOCATION MAP

 output                                  attributes/
section   page    origin      length       input sections
--------  ----  ----------  ----------   ----------------
.stack     0    80494000    00000800     UNINITIALIZED
                  80494000    00000800     --HOLE--

.text      0    80494800    000004a4     
                  80494800    00000180     rtsv7A8_A_le_eabi.lib : memcpy32.obj (.text)
                  80494980    000000bc     main.obj (.text)
                  80494a3c    000000a8     rtsv7A8_A_le_eabi.lib : autoinit.obj (.text)
                  80494ae4    00000090                           : exit.obj (.text)
                  80494b74    00000084                           : cpy_tbl.obj (.text)
                  80494bf8    00000058                           : boot.obj (.text)
                  80494c50    00000024                           : _lock.obj (.text)
                  80494c74    00000020                           : args_main.obj (.text)
                  80494c94    00000008                           : pre_init.obj (.text)
                  80494c9c    00000004                           : mpu_init.obj (.text)
                  80494ca0    00000004                           : startup.obj (.text)

.data      0    80494ca4    00000020     
                  80494ca4    0000000c     rtsv7A8_A_le_eabi.lib : exit.obj (.data:$O1$$)
                  80494cb0    00000008                           : _lock.obj (.data:$O1$$)
                  80494cb8    00000008     main.obj (.data)
                  80494cc0    00000004     rtsv7A8_A_le_eabi.lib : stkdepth_vars.obj (.data)

MODULE SUMMARY

       Module              code   ro data   rw data
       ------              ----   -------   -------
    .\
       main.obj            188    0         8      
    +--+-------------------+------+---------+---------+
       Total:              188    0         8      
                                                   
    C:\ti\ccsv7\tools\compiler\ti-cgt-arm_16.9.2.LTS\lib\rtsv7A8_A_le_eabi.lib
       memcpy32.obj        384    0         0      
       autoinit.obj        168    0         0      
       exit.obj            144    0         12     
       cpy_tbl.obj         132    0         0      
       boot.obj            88     0         0      
       _lock.obj           36     0         8      
       args_main.obj       32     0         0      
       pre_init.obj        8      0         0      
       mpu_init.obj        4      0         0      
       startup.obj         4      0         0      
       stkdepth_vars.obj   0      0         4      
    +--+-------------------+------+---------+---------+
       Total:              1000   0         24     
                                                   
       Stack:              0      0         2048   
    +--+-------------------+------+---------+---------+
       Grand Total:        1188   0         2080   


GLOBAL SYMBOLS: SORTED ALPHABETICALLY BY Name 

address   name                           
-------   ----                           
80494ae4  C$$EXIT                        
80494cb8  HIGH                           
80494cbc  LOW                            
UNDEFED   SHT$$INIT_ARRAY$$Base          
UNDEFED   SHT$$INIT_ARRAY$$Limit         
80494800  __STACK_END                    
00000800  __STACK_SIZE                   
UNDEFED   __TI_CINIT_Base                
UNDEFED   __TI_CINIT_Limit               
UNDEFED   __TI_Handler_Table_Base        
UNDEFED   __TI_Handler_Table_Limit       
80494a3c  __TI_auto_init                 
80494ca4  __TI_cleanup_ptr               
80494ca8  __TI_dtors_ptr                 
80494cac  __TI_enable_exit_profile_output
ffffffff  __TI_pprof_out_hndl            
ffffffff  __TI_prof_data_size            
ffffffff  __TI_prof_data_start           
80494000  __TI_static_base__             
80494800  __aeabi_memcpy                 
80494800  __aeabi_memcpy4                
80494800  __aeabi_memcpy8                
ffffffff  __binit__                      
ffffffff  __c_args__                     
80494c9c  __mpu_init                     
80494000  __stack                        
80494c74  _args_main                     
80494bf8  _c_int00                       
80494cb0  _lock                          
80494c68  _nop                           
80494c5c  _register_lock                 
80494c50  _register_unlock               
80494ca0  _system_post_cinit             
80494c94  _system_pre_init               
80494cb4  _unlock                        
80494aec  abort                          
ffffffff  binit                          
80494b74  copy_in                        
80494af8  exit                           
80494980  main                           
80494cc0  main_func_sp                   
80494800  memcpy                         


GLOBAL SYMBOLS: SORTED BY Symbol Address 

address   name                           
-------   ----                           
00000800  __STACK_SIZE                   
80494000  __TI_static_base__             
80494000  __stack                        
80494800  __STACK_END                    
80494800  __aeabi_memcpy                 
80494800  __aeabi_memcpy4                
80494800  __aeabi_memcpy8                
80494800  memcpy                         
80494980  main                           
80494a3c  __TI_auto_init                 
80494ae4  C$$EXIT                        
80494aec  abort                          
80494af8  exit                           
80494b74  copy_in                        
80494bf8  _c_int00                       
80494c50  _register_unlock               
80494c5c  _register_lock                 
80494c68  _nop                           
80494c74  _args_main                     
80494c94  _system_pre_init               
80494c9c  __mpu_init                     
80494ca0  _system_post_cinit             
80494ca4  __TI_cleanup_ptr               
80494ca8  __TI_dtors_ptr                 
80494cac  __TI_enable_exit_profile_output
80494cb0  _lock                          
80494cb4  _unlock                        
80494cb8  HIGH                           
80494cbc  LOW                            
80494cc0  main_func_sp                   
ffffffff  __TI_pprof_out_hndl            
ffffffff  __TI_prof_data_size            
ffffffff  __TI_prof_data_start           
ffffffff  __binit__                      
ffffffff  __c_args__                     
ffffffff  binit                          
UNDEFED   SHT$$INIT_ARRAY$$Base          
UNDEFED   SHT$$INIT_ARRAY$$Limit         
UNDEFED   __TI_CINIT_Base                
UNDEFED   __TI_CINIT_Limit               
UNDEFED   __TI_Handler_Table_Base        
UNDEFED   __TI_Handler_Table_Limit       

[42 symbols]
