******************************************************************************
                  TI ARM Linker PC v16.9.2                     
******************************************************************************
>> Linked Fri Jun 23 12:29:37 2017

OUTPUT FILE NAME:   <ConsoleExe.out>
ENTRY POINT SYMBOL: "_c_int00"  address: 80494cd4


MEMORY CONFIGURATION

         name            origin    length      used     unused   attr    fill
----------------------  --------  ---------  --------  --------  ----  --------
  VRAM                  80494000   00100000  00001451  000febaf  RWIX


SEGMENT ALLOCATION MAP

run origin  load origin   length   init length attrs members
----------  ----------- ---------- ----------- ----- -------
80494000    80494000    00000800   00000000    rw-
  80494000    80494000    00000800   00000000    rw- .stack
80494800    80494800    00000630   00000630    r-x
  80494800    80494800    00000630   00000630    r-x .text
80494e30    80494e30    00000621   000005ed    rw-
  80494e30    80494e30    000005ed   000005ed    rw- .data
  8049541d    8049541d    00000034   00000000    rw- .bss


SECTION ALLOCATION MAP

 output                                  attributes/
section   page    origin      length       input sections
--------  ----  ----------  ----------   ----------------
.stack     0    80494000    00000800     UNINITIALIZED
                  80494000    00000800     --HOLE--

.text      0    80494800    00000630     
                  80494800    00000180     rtsv7A8_A_le_eabi.lib : memcpy32.obj (.text)
                  80494980    00000130     console.obj (.text)
                  80494ab0    000000a8     rtsv7A8_A_le_eabi.lib : autoinit.obj (.text)
                  80494b58    00000090                           : exit.obj (.text)
                  80494be8    00000084                           : cpy_tbl.obj (.text)
                  80494c6c    00000068                           : strtok.obj (.text)
                  80494cd4    00000058                           : boot.obj (.text)
                  80494d2c    00000050                           : strspn.obj (.text)
                  80494d7c    00000044                           : strcspn.obj (.text)
                  80494dc0    00000024                           : _lock.obj (.text)
                  80494de4    00000020                           : args_main.obj (.text)
                  80494e04    0000001c                           : strlen.obj (.text)
                  80494e20    00000008                           : pre_init.obj (.text)
                  80494e28    00000004                           : mpu_init.obj (.text)
                  80494e2c    00000004                           : startup.obj (.text)

.data      0    80494e30    000005ed     
                  80494e30    000005d0     console.obj (.data:monkey)
                  80495400    0000000c     rtsv7A8_A_le_eabi.lib : exit.obj (.data:$O1$$)
                  8049540c    00000008                           : _lock.obj (.data:$O1$$)
                  80495414    00000004                           : stkdepth_vars.obj (.data)
                  80495418    00000004                           : strtok.obj (.data)
                  8049541c    00000001     console.obj (.data:writeSign)

.bss       0    8049541d    00000034     UNINITIALIZED
                  8049541d    00000034     console.obj (.bss:readBuff)

MODULE SUMMARY

       Module              code   ro data   rw data
       ------              ----   -------   -------
    .\console\
       console.obj         304    0         1541   
    +--+-------------------+------+---------+---------+
       Total:              304    0         1541   
                                                   
    C:\ti\ccsv7\tools\compiler\ti-cgt-arm_16.9.2.LTS\lib\rtsv7A8_A_le_eabi.lib
       memcpy32.obj        384    0         0      
       autoinit.obj        168    0         0      
       exit.obj            144    0         12     
       cpy_tbl.obj         132    0         0      
       strtok.obj          104    0         4      
       boot.obj            88     0         0      
       strspn.obj          80     0         0      
       strcspn.obj         68     0         0      
       _lock.obj           36     0         8      
       args_main.obj       32     0         0      
       strlen.obj          28     0         0      
       pre_init.obj        8      0         0      
       mpu_init.obj        4      0         0      
       startup.obj         4      0         0      
       stkdepth_vars.obj   0      0         4      
    +--+-------------------+------+---------+---------+
       Total:              1280   0         28     
                                                   
       Stack:              0      0         2048   
    +--+-------------------+------+---------+---------+
       Grand Total:        1584   0         3617   


GLOBAL SYMBOLS: SORTED ALPHABETICALLY BY Name 

address   name                           
-------   ----                           
80494b58  C$$EXIT                        
UNDEFED   SHT$$INIT_ARRAY$$Base          
UNDEFED   SHT$$INIT_ARRAY$$Limit         
80494800  __STACK_END                    
00000800  __STACK_SIZE                   
UNDEFED   __TI_CINIT_Base                
UNDEFED   __TI_CINIT_Limit               
UNDEFED   __TI_Handler_Table_Base        
UNDEFED   __TI_Handler_Table_Limit       
80494ab0  __TI_auto_init                 
80495400  __TI_cleanup_ptr               
80495404  __TI_dtors_ptr                 
80495408  __TI_enable_exit_profile_output
ffffffff  __TI_pprof_out_hndl            
ffffffff  __TI_prof_data_size            
ffffffff  __TI_prof_data_start           
80494000  __TI_static_base__             
80494800  __aeabi_memcpy                 
80494800  __aeabi_memcpy4                
80494800  __aeabi_memcpy8                
ffffffff  __binit__                      
ffffffff  __c_args__                     
80494e28  __mpu_init                     
80494000  __stack                        
80494de4  _args_main                     
80494cd4  _c_int00                       
8049540c  _lock                          
80494dd8  _nop                           
80494dcc  _register_lock                 
80494dc0  _register_unlock               
80494e2c  _system_post_cinit             
80494e20  _system_pre_init               
80495410  _unlock                        
80494b60  abort                          
ffffffff  binit                          
80494a08  console_run                    
80494be8  copy_in                        
80494b6c  exit                           
80494980  intepretMessage                
80494a08  main                           
80495414  main_func_sp                   
80494800  memcpy                         
80494d7c  strcspn                        
80494e04  strlen                         
80494d2c  strspn                         
80494c6c  strtok                         


GLOBAL SYMBOLS: SORTED BY Symbol Address 

address   name                           
-------   ----                           
00000800  __STACK_SIZE                   
80494000  __TI_static_base__             
80494000  __stack                        
80494800  __STACK_END                    
80494800  __aeabi_memcpy                 
80494800  __aeabi_memcpy4                
80494800  __aeabi_memcpy8                
80494800  memcpy                         
80494980  intepretMessage                
80494a08  console_run                    
80494a08  main                           
80494ab0  __TI_auto_init                 
80494b58  C$$EXIT                        
80494b60  abort                          
80494b6c  exit                           
80494be8  copy_in                        
80494c6c  strtok                         
80494cd4  _c_int00                       
80494d2c  strspn                         
80494d7c  strcspn                        
80494dc0  _register_unlock               
80494dcc  _register_lock                 
80494dd8  _nop                           
80494de4  _args_main                     
80494e04  strlen                         
80494e20  _system_pre_init               
80494e28  __mpu_init                     
80494e2c  _system_post_cinit             
80495400  __TI_cleanup_ptr               
80495404  __TI_dtors_ptr                 
80495408  __TI_enable_exit_profile_output
8049540c  _lock                          
80495410  _unlock                        
80495414  main_func_sp                   
ffffffff  __TI_pprof_out_hndl            
ffffffff  __TI_prof_data_size            
ffffffff  __TI_prof_data_start           
ffffffff  __binit__                      
ffffffff  __c_args__                     
ffffffff  binit                          
UNDEFED   SHT$$INIT_ARRAY$$Base          
UNDEFED   SHT$$INIT_ARRAY$$Limit         
UNDEFED   __TI_CINIT_Base                
UNDEFED   __TI_CINIT_Limit               
UNDEFED   __TI_Handler_Table_Base        
UNDEFED   __TI_Handler_Table_Limit       

[46 symbols]
