<?xml version="1.0"?>
<link_info>
   <banner>TI ARM Linker PC v16.9.2.LTS</banner>
   <copyright>Copyright (c) 1996-2017 Texas Instruments Incorporated</copyright>
   <link_time>0x594cc873</link_time>
   <link_errors>0x0</link_errors>
   <output_file>ConsoleExecutable.out</output_file>
   <entry_point>
      <name>_c_int00</name>
      <address>0x80494e14</address>
   </entry_point>
   <input_file_list>
      <input_file id="fl-2">
         <path>.\</path>
         <kind>object</kind>
         <file>main.obj</file>
         <name>main.obj</name>
      </input_file>
      <input_file id="fl-3">
         <path>.\console\</path>
         <kind>object</kind>
         <file>console.obj</file>
         <name>console.obj</name>
      </input_file>
      <input_file id="fl-4">
         <path>.\lib\</path>
         <kind>object</kind>
         <file>mos_std_lib.obj</file>
         <name>mos_std_lib.obj</name>
      </input_file>
      <input_file id="fl-8">
         <kind>object</kind>
         <file>&lt;internal&gt;</file>
         <name>&lt;internal&gt;</name>
      </input_file>
      <input_file id="fl-be">
         <path>C:\ti\ccs710\ccsv7\tools\compiler\ti-cgt-arm_16.9.2.LTS\lib\</path>
         <kind>archive</kind>
         <file>rtsv7A8_A_le_eabi.lib</file>
         <name>boot.obj</name>
      </input_file>
      <input_file id="fl-bf">
         <path>C:\ti\ccs710\ccsv7\tools\compiler\ti-cgt-arm_16.9.2.LTS\lib\</path>
         <kind>archive</kind>
         <file>rtsv7A8_A_le_eabi.lib</file>
         <name>copy_decompress_lzss.obj</name>
      </input_file>
      <input_file id="fl-c0">
         <path>C:\ti\ccs710\ccsv7\tools\compiler\ti-cgt-arm_16.9.2.LTS\lib\</path>
         <kind>archive</kind>
         <file>rtsv7A8_A_le_eabi.lib</file>
         <name>copy_decompress_none.obj</name>
      </input_file>
      <input_file id="fl-c1">
         <path>C:\ti\ccs710\ccsv7\tools\compiler\ti-cgt-arm_16.9.2.LTS\lib\</path>
         <kind>archive</kind>
         <file>rtsv7A8_A_le_eabi.lib</file>
         <name>copy_zero_init.obj</name>
      </input_file>
      <input_file id="fl-c2">
         <path>C:\ti\ccs710\ccsv7\tools\compiler\ti-cgt-arm_16.9.2.LTS\lib\</path>
         <kind>archive</kind>
         <file>rtsv7A8_A_le_eabi.lib</file>
         <name>exit.obj</name>
      </input_file>
      <input_file id="fl-c3">
         <path>C:\ti\ccs710\ccsv7\tools\compiler\ti-cgt-arm_16.9.2.LTS\lib\</path>
         <kind>archive</kind>
         <file>rtsv7A8_A_le_eabi.lib</file>
         <name>memcpy32.obj</name>
      </input_file>
      <input_file id="fl-c4">
         <path>C:\ti\ccs710\ccsv7\tools\compiler\ti-cgt-arm_16.9.2.LTS\lib\</path>
         <kind>archive</kind>
         <file>rtsv7A8_A_le_eabi.lib</file>
         <name>memset32.obj</name>
      </input_file>
      <input_file id="fl-c5">
         <path>C:\ti\ccs710\ccsv7\tools\compiler\ti-cgt-arm_16.9.2.LTS\lib\</path>
         <kind>archive</kind>
         <file>rtsv7A8_A_le_eabi.lib</file>
         <name>mpu_init.obj</name>
      </input_file>
      <input_file id="fl-c6">
         <path>C:\ti\ccs710\ccsv7\tools\compiler\ti-cgt-arm_16.9.2.LTS\lib\</path>
         <kind>archive</kind>
         <file>rtsv7A8_A_le_eabi.lib</file>
         <name>pre_init.obj</name>
      </input_file>
      <input_file id="fl-c7">
         <path>C:\ti\ccs710\ccsv7\tools\compiler\ti-cgt-arm_16.9.2.LTS\lib\</path>
         <kind>archive</kind>
         <file>rtsv7A8_A_le_eabi.lib</file>
         <name>stkdepth_vars.obj</name>
      </input_file>
      <input_file id="fl-c8">
         <path>C:\ti\ccs710\ccsv7\tools\compiler\ti-cgt-arm_16.9.2.LTS\lib\</path>
         <kind>archive</kind>
         <file>rtsv7A8_A_le_eabi.lib</file>
         <name>strlen.obj</name>
      </input_file>
      <input_file id="fl-c9">
         <path>C:\ti\ccs710\ccsv7\tools\compiler\ti-cgt-arm_16.9.2.LTS\lib\</path>
         <kind>archive</kind>
         <file>rtsv7A8_A_le_eabi.lib</file>
         <name>strtok.obj</name>
      </input_file>
      <input_file id="fl-ca">
         <path>C:\ti\ccs710\ccsv7\tools\compiler\ti-cgt-arm_16.9.2.LTS\lib\</path>
         <kind>archive</kind>
         <file>rtsv7A8_A_le_eabi.lib</file>
         <name>_lock.obj</name>
      </input_file>
      <input_file id="fl-cb">
         <path>C:\ti\ccs710\ccsv7\tools\compiler\ti-cgt-arm_16.9.2.LTS\lib\</path>
         <kind>archive</kind>
         <file>rtsv7A8_A_le_eabi.lib</file>
         <name>args_main.obj</name>
      </input_file>
      <input_file id="fl-cc">
         <path>C:\ti\ccs710\ccsv7\tools\compiler\ti-cgt-arm_16.9.2.LTS\lib\</path>
         <kind>archive</kind>
         <file>rtsv7A8_A_le_eabi.lib</file>
         <name>autoinit.obj</name>
      </input_file>
      <input_file id="fl-cd">
         <path>C:\ti\ccs710\ccsv7\tools\compiler\ti-cgt-arm_16.9.2.LTS\lib\</path>
         <kind>archive</kind>
         <file>rtsv7A8_A_le_eabi.lib</file>
         <name>cpy_tbl.obj</name>
      </input_file>
      <input_file id="fl-ce">
         <path>C:\ti\ccs710\ccsv7\tools\compiler\ti-cgt-arm_16.9.2.LTS\lib\</path>
         <kind>archive</kind>
         <file>rtsv7A8_A_le_eabi.lib</file>
         <name>startup.obj</name>
      </input_file>
      <input_file id="fl-cf">
         <path>C:\ti\ccs710\ccsv7\tools\compiler\ti-cgt-arm_16.9.2.LTS\lib\</path>
         <kind>archive</kind>
         <file>rtsv7A8_A_le_eabi.lib</file>
         <name>strcspn.obj</name>
      </input_file>
      <input_file id="fl-d0">
         <path>C:\ti\ccs710\ccsv7\tools\compiler\ti-cgt-arm_16.9.2.LTS\lib\</path>
         <kind>archive</kind>
         <file>rtsv7A8_A_le_eabi.lib</file>
         <name>strspn.obj</name>
      </input_file>
   </input_file_list>
   <object_component_list>
      <object_component id="oc-2a">
         <name>.text</name>
         <load_address>0x80494800</load_address>
         <run_address>0x80494800</run_address>
         <size>0x180</size>
         <input_file_ref idref="fl-c3"/>
      </object_component>
      <object_component id="oc-ae">
         <name>.text</name>
         <load_address>0x80494980</load_address>
         <run_address>0x80494980</run_address>
         <size>0x130</size>
         <input_file_ref idref="fl-3"/>
      </object_component>
      <object_component id="oc-36">
         <name>.text</name>
         <load_address>0x80494ab0</load_address>
         <run_address>0x80494ab0</run_address>
         <size>0xb0</size>
         <input_file_ref idref="fl-c4"/>
      </object_component>
      <object_component id="oc-4e">
         <name>.text</name>
         <load_address>0x80494b60</load_address>
         <run_address>0x80494b60</run_address>
         <size>0xa8</size>
         <input_file_ref idref="fl-cc"/>
      </object_component>
      <object_component id="oc-7">
         <name>.text:decompress:lzss</name>
         <load_address>0x80494c08</load_address>
         <run_address>0x80494c08</run_address>
         <size>0x90</size>
         <input_file_ref idref="fl-bf"/>
      </object_component>
      <object_component id="oc-5a">
         <name>.text</name>
         <load_address>0x80494c98</load_address>
         <run_address>0x80494c98</run_address>
         <size>0x90</size>
         <input_file_ref idref="fl-c2"/>
      </object_component>
      <object_component id="oc-7c">
         <name>.text</name>
         <load_address>0x80494d28</load_address>
         <run_address>0x80494d28</run_address>
         <size>0x84</size>
         <input_file_ref idref="fl-cd"/>
      </object_component>
      <object_component id="oc-d6">
         <name>.text</name>
         <load_address>0x80494dac</load_address>
         <run_address>0x80494dac</run_address>
         <size>0x68</size>
         <input_file_ref idref="fl-c9"/>
      </object_component>
      <object_component id="oc-19">
         <name>.text</name>
         <load_address>0x80494e14</load_address>
         <run_address>0x80494e14</run_address>
         <size>0x58</size>
         <input_file_ref idref="fl-be"/>
      </object_component>
      <object_component id="oc-f0">
         <name>.text</name>
         <load_address>0x80494e6c</load_address>
         <run_address>0x80494e6c</run_address>
         <size>0x50</size>
         <input_file_ref idref="fl-d0"/>
      </object_component>
      <object_component id="oc-f6">
         <name>.text</name>
         <load_address>0x80494ebc</load_address>
         <run_address>0x80494ebc</run_address>
         <size>0x44</size>
         <input_file_ref idref="fl-cf"/>
      </object_component>
      <object_component id="oc-be">
         <name>.text</name>
         <load_address>0x80494f00</load_address>
         <run_address>0x80494f00</run_address>
         <size>0x24</size>
         <input_file_ref idref="fl-ca"/>
      </object_component>
      <object_component id="oc-54">
         <name>.text</name>
         <load_address>0x80494f24</load_address>
         <run_address>0x80494f24</run_address>
         <size>0x20</size>
         <input_file_ref idref="fl-cb"/>
      </object_component>
      <object_component id="oc-dc">
         <name>.text</name>
         <load_address>0x80494f44</load_address>
         <run_address>0x80494f44</run_address>
         <size>0x1c</size>
         <input_file_ref idref="fl-c8"/>
      </object_component>
      <object_component id="oc-d">
         <name>.text:decompress:none</name>
         <load_address>0x80494f60</load_address>
         <run_address>0x80494f60</run_address>
         <size>0x14</size>
         <input_file_ref idref="fl-c0"/>
      </object_component>
      <object_component id="oc-13">
         <name>.text:decompress:ZI</name>
         <load_address>0x80494f74</load_address>
         <run_address>0x80494f74</run_address>
         <size>0x10</size>
         <input_file_ref idref="fl-c1"/>
      </object_component>
      <object_component id="oc-8a">
         <name>.text</name>
         <load_address>0x80494f84</load_address>
         <run_address>0x80494f84</run_address>
         <size>0x10</size>
         <input_file_ref idref="fl-2"/>
      </object_component>
      <object_component id="oc-48">
         <name>.text</name>
         <load_address>0x80494f94</load_address>
         <run_address>0x80494f94</run_address>
         <size>0x8</size>
         <input_file_ref idref="fl-c6"/>
      </object_component>
      <object_component id="oc-42">
         <name>.text</name>
         <load_address>0x80494f9c</load_address>
         <run_address>0x80494f9c</run_address>
         <size>0x4</size>
         <input_file_ref idref="fl-c5"/>
      </object_component>
      <object_component id="oc-82">
         <name>.text</name>
         <load_address>0x80494fa0</load_address>
         <run_address>0x80494fa0</run_address>
         <size>0x4</size>
         <input_file_ref idref="fl-ce"/>
      </object_component>
      <object_component id="oc-e5">
         <name>.data:monkey</name>
         <load_address>0x80494fa4</load_address>
         <run_address>0x80494fa4</run_address>
         <size>0x5d0</size>
         <input_file_ref idref="fl-3"/>
      </object_component>
      <object_component id="oc-e2">
         <name>.data:writeSign</name>
         <load_address>0x80495590</load_address>
         <run_address>0x80495590</run_address>
         <size>0x1</size>
         <input_file_ref idref="fl-3"/>
      </object_component>
      <object_component id="oc-92">
         <name>.data:$O1$$</name>
         <load_address>0x80495574</load_address>
         <run_address>0x80495574</run_address>
         <size>0xc</size>
         <input_file_ref idref="fl-c2"/>
      </object_component>
      <object_component id="oc-60">
         <name>.data</name>
         <load_address>0x80495588</load_address>
         <run_address>0x80495588</run_address>
         <size>0x4</size>
         <input_file_ref idref="fl-c7"/>
      </object_component>
      <object_component id="oc-fc">
         <name>.data</name>
         <load_address>0x8049558c</load_address>
         <run_address>0x8049558c</run_address>
         <size>0x4</size>
         <input_file_ref idref="fl-c9"/>
      </object_component>
      <object_component id="oc-95">
         <name>.data:$O1$$</name>
         <load_address>0x80495580</load_address>
         <run_address>0x80495580</run_address>
         <size>0x8</size>
         <input_file_ref idref="fl-ca"/>
      </object_component>
      <object_component id="oc-e8">
         <name>.bss:readBuff</name>
         <uninitialized>true</uninitialized>
         <run_address>0x80495591</run_address>
         <size>0x34</size>
         <input_file_ref idref="fl-3"/>
      </object_component>
      <object_component id="oc-1e">
         <name>.stack</name>
         <uninitialized>true</uninitialized>
         <run_address>0x80494000</run_address>
         <size>0x0</size>
         <input_file_ref idref="fl-be"/>
      </object_component>
      <object_component id="oc-13b">
         <name>.stack</name>
         <uninitialized>true</uninitialized>
         <run_address>0x80494000</run_address>
         <size>0x0</size>
      </object_component>
      <object_component id="oc-8b">
         <name>.debug_info</name>
         <load_address>0x0</load_address>
         <run_address>0x0</run_address>
         <size>0x10a</size>
         <input_file_ref idref="fl-2"/>
      </object_component>
      <object_component id="oc-25">
         <name>.debug_info</name>
         <load_address>0x10a</load_address>
         <run_address>0x10a</run_address>
         <size>0x84</size>
         <input_file_ref idref="fl-2"/>
      </object_component>
      <object_component id="oc-ec">
         <name>.debug_info</name>
         <load_address>0x18e</load_address>
         <run_address>0x18e</run_address>
         <size>0x2d8</size>
         <input_file_ref idref="fl-3"/>
      </object_component>
      <object_component id="oc-e9">
         <name>.debug_info</name>
         <load_address>0x466</load_address>
         <run_address>0x466</run_address>
         <size>0xdc</size>
         <input_file_ref idref="fl-3"/>
      </object_component>
      <object_component id="oc-e6">
         <name>.debug_info</name>
         <load_address>0x542</load_address>
         <run_address>0x542</run_address>
         <size>0xd8</size>
         <input_file_ref idref="fl-3"/>
      </object_component>
      <object_component id="oc-e3">
         <name>.debug_info</name>
         <load_address>0x61a</load_address>
         <run_address>0x61a</run_address>
         <size>0xde</size>
         <input_file_ref idref="fl-3"/>
      </object_component>
      <object_component id="oc-b0">
         <name>.debug_info</name>
         <load_address>0x6f8</load_address>
         <run_address>0x6f8</run_address>
         <size>0x326</size>
         <input_file_ref idref="fl-3"/>
      </object_component>
      <object_component id="oc-10b">
         <name>.debug_info</name>
         <load_address>0xa1e</load_address>
         <run_address>0xa1e</run_address>
         <size>0xc8</size>
         <input_file_ref idref="fl-3"/>
      </object_component>
      <object_component id="oc-73">
         <name>.debug_info</name>
         <load_address>0xae6</load_address>
         <run_address>0xae6</run_address>
         <size>0x2c</size>
         <input_file_ref idref="fl-4"/>
      </object_component>
      <object_component id="oc-1b">
         <name>.debug_info</name>
         <load_address>0xb12</load_address>
         <run_address>0xb12</run_address>
         <size>0x137</size>
         <input_file_ref idref="fl-be"/>
      </object_component>
      <object_component id="oc-69">
         <name>.debug_info</name>
         <load_address>0xc49</load_address>
         <run_address>0xc49</run_address>
         <size>0xd0</size>
         <input_file_ref idref="fl-bf"/>
      </object_component>
      <object_component id="oc-8">
         <name>.debug_info</name>
         <load_address>0xd19</load_address>
         <run_address>0xd19</run_address>
         <size>0x21c</size>
         <input_file_ref idref="fl-bf"/>
      </object_component>
      <object_component id="oc-20">
         <name>.debug_info</name>
         <load_address>0xf35</load_address>
         <run_address>0xf35</run_address>
         <size>0x60</size>
         <input_file_ref idref="fl-bf"/>
      </object_component>
      <object_component id="oc-64">
         <name>.debug_info</name>
         <load_address>0xf95</load_address>
         <run_address>0xf95</run_address>
         <size>0x46</size>
         <input_file_ref idref="fl-bf"/>
      </object_component>
      <object_component id="oc-35">
         <name>.debug_info</name>
         <load_address>0xfdb</load_address>
         <run_address>0xfdb</run_address>
         <size>0x117</size>
         <input_file_ref idref="fl-c0"/>
      </object_component>
      <object_component id="oc-f">
         <name>.debug_info</name>
         <load_address>0x10f2</load_address>
         <run_address>0x10f2</run_address>
         <size>0x1b6</size>
         <input_file_ref idref="fl-c0"/>
      </object_component>
      <object_component id="oc-30">
         <name>.debug_info</name>
         <load_address>0x12a8</load_address>
         <run_address>0x12a8</run_address>
         <size>0x46</size>
         <input_file_ref idref="fl-c0"/>
      </object_component>
      <object_component id="oc-6b">
         <name>.debug_info</name>
         <load_address>0x12ee</load_address>
         <run_address>0x12ee</run_address>
         <size>0x2c</size>
         <input_file_ref idref="fl-c0"/>
      </object_component>
      <object_component id="oc-41">
         <name>.debug_info</name>
         <load_address>0x131a</load_address>
         <run_address>0x131a</run_address>
         <size>0x106</size>
         <input_file_ref idref="fl-c1"/>
      </object_component>
      <object_component id="oc-15">
         <name>.debug_info</name>
         <load_address>0x1420</load_address>
         <run_address>0x1420</run_address>
         <size>0x181</size>
         <input_file_ref idref="fl-c1"/>
      </object_component>
      <object_component id="oc-3c">
         <name>.debug_info</name>
         <load_address>0x15a1</load_address>
         <run_address>0x15a1</run_address>
         <size>0x46</size>
         <input_file_ref idref="fl-c1"/>
      </object_component>
      <object_component id="oc-99">
         <name>.debug_info</name>
         <load_address>0x15e7</load_address>
         <run_address>0x15e7</run_address>
         <size>0x20b</size>
         <input_file_ref idref="fl-c2"/>
      </object_component>
      <object_component id="oc-93">
         <name>.debug_info</name>
         <load_address>0x17f2</load_address>
         <run_address>0x17f2</run_address>
         <size>0x15c</size>
         <input_file_ref idref="fl-c2"/>
      </object_component>
      <object_component id="oc-5b">
         <name>.debug_info</name>
         <load_address>0x194e</load_address>
         <run_address>0x194e</run_address>
         <size>0x1eb</size>
         <input_file_ref idref="fl-c2"/>
      </object_component>
      <object_component id="oc-2d">
         <name>.debug_info</name>
         <load_address>0x1b39</load_address>
         <run_address>0x1b39</run_address>
         <size>0x153</size>
         <input_file_ref idref="fl-c3"/>
      </object_component>
      <object_component id="oc-38">
         <name>.debug_info</name>
         <load_address>0x1c8c</load_address>
         <run_address>0x1c8c</run_address>
         <size>0x11b</size>
         <input_file_ref idref="fl-c4"/>
      </object_component>
      <object_component id="oc-46">
         <name>.debug_info</name>
         <load_address>0x1da7</load_address>
         <run_address>0x1da7</run_address>
         <size>0x10f</size>
         <input_file_ref idref="fl-c5"/>
      </object_component>
      <object_component id="oc-4b">
         <name>.debug_info</name>
         <load_address>0x1eb6</load_address>
         <run_address>0x1eb6</run_address>
         <size>0x11f</size>
         <input_file_ref idref="fl-c6"/>
      </object_component>
      <object_component id="oc-61">
         <name>.debug_info</name>
         <load_address>0x1fd5</load_address>
         <run_address>0x1fd5</run_address>
         <size>0xe0</size>
         <input_file_ref idref="fl-c7"/>
      </object_component>
      <object_component id="oc-102">
         <name>.debug_info</name>
         <load_address>0x20b5</load_address>
         <run_address>0x20b5</run_address>
         <size>0xc1</size>
         <input_file_ref idref="fl-c8"/>
      </object_component>
      <object_component id="oc-e0">
         <name>.debug_info</name>
         <load_address>0x2176</load_address>
         <run_address>0x2176</run_address>
         <size>0x1b3</size>
         <input_file_ref idref="fl-c8"/>
      </object_component>
      <object_component id="oc-100">
         <name>.debug_info</name>
         <load_address>0x2329</load_address>
         <run_address>0x2329</run_address>
         <size>0x11c</size>
         <input_file_ref idref="fl-c9"/>
      </object_component>
      <object_component id="oc-fd">
         <name>.debug_info</name>
         <load_address>0x2445</load_address>
         <run_address>0x2445</run_address>
         <size>0xd1</size>
         <input_file_ref idref="fl-c9"/>
      </object_component>
      <object_component id="oc-d7">
         <name>.debug_info</name>
         <load_address>0x2516</load_address>
         <run_address>0x2516</run_address>
         <size>0x177</size>
         <input_file_ref idref="fl-c9"/>
      </object_component>
      <object_component id="oc-c6">
         <name>.debug_info</name>
         <load_address>0x268d</load_address>
         <run_address>0x268d</run_address>
         <size>0xfb</size>
         <input_file_ref idref="fl-ca"/>
      </object_component>
      <object_component id="oc-96">
         <name>.debug_info</name>
         <load_address>0x2788</load_address>
         <run_address>0x2788</run_address>
         <size>0xea</size>
         <input_file_ref idref="fl-ca"/>
      </object_component>
      <object_component id="oc-bf">
         <name>.debug_info</name>
         <load_address>0x2872</load_address>
         <run_address>0x2872</run_address>
         <size>0x1f6</size>
         <input_file_ref idref="fl-ca"/>
      </object_component>
      <object_component id="oc-91">
         <name>.debug_info</name>
         <load_address>0x2a68</load_address>
         <run_address>0x2a68</run_address>
         <size>0x13d</size>
         <input_file_ref idref="fl-cb"/>
      </object_component>
      <object_component id="oc-56">
         <name>.debug_info</name>
         <load_address>0x2ba5</load_address>
         <run_address>0x2ba5</run_address>
         <size>0x13e</size>
         <input_file_ref idref="fl-cb"/>
      </object_component>
      <object_component id="oc-b7">
         <name>.debug_info</name>
         <load_address>0x2ce3</load_address>
         <run_address>0x2ce3</run_address>
         <size>0x5e</size>
         <input_file_ref idref="fl-cb"/>
      </object_component>
      <object_component id="oc-89">
         <name>.debug_info</name>
         <load_address>0x2d41</load_address>
         <run_address>0x2d41</run_address>
         <size>0x2c0</size>
         <input_file_ref idref="fl-cc"/>
      </object_component>
      <object_component id="oc-51">
         <name>.debug_info</name>
         <load_address>0x3001</load_address>
         <run_address>0x3001</run_address>
         <size>0x167</size>
         <input_file_ref idref="fl-cc"/>
      </object_component>
      <object_component id="oc-a4">
         <name>.debug_info</name>
         <load_address>0x3168</load_address>
         <run_address>0x3168</run_address>
         <size>0x39</size>
         <input_file_ref idref="fl-cc"/>
      </object_component>
      <object_component id="oc-d1">
         <name>.debug_info</name>
         <load_address>0x31a1</load_address>
         <run_address>0x31a1</run_address>
         <size>0x39</size>
         <input_file_ref idref="fl-cc"/>
      </object_component>
      <object_component id="oc-a9">
         <name>.debug_info</name>
         <load_address>0x31da</load_address>
         <run_address>0x31da</run_address>
         <size>0xcd</size>
         <input_file_ref idref="fl-cc"/>
      </object_component>
      <object_component id="oc-a0">
         <name>.debug_info</name>
         <load_address>0x32a7</load_address>
         <run_address>0x32a7</run_address>
         <size>0x1b7</size>
         <input_file_ref idref="fl-cd"/>
      </object_component>
      <object_component id="oc-80">
         <name>.debug_info</name>
         <load_address>0x345e</load_address>
         <run_address>0x345e</run_address>
         <size>0x15a</size>
         <input_file_ref idref="fl-cd"/>
      </object_component>
      <object_component id="oc-cc">
         <name>.debug_info</name>
         <load_address>0x35b8</load_address>
         <run_address>0x35b8</run_address>
         <size>0x2c</size>
         <input_file_ref idref="fl-cd"/>
      </object_component>
      <object_component id="oc-86">
         <name>.debug_info</name>
         <load_address>0x35e4</load_address>
         <run_address>0x35e4</run_address>
         <size>0x11c</size>
         <input_file_ref idref="fl-ce"/>
      </object_component>
      <object_component id="oc-113">
         <name>.debug_info</name>
         <load_address>0x3700</load_address>
         <run_address>0x3700</run_address>
         <size>0xc2</size>
         <input_file_ref idref="fl-cf"/>
      </object_component>
      <object_component id="oc-f8">
         <name>.debug_info</name>
         <load_address>0x37c2</load_address>
         <run_address>0x37c2</run_address>
         <size>0x164</size>
         <input_file_ref idref="fl-cf"/>
      </object_component>
      <object_component id="oc-111">
         <name>.debug_info</name>
         <load_address>0x3926</load_address>
         <run_address>0x3926</run_address>
         <size>0xc7</size>
         <input_file_ref idref="fl-d0"/>
      </object_component>
      <object_component id="oc-f3">
         <name>.debug_info</name>
         <load_address>0x39ed</load_address>
         <run_address>0x39ed</run_address>
         <size>0x18f</size>
         <input_file_ref idref="fl-d0"/>
      </object_component>
      <object_component id="oc-13c">
         <name>.debug_info</name>
         <load_address>0x3b7c</load_address>
         <run_address>0x3b7c</run_address>
         <size>0xa4</size>
      </object_component>
      <object_component id="oc-8e">
         <name>.debug_line</name>
         <load_address>0x0</load_address>
         <run_address>0x0</run_address>
         <size>0x42</size>
         <input_file_ref idref="fl-2"/>
      </object_component>
      <object_component id="oc-28">
         <name>.debug_line</name>
         <load_address>0x42</load_address>
         <run_address>0x42</run_address>
         <size>0x20</size>
         <input_file_ref idref="fl-2"/>
      </object_component>
      <object_component id="oc-10a">
         <name>.debug_line</name>
         <load_address>0x62</load_address>
         <run_address>0x62</run_address>
         <size>0x8f</size>
         <input_file_ref idref="fl-3"/>
      </object_component>
      <object_component id="oc-108">
         <name>.debug_line</name>
         <load_address>0xf1</load_address>
         <run_address>0xf1</run_address>
         <size>0x38</size>
         <input_file_ref idref="fl-3"/>
      </object_component>
      <object_component id="oc-106">
         <name>.debug_line</name>
         <load_address>0x129</load_address>
         <run_address>0x129</run_address>
         <size>0x38</size>
         <input_file_ref idref="fl-3"/>
      </object_component>
      <object_component id="oc-104">
         <name>.debug_line</name>
         <load_address>0x161</load_address>
         <run_address>0x161</run_address>
         <size>0x38</size>
         <input_file_ref idref="fl-3"/>
      </object_component>
      <object_component id="oc-b3">
         <name>.debug_line</name>
         <load_address>0x199</load_address>
         <run_address>0x199</run_address>
         <size>0xa0</size>
         <input_file_ref idref="fl-3"/>
      </object_component>
      <object_component id="oc-10e">
         <name>.debug_line</name>
         <load_address>0x239</load_address>
         <run_address>0x239</run_address>
         <size>0x6b</size>
         <input_file_ref idref="fl-3"/>
      </object_component>
      <object_component id="oc-76">
         <name>.debug_line</name>
         <load_address>0x2a4</load_address>
         <run_address>0x2a4</run_address>
         <size>0x6c</size>
         <input_file_ref idref="fl-4"/>
      </object_component>
      <object_component id="oc-1d">
         <name>.debug_line</name>
         <load_address>0x310</load_address>
         <run_address>0x310</run_address>
         <size>0x4c</size>
         <input_file_ref idref="fl-be"/>
      </object_component>
      <object_component id="oc-9e">
         <name>.debug_line</name>
         <load_address>0x35c</load_address>
         <run_address>0x35c</run_address>
         <size>0x20</size>
         <input_file_ref idref="fl-bf"/>
      </object_component>
      <object_component id="oc-c">
         <name>.debug_line</name>
         <load_address>0x37c</load_address>
         <run_address>0x37c</run_address>
         <size>0xa1</size>
         <input_file_ref idref="fl-bf"/>
      </object_component>
      <object_component id="oc-23">
         <name>.debug_line</name>
         <load_address>0x41d</load_address>
         <run_address>0x41d</run_address>
         <size>0x3a</size>
         <input_file_ref idref="fl-bf"/>
      </object_component>
      <object_component id="oc-67">
         <name>.debug_line</name>
         <load_address>0x457</load_address>
         <run_address>0x457</run_address>
         <size>0x63</size>
         <input_file_ref idref="fl-bf"/>
      </object_component>
      <object_component id="oc-71">
         <name>.debug_line</name>
         <load_address>0x4ba</load_address>
         <run_address>0x4ba</run_address>
         <size>0x63</size>
         <input_file_ref idref="fl-c0"/>
      </object_component>
      <object_component id="oc-e">
         <name>.debug_line</name>
         <load_address>0x51d</load_address>
         <run_address>0x51d</run_address>
         <size>0x52</size>
         <input_file_ref idref="fl-c0"/>
      </object_component>
      <object_component id="oc-33">
         <name>.debug_line</name>
         <load_address>0x56f</load_address>
         <run_address>0x56f</run_address>
         <size>0x3a</size>
         <input_file_ref idref="fl-c0"/>
      </object_component>
      <object_component id="oc-6e">
         <name>.debug_line</name>
         <load_address>0x5a9</load_address>
         <run_address>0x5a9</run_address>
         <size>0x63</size>
         <input_file_ref idref="fl-c0"/>
      </object_component>
      <object_component id="oc-79">
         <name>.debug_line</name>
         <load_address>0x60c</load_address>
         <run_address>0x60c</run_address>
         <size>0x63</size>
         <input_file_ref idref="fl-c1"/>
      </object_component>
      <object_component id="oc-18">
         <name>.debug_line</name>
         <load_address>0x66f</load_address>
         <run_address>0x66f</run_address>
         <size>0x4f</size>
         <input_file_ref idref="fl-c1"/>
      </object_component>
      <object_component id="oc-3f">
         <name>.debug_line</name>
         <load_address>0x6be</load_address>
         <run_address>0x6be</run_address>
         <size>0x34</size>
         <input_file_ref idref="fl-c1"/>
      </object_component>
      <object_component id="oc-c9">
         <name>.debug_line</name>
         <load_address>0x6f2</load_address>
         <run_address>0x6f2</run_address>
         <size>0xa4</size>
         <input_file_ref idref="fl-c2"/>
      </object_component>
      <object_component id="oc-bd">
         <name>.debug_line</name>
         <load_address>0x796</load_address>
         <run_address>0x796</run_address>
         <size>0x2a</size>
         <input_file_ref idref="fl-c2"/>
      </object_component>
      <object_component id="oc-5e">
         <name>.debug_line</name>
         <load_address>0x7c0</load_address>
         <run_address>0x7c0</run_address>
         <size>0x80</size>
         <input_file_ref idref="fl-c2"/>
      </object_component>
      <object_component id="oc-2c">
         <name>.debug_line</name>
         <load_address>0x840</load_address>
         <run_address>0x840</run_address>
         <size>0x9a</size>
         <input_file_ref idref="fl-c3"/>
      </object_component>
      <object_component id="oc-3a">
         <name>.debug_line</name>
         <load_address>0x8da</load_address>
         <run_address>0x8da</run_address>
         <size>0x73</size>
         <input_file_ref idref="fl-c4"/>
      </object_component>
      <object_component id="oc-43">
         <name>.debug_line</name>
         <load_address>0x94d</load_address>
         <run_address>0x94d</run_address>
         <size>0x3d</size>
         <input_file_ref idref="fl-c5"/>
      </object_component>
      <object_component id="oc-49">
         <name>.debug_line</name>
         <load_address>0x98a</load_address>
         <run_address>0x98a</run_address>
         <size>0x40</size>
         <input_file_ref idref="fl-c6"/>
      </object_component>
      <object_component id="oc-9c">
         <name>.debug_line</name>
         <load_address>0x9ca</load_address>
         <run_address>0x9ca</run_address>
         <size>0x33</size>
         <input_file_ref idref="fl-c7"/>
      </object_component>
      <object_component id="oc-119">
         <name>.debug_line</name>
         <load_address>0x9fd</load_address>
         <run_address>0x9fd</run_address>
         <size>0x20</size>
         <input_file_ref idref="fl-c8"/>
      </object_component>
      <object_component id="oc-dd">
         <name>.debug_line</name>
         <load_address>0xa1d</load_address>
         <run_address>0xa1d</run_address>
         <size>0x82</size>
         <input_file_ref idref="fl-c8"/>
      </object_component>
      <object_component id="oc-117">
         <name>.debug_line</name>
         <load_address>0xa9f</load_address>
         <run_address>0xa9f</run_address>
         <size>0x63</size>
         <input_file_ref idref="fl-c9"/>
      </object_component>
      <object_component id="oc-115">
         <name>.debug_line</name>
         <load_address>0xb02</load_address>
         <run_address>0xb02</run_address>
         <size>0x2c</size>
         <input_file_ref idref="fl-c9"/>
      </object_component>
      <object_component id="oc-da">
         <name>.debug_line</name>
         <load_address>0xb2e</load_address>
         <run_address>0xb2e</run_address>
         <size>0x58</size>
         <input_file_ref idref="fl-c9"/>
      </object_component>
      <object_component id="oc-ef">
         <name>.debug_line</name>
         <load_address>0xb86</load_address>
         <run_address>0xb86</run_address>
         <size>0x20</size>
         <input_file_ref idref="fl-ca"/>
      </object_component>
      <object_component id="oc-c5">
         <name>.debug_line</name>
         <load_address>0xba6</load_address>
         <run_address>0xba6</run_address>
         <size>0x2b</size>
         <input_file_ref idref="fl-ca"/>
      </object_component>
      <object_component id="oc-c3">
         <name>.debug_line</name>
         <load_address>0xbd1</load_address>
         <run_address>0xbd1</run_address>
         <size>0x64</size>
         <input_file_ref idref="fl-ca"/>
      </object_component>
      <object_component id="oc-b6">
         <name>.debug_line</name>
         <load_address>0xc35</load_address>
         <run_address>0xc35</run_address>
         <size>0x2b</size>
         <input_file_ref idref="fl-cb"/>
      </object_component>
      <object_component id="oc-55">
         <name>.debug_line</name>
         <load_address>0xc60</load_address>
         <run_address>0xc60</run_address>
         <size>0x50</size>
         <input_file_ref idref="fl-cb"/>
      </object_component>
      <object_component id="oc-ba">
         <name>.debug_line</name>
         <load_address>0xcb0</load_address>
         <run_address>0xcb0</run_address>
         <size>0x2b</size>
         <input_file_ref idref="fl-cb"/>
      </object_component>
      <object_component id="oc-a3">
         <name>.debug_line</name>
         <load_address>0xcdb</load_address>
         <run_address>0xcdb</run_address>
         <size>0x82</size>
         <input_file_ref idref="fl-cc"/>
      </object_component>
      <object_component id="oc-53">
         <name>.debug_line</name>
         <load_address>0xd5d</load_address>
         <run_address>0xd5d</run_address>
         <size>0x89</size>
         <input_file_ref idref="fl-cc"/>
      </object_component>
      <object_component id="oc-a7">
         <name>.debug_line</name>
         <load_address>0xde6</load_address>
         <run_address>0xde6</run_address>
         <size>0x2e</size>
         <input_file_ref idref="fl-cc"/>
      </object_component>
      <object_component id="oc-d4">
         <name>.debug_line</name>
         <load_address>0xe14</load_address>
         <run_address>0xe14</run_address>
         <size>0x63</size>
         <input_file_ref idref="fl-cc"/>
      </object_component>
      <object_component id="oc-ac">
         <name>.debug_line</name>
         <load_address>0xe77</load_address>
         <run_address>0xe77</run_address>
         <size>0x64</size>
         <input_file_ref idref="fl-cc"/>
      </object_component>
      <object_component id="oc-cb">
         <name>.debug_line</name>
         <load_address>0xedb</load_address>
         <run_address>0xedb</run_address>
         <size>0x71</size>
         <input_file_ref idref="fl-cd"/>
      </object_component>
      <object_component id="oc-7d">
         <name>.debug_line</name>
         <load_address>0xf4c</load_address>
         <run_address>0xf4c</run_address>
         <size>0x70</size>
         <input_file_ref idref="fl-cd"/>
      </object_component>
      <object_component id="oc-cf">
         <name>.debug_line</name>
         <load_address>0xfbc</load_address>
         <run_address>0xfbc</run_address>
         <size>0x2e</size>
         <input_file_ref idref="fl-cd"/>
      </object_component>
      <object_component id="oc-84">
         <name>.debug_line</name>
         <load_address>0xfea</load_address>
         <run_address>0xfea</run_address>
         <size>0x3c</size>
         <input_file_ref idref="fl-ce"/>
      </object_component>
      <object_component id="oc-11d">
         <name>.debug_line</name>
         <load_address>0x1026</load_address>
         <run_address>0x1026</run_address>
         <size>0x20</size>
         <input_file_ref idref="fl-cf"/>
      </object_component>
      <object_component id="oc-f7">
         <name>.debug_line</name>
         <load_address>0x1046</load_address>
         <run_address>0x1046</run_address>
         <size>0x5a</size>
         <input_file_ref idref="fl-cf"/>
      </object_component>
      <object_component id="oc-11b">
         <name>.debug_line</name>
         <load_address>0x10a0</load_address>
         <run_address>0x10a0</run_address>
         <size>0x20</size>
         <input_file_ref idref="fl-d0"/>
      </object_component>
      <object_component id="oc-f1">
         <name>.debug_line</name>
         <load_address>0x10c0</load_address>
         <run_address>0x10c0</run_address>
         <size>0x5a</size>
         <input_file_ref idref="fl-d0"/>
      </object_component>
      <object_component id="oc-8f">
         <name>.debug_frame</name>
         <load_address>0x0</load_address>
         <run_address>0x0</run_address>
         <size>0x38</size>
         <input_file_ref idref="fl-2"/>
      </object_component>
      <object_component id="oc-af">
         <name>.debug_frame</name>
         <load_address>0x38</load_address>
         <run_address>0x38</run_address>
         <size>0x5c</size>
         <input_file_ref idref="fl-3"/>
      </object_component>
      <object_component id="oc-b">
         <name>.debug_frame</name>
         <load_address>0x94</load_address>
         <run_address>0x94</run_address>
         <size>0x3c</size>
         <input_file_ref idref="fl-bf"/>
      </object_component>
      <object_component id="oc-12">
         <name>.debug_frame</name>
         <load_address>0xd0</load_address>
         <run_address>0xd0</run_address>
         <size>0x31</size>
         <input_file_ref idref="fl-c0"/>
      </object_component>
      <object_component id="oc-14">
         <name>.debug_frame</name>
         <load_address>0x101</load_address>
         <run_address>0x101</run_address>
         <size>0x31</size>
         <input_file_ref idref="fl-c1"/>
      </object_component>
      <object_component id="oc-5f">
         <name>.debug_frame</name>
         <load_address>0x132</load_address>
         <run_address>0x132</run_address>
         <size>0x65</size>
         <input_file_ref idref="fl-c2"/>
      </object_component>
      <object_component id="oc-45">
         <name>.debug_frame</name>
         <load_address>0x197</load_address>
         <run_address>0x197</run_address>
         <size>0x31</size>
         <input_file_ref idref="fl-c5"/>
      </object_component>
      <object_component id="oc-4a">
         <name>.debug_frame</name>
         <load_address>0x1c8</load_address>
         <run_address>0x1c8</run_address>
         <size>0x31</size>
         <input_file_ref idref="fl-c6"/>
      </object_component>
      <object_component id="oc-de">
         <name>.debug_frame</name>
         <load_address>0x1f9</load_address>
         <run_address>0x1f9</run_address>
         <size>0x31</size>
         <input_file_ref idref="fl-c8"/>
      </object_component>
      <object_component id="oc-db">
         <name>.debug_frame</name>
         <load_address>0x22a</load_address>
         <run_address>0x22a</run_address>
         <size>0x40</size>
         <input_file_ref idref="fl-c9"/>
      </object_component>
      <object_component id="oc-c2">
         <name>.debug_frame</name>
         <load_address>0x26a</load_address>
         <run_address>0x26a</run_address>
         <size>0x53</size>
         <input_file_ref idref="fl-ca"/>
      </object_component>
      <object_component id="oc-59">
         <name>.debug_frame</name>
         <load_address>0x2bd</load_address>
         <run_address>0x2bd</run_address>
         <size>0x31</size>
         <input_file_ref idref="fl-cb"/>
      </object_component>
      <object_component id="oc-50">
         <name>.debug_frame</name>
         <load_address>0x2ee</load_address>
         <run_address>0x2ee</run_address>
         <size>0x40</size>
         <input_file_ref idref="fl-cc"/>
      </object_component>
      <object_component id="oc-7e">
         <name>.debug_frame</name>
         <load_address>0x32e</load_address>
         <run_address>0x32e</run_address>
         <size>0x40</size>
         <input_file_ref idref="fl-cd"/>
      </object_component>
      <object_component id="oc-83">
         <name>.debug_frame</name>
         <load_address>0x36e</load_address>
         <run_address>0x36e</run_address>
         <size>0x31</size>
         <input_file_ref idref="fl-ce"/>
      </object_component>
      <object_component id="oc-fb">
         <name>.debug_frame</name>
         <load_address>0x39f</load_address>
         <run_address>0x39f</run_address>
         <size>0x38</size>
         <input_file_ref idref="fl-cf"/>
      </object_component>
      <object_component id="oc-f2">
         <name>.debug_frame</name>
         <load_address>0x3d7</load_address>
         <run_address>0x3d7</run_address>
         <size>0x38</size>
         <input_file_ref idref="fl-d0"/>
      </object_component>
      <object_component id="oc-b4">
         <name>.debug_abbrev</name>
         <load_address>0x0</load_address>
         <run_address>0x0</run_address>
         <size>0x60</size>
         <input_file_ref idref="fl-2"/>
      </object_component>
      <object_component id="oc-27">
         <name>.debug_abbrev</name>
         <load_address>0x60</load_address>
         <run_address>0x60</run_address>
         <size>0x1f</size>
         <input_file_ref idref="fl-2"/>
      </object_component>
      <object_component id="oc-109">
         <name>.debug_abbrev</name>
         <load_address>0x7f</load_address>
         <run_address>0x7f</run_address>
         <size>0xf6</size>
         <input_file_ref idref="fl-3"/>
      </object_component>
      <object_component id="oc-107">
         <name>.debug_abbrev</name>
         <load_address>0x175</load_address>
         <run_address>0x175</run_address>
         <size>0x27</size>
         <input_file_ref idref="fl-3"/>
      </object_component>
      <object_component id="oc-105">
         <name>.debug_abbrev</name>
         <load_address>0x19c</load_address>
         <run_address>0x19c</run_address>
         <size>0x27</size>
         <input_file_ref idref="fl-3"/>
      </object_component>
      <object_component id="oc-103">
         <name>.debug_abbrev</name>
         <load_address>0x1c3</load_address>
         <run_address>0x1c3</run_address>
         <size>0x27</size>
         <input_file_ref idref="fl-3"/>
      </object_component>
      <object_component id="oc-eb">
         <name>.debug_abbrev</name>
         <load_address>0x1ea</load_address>
         <run_address>0x1ea</run_address>
         <size>0x7a</size>
         <input_file_ref idref="fl-3"/>
      </object_component>
      <object_component id="oc-10d">
         <name>.debug_abbrev</name>
         <load_address>0x264</load_address>
         <run_address>0x264</run_address>
         <size>0x5a</size>
         <input_file_ref idref="fl-3"/>
      </object_component>
      <object_component id="oc-75">
         <name>.debug_abbrev</name>
         <load_address>0x2be</load_address>
         <run_address>0x2be</run_address>
         <size>0x24</size>
         <input_file_ref idref="fl-4"/>
      </object_component>
      <object_component id="oc-63">
         <name>.debug_abbrev</name>
         <load_address>0x2e2</load_address>
         <run_address>0x2e2</run_address>
         <size>0x3e</size>
         <input_file_ref idref="fl-be"/>
      </object_component>
      <object_component id="oc-9d">
         <name>.debug_abbrev</name>
         <load_address>0x320</load_address>
         <run_address>0x320</run_address>
         <size>0x2c</size>
         <input_file_ref idref="fl-bf"/>
      </object_component>
      <object_component id="oc-1f">
         <name>.debug_abbrev</name>
         <load_address>0x34c</load_address>
         <run_address>0x34c</run_address>
         <size>0x6f</size>
         <input_file_ref idref="fl-bf"/>
      </object_component>
      <object_component id="oc-22">
         <name>.debug_abbrev</name>
         <load_address>0x3bb</load_address>
         <run_address>0x3bb</run_address>
         <size>0x24</size>
         <input_file_ref idref="fl-bf"/>
      </object_component>
      <object_component id="oc-66">
         <name>.debug_abbrev</name>
         <load_address>0x3df</load_address>
         <run_address>0x3df</run_address>
         <size>0x35</size>
         <input_file_ref idref="fl-bf"/>
      </object_component>
      <object_component id="oc-70">
         <name>.debug_abbrev</name>
         <load_address>0x414</load_address>
         <run_address>0x414</run_address>
         <size>0x52</size>
         <input_file_ref idref="fl-c0"/>
      </object_component>
      <object_component id="oc-2f">
         <name>.debug_abbrev</name>
         <load_address>0x466</load_address>
         <run_address>0x466</run_address>
         <size>0x74</size>
         <input_file_ref idref="fl-c0"/>
      </object_component>
      <object_component id="oc-32">
         <name>.debug_abbrev</name>
         <load_address>0x4da</load_address>
         <run_address>0x4da</run_address>
         <size>0x24</size>
         <input_file_ref idref="fl-c0"/>
      </object_component>
      <object_component id="oc-6d">
         <name>.debug_abbrev</name>
         <load_address>0x4fe</load_address>
         <run_address>0x4fe</run_address>
         <size>0x24</size>
         <input_file_ref idref="fl-c0"/>
      </object_component>
      <object_component id="oc-78">
         <name>.debug_abbrev</name>
         <load_address>0x522</load_address>
         <run_address>0x522</run_address>
         <size>0x52</size>
         <input_file_ref idref="fl-c1"/>
      </object_component>
      <object_component id="oc-3b">
         <name>.debug_abbrev</name>
         <load_address>0x574</load_address>
         <run_address>0x574</run_address>
         <size>0x74</size>
         <input_file_ref idref="fl-c1"/>
      </object_component>
      <object_component id="oc-3e">
         <name>.debug_abbrev</name>
         <load_address>0x5e8</load_address>
         <run_address>0x5e8</run_address>
         <size>0x24</size>
         <input_file_ref idref="fl-c1"/>
      </object_component>
      <object_component id="oc-c8">
         <name>.debug_abbrev</name>
         <load_address>0x60c</load_address>
         <run_address>0x60c</run_address>
         <size>0xa8</size>
         <input_file_ref idref="fl-c2"/>
      </object_component>
      <object_component id="oc-bc">
         <name>.debug_abbrev</name>
         <load_address>0x6b4</load_address>
         <run_address>0x6b4</run_address>
         <size>0x29</size>
         <input_file_ref idref="fl-c2"/>
      </object_component>
      <object_component id="oc-98">
         <name>.debug_abbrev</name>
         <load_address>0x6dd</load_address>
         <run_address>0x6dd</run_address>
         <size>0xba</size>
         <input_file_ref idref="fl-c2"/>
      </object_component>
      <object_component id="oc-6a">
         <name>.debug_abbrev</name>
         <load_address>0x797</load_address>
         <run_address>0x797</run_address>
         <size>0x4c</size>
         <input_file_ref idref="fl-c3"/>
      </object_component>
      <object_component id="oc-72">
         <name>.debug_abbrev</name>
         <load_address>0x7e3</load_address>
         <run_address>0x7e3</run_address>
         <size>0x51</size>
         <input_file_ref idref="fl-c4"/>
      </object_component>
      <object_component id="oc-7a">
         <name>.debug_abbrev</name>
         <load_address>0x834</load_address>
         <run_address>0x834</run_address>
         <size>0x53</size>
         <input_file_ref idref="fl-c5"/>
      </object_component>
      <object_component id="oc-7b">
         <name>.debug_abbrev</name>
         <load_address>0x887</load_address>
         <run_address>0x887</run_address>
         <size>0x55</size>
         <input_file_ref idref="fl-c6"/>
      </object_component>
      <object_component id="oc-9b">
         <name>.debug_abbrev</name>
         <load_address>0x8dc</load_address>
         <run_address>0x8dc</run_address>
         <size>0x27</size>
         <input_file_ref idref="fl-c7"/>
      </object_component>
      <object_component id="oc-118">
         <name>.debug_abbrev</name>
         <load_address>0x903</load_address>
         <run_address>0x903</run_address>
         <size>0x2a</size>
         <input_file_ref idref="fl-c8"/>
      </object_component>
      <object_component id="oc-101">
         <name>.debug_abbrev</name>
         <load_address>0x92d</load_address>
         <run_address>0x92d</run_address>
         <size>0x71</size>
         <input_file_ref idref="fl-c8"/>
      </object_component>
      <object_component id="oc-116">
         <name>.debug_abbrev</name>
         <load_address>0x99e</load_address>
         <run_address>0x99e</run_address>
         <size>0x52</size>
         <input_file_ref idref="fl-c9"/>
      </object_component>
      <object_component id="oc-114">
         <name>.debug_abbrev</name>
         <load_address>0x9f0</load_address>
         <run_address>0x9f0</run_address>
         <size>0x27</size>
         <input_file_ref idref="fl-c9"/>
      </object_component>
      <object_component id="oc-ff">
         <name>.debug_abbrev</name>
         <load_address>0xa17</load_address>
         <run_address>0xa17</run_address>
         <size>0x7f</size>
         <input_file_ref idref="fl-c9"/>
      </object_component>
      <object_component id="oc-ee">
         <name>.debug_abbrev</name>
         <load_address>0xa96</load_address>
         <run_address>0xa96</run_address>
         <size>0x45</size>
         <input_file_ref idref="fl-ca"/>
      </object_component>
      <object_component id="oc-c4">
         <name>.debug_abbrev</name>
         <load_address>0xadb</load_address>
         <run_address>0xadb</run_address>
         <size>0x29</size>
         <input_file_ref idref="fl-ca"/>
      </object_component>
      <object_component id="oc-ed">
         <name>.debug_abbrev</name>
         <load_address>0xb04</load_address>
         <run_address>0xb04</run_address>
         <size>0x6f</size>
         <input_file_ref idref="fl-ca"/>
      </object_component>
      <object_component id="oc-b5">
         <name>.debug_abbrev</name>
         <load_address>0xb73</load_address>
         <run_address>0xb73</run_address>
         <size>0x8e</size>
         <input_file_ref idref="fl-cb"/>
      </object_component>
      <object_component id="oc-90">
         <name>.debug_abbrev</name>
         <load_address>0xc01</load_address>
         <run_address>0xc01</run_address>
         <size>0x68</size>
         <input_file_ref idref="fl-cb"/>
      </object_component>
      <object_component id="oc-b9">
         <name>.debug_abbrev</name>
         <load_address>0xc69</load_address>
         <run_address>0xc69</run_address>
         <size>0x49</size>
         <input_file_ref idref="fl-cb"/>
      </object_component>
      <object_component id="oc-a2">
         <name>.debug_abbrev</name>
         <load_address>0xcb2</load_address>
         <run_address>0xcb2</run_address>
         <size>0xae</size>
         <input_file_ref idref="fl-cc"/>
      </object_component>
      <object_component id="oc-88">
         <name>.debug_abbrev</name>
         <load_address>0xd60</load_address>
         <run_address>0xd60</run_address>
         <size>0x7e</size>
         <input_file_ref idref="fl-cc"/>
      </object_component>
      <object_component id="oc-a6">
         <name>.debug_abbrev</name>
         <load_address>0xdde</load_address>
         <run_address>0xdde</run_address>
         <size>0x24</size>
         <input_file_ref idref="fl-cc"/>
      </object_component>
      <object_component id="oc-d3">
         <name>.debug_abbrev</name>
         <load_address>0xe02</load_address>
         <run_address>0xe02</run_address>
         <size>0x24</size>
         <input_file_ref idref="fl-cc"/>
      </object_component>
      <object_component id="oc-ab">
         <name>.debug_abbrev</name>
         <load_address>0xe26</load_address>
         <run_address>0xe26</run_address>
         <size>0x4b</size>
         <input_file_ref idref="fl-cc"/>
      </object_component>
      <object_component id="oc-ca">
         <name>.debug_abbrev</name>
         <load_address>0xe71</load_address>
         <run_address>0xe71</run_address>
         <size>0x9c</size>
         <input_file_ref idref="fl-cd"/>
      </object_component>
      <object_component id="oc-9f">
         <name>.debug_abbrev</name>
         <load_address>0xf0d</load_address>
         <run_address>0xf0d</run_address>
         <size>0x8c</size>
         <input_file_ref idref="fl-cd"/>
      </object_component>
      <object_component id="oc-ce">
         <name>.debug_abbrev</name>
         <load_address>0xf99</load_address>
         <run_address>0xf99</run_address>
         <size>0x24</size>
         <input_file_ref idref="fl-cd"/>
      </object_component>
      <object_component id="oc-a1">
         <name>.debug_abbrev</name>
         <load_address>0xfbd</load_address>
         <run_address>0xfbd</run_address>
         <size>0x53</size>
         <input_file_ref idref="fl-ce"/>
      </object_component>
      <object_component id="oc-11c">
         <name>.debug_abbrev</name>
         <load_address>0x1010</load_address>
         <run_address>0x1010</run_address>
         <size>0x2a</size>
         <input_file_ref idref="fl-cf"/>
      </object_component>
      <object_component id="oc-112">
         <name>.debug_abbrev</name>
         <load_address>0x103a</load_address>
         <run_address>0x103a</run_address>
         <size>0x71</size>
         <input_file_ref idref="fl-cf"/>
      </object_component>
      <object_component id="oc-11a">
         <name>.debug_abbrev</name>
         <load_address>0x10ab</load_address>
         <run_address>0x10ab</run_address>
         <size>0x33</size>
         <input_file_ref idref="fl-d0"/>
      </object_component>
      <object_component id="oc-110">
         <name>.debug_abbrev</name>
         <load_address>0x10de</load_address>
         <run_address>0x10de</run_address>
         <size>0x71</size>
         <input_file_ref idref="fl-d0"/>
      </object_component>
      <object_component id="oc-13d">
         <name>.debug_abbrev</name>
         <load_address>0x114f</load_address>
         <run_address>0x114f</run_address>
         <size>0xf</size>
      </object_component>
      <object_component id="oc-29">
         <name>.debug_str</name>
         <load_address>0x0</load_address>
         <run_address>0x0</run_address>
         <size>0xfa</size>
         <input_file_ref idref="fl-2"/>
      </object_component>
      <object_component id="oc-10f">
         <name>.debug_str</name>
         <load_address>0xfa</load_address>
         <run_address>0xfa</run_address>
         <size>0x112</size>
         <input_file_ref idref="fl-3"/>
      </object_component>
      <object_component id="oc-77">
         <name>.debug_str</name>
         <load_address>0x20c</load_address>
         <run_address>0x20c</run_address>
         <size>0xe5</size>
         <input_file_ref idref="fl-4"/>
      </object_component>
      <object_component id="oc-24">
         <name>.debug_str</name>
         <load_address>0x2f1</load_address>
         <run_address>0x2f1</run_address>
         <size>0xe4</size>
         <input_file_ref idref="fl-bf"/>
      </object_component>
      <object_component id="oc-68">
         <name>.debug_str</name>
         <load_address>0x3d5</load_address>
         <run_address>0x3d5</run_address>
         <size>0xfa</size>
         <input_file_ref idref="fl-bf"/>
      </object_component>
      <object_component id="oc-34">
         <name>.debug_str</name>
         <load_address>0x4cf</load_address>
         <run_address>0x4cf</run_address>
         <size>0xd7</size>
         <input_file_ref idref="fl-c0"/>
      </object_component>
      <object_component id="oc-6f">
         <name>.debug_str</name>
         <load_address>0x5a6</load_address>
         <run_address>0x5a6</run_address>
         <size>0xdd</size>
         <input_file_ref idref="fl-c0"/>
      </object_component>
      <object_component id="oc-40">
         <name>.debug_str</name>
         <load_address>0x683</load_address>
         <run_address>0x683</run_address>
         <size>0xd1</size>
         <input_file_ref idref="fl-c1"/>
      </object_component>
      <object_component id="oc-bb">
         <name>.debug_str</name>
         <load_address>0x754</load_address>
         <run_address>0x754</run_address>
         <size>0xad</size>
         <input_file_ref idref="fl-cb"/>
      </object_component>
      <object_component id="oc-a8">
         <name>.debug_str</name>
         <load_address>0x801</load_address>
         <run_address>0x801</run_address>
         <size>0xb9</size>
         <input_file_ref idref="fl-cc"/>
      </object_component>
      <object_component id="oc-d5">
         <name>.debug_str</name>
         <load_address>0x8ba</load_address>
         <run_address>0x8ba</run_address>
         <size>0xe8</size>
         <input_file_ref idref="fl-cc"/>
      </object_component>
      <object_component id="oc-ad">
         <name>.debug_str</name>
         <load_address>0x9a2</load_address>
         <run_address>0x9a2</run_address>
         <size>0x134</size>
         <input_file_ref idref="fl-cc"/>
      </object_component>
      <object_component id="oc-d0">
         <name>.debug_str</name>
         <load_address>0xad6</load_address>
         <run_address>0xad6</run_address>
         <size>0xae</size>
         <input_file_ref idref="fl-cd"/>
      </object_component>
      <object_component id="oc-8c">
         <name>.debug_aranges</name>
         <load_address>0x0</load_address>
         <run_address>0x0</run_address>
         <size>0x20</size>
         <input_file_ref idref="fl-2"/>
      </object_component>
      <object_component id="oc-b2">
         <name>.debug_aranges</name>
         <load_address>0x20</load_address>
         <run_address>0x20</run_address>
         <size>0x28</size>
         <input_file_ref idref="fl-3"/>
      </object_component>
      <object_component id="oc-1a">
         <name>.debug_aranges</name>
         <load_address>0x48</load_address>
         <run_address>0x48</run_address>
         <size>0x20</size>
         <input_file_ref idref="fl-be"/>
      </object_component>
      <object_component id="oc-a">
         <name>.debug_aranges</name>
         <load_address>0x68</load_address>
         <run_address>0x68</run_address>
         <size>0x20</size>
         <input_file_ref idref="fl-bf"/>
      </object_component>
      <object_component id="oc-10">
         <name>.debug_aranges</name>
         <load_address>0x88</load_address>
         <run_address>0x88</run_address>
         <size>0x20</size>
         <input_file_ref idref="fl-c0"/>
      </object_component>
      <object_component id="oc-16">
         <name>.debug_aranges</name>
         <load_address>0xa8</load_address>
         <run_address>0xa8</run_address>
         <size>0x20</size>
         <input_file_ref idref="fl-c1"/>
      </object_component>
      <object_component id="oc-5d">
         <name>.debug_aranges</name>
         <load_address>0xc8</load_address>
         <run_address>0xc8</run_address>
         <size>0x30</size>
         <input_file_ref idref="fl-c2"/>
      </object_component>
      <object_component id="oc-2b">
         <name>.debug_aranges</name>
         <load_address>0xf8</load_address>
         <run_address>0xf8</run_address>
         <size>0x20</size>
         <input_file_ref idref="fl-c3"/>
      </object_component>
      <object_component id="oc-37">
         <name>.debug_aranges</name>
         <load_address>0x118</load_address>
         <run_address>0x118</run_address>
         <size>0x28</size>
         <input_file_ref idref="fl-c4"/>
      </object_component>
      <object_component id="oc-44">
         <name>.debug_aranges</name>
         <load_address>0x140</load_address>
         <run_address>0x140</run_address>
         <size>0x20</size>
         <input_file_ref idref="fl-c5"/>
      </object_component>
      <object_component id="oc-4d">
         <name>.debug_aranges</name>
         <load_address>0x160</load_address>
         <run_address>0x160</run_address>
         <size>0x20</size>
         <input_file_ref idref="fl-c6"/>
      </object_component>
      <object_component id="oc-df">
         <name>.debug_aranges</name>
         <load_address>0x180</load_address>
         <run_address>0x180</run_address>
         <size>0x20</size>
         <input_file_ref idref="fl-c8"/>
      </object_component>
      <object_component id="oc-d9">
         <name>.debug_aranges</name>
         <load_address>0x1a0</load_address>
         <run_address>0x1a0</run_address>
         <size>0x20</size>
         <input_file_ref idref="fl-c9"/>
      </object_component>
      <object_component id="oc-c1">
         <name>.debug_aranges</name>
         <load_address>0x1c0</load_address>
         <run_address>0x1c0</run_address>
         <size>0x30</size>
         <input_file_ref idref="fl-ca"/>
      </object_component>
      <object_component id="oc-57">
         <name>.debug_aranges</name>
         <load_address>0x1f0</load_address>
         <run_address>0x1f0</run_address>
         <size>0x20</size>
         <input_file_ref idref="fl-cb"/>
      </object_component>
      <object_component id="oc-4f">
         <name>.debug_aranges</name>
         <load_address>0x210</load_address>
         <run_address>0x210</run_address>
         <size>0x20</size>
         <input_file_ref idref="fl-cc"/>
      </object_component>
      <object_component id="oc-7f">
         <name>.debug_aranges</name>
         <load_address>0x230</load_address>
         <run_address>0x230</run_address>
         <size>0x20</size>
         <input_file_ref idref="fl-cd"/>
      </object_component>
      <object_component id="oc-85">
         <name>.debug_aranges</name>
         <load_address>0x250</load_address>
         <run_address>0x250</run_address>
         <size>0x20</size>
         <input_file_ref idref="fl-ce"/>
      </object_component>
      <object_component id="oc-fa">
         <name>.debug_aranges</name>
         <load_address>0x270</load_address>
         <run_address>0x270</run_address>
         <size>0x20</size>
         <input_file_ref idref="fl-cf"/>
      </object_component>
      <object_component id="oc-f4">
         <name>.debug_aranges</name>
         <load_address>0x290</load_address>
         <run_address>0x290</run_address>
         <size>0x20</size>
         <input_file_ref idref="fl-d0"/>
      </object_component>
      <object_component id="oc-8d">
         <name>.debug_pubnames</name>
         <load_address>0x0</load_address>
         <run_address>0x0</run_address>
         <size>0x1b</size>
         <input_file_ref idref="fl-2"/>
      </object_component>
      <object_component id="oc-ea">
         <name>.debug_pubnames</name>
         <load_address>0x1b</load_address>
         <run_address>0x1b</run_address>
         <size>0x1f</size>
         <input_file_ref idref="fl-3"/>
      </object_component>
      <object_component id="oc-e7">
         <name>.debug_pubnames</name>
         <load_address>0x3a</load_address>
         <run_address>0x3a</run_address>
         <size>0x1d</size>
         <input_file_ref idref="fl-3"/>
      </object_component>
      <object_component id="oc-e4">
         <name>.debug_pubnames</name>
         <load_address>0x57</load_address>
         <run_address>0x57</run_address>
         <size>0x20</size>
         <input_file_ref idref="fl-3"/>
      </object_component>
      <object_component id="oc-b1">
         <name>.debug_pubnames</name>
         <load_address>0x77</load_address>
         <run_address>0x77</run_address>
         <size>0x36</size>
         <input_file_ref idref="fl-3"/>
      </object_component>
      <object_component id="oc-1c">
         <name>.debug_pubnames</name>
         <load_address>0xad</load_address>
         <run_address>0xad</run_address>
         <size>0x1f</size>
         <input_file_ref idref="fl-be"/>
      </object_component>
      <object_component id="oc-9">
         <name>.debug_pubnames</name>
         <load_address>0xcc</load_address>
         <run_address>0xcc</run_address>
         <size>0x2b</size>
         <input_file_ref idref="fl-bf"/>
      </object_component>
      <object_component id="oc-11">
         <name>.debug_pubnames</name>
         <load_address>0xf7</load_address>
         <run_address>0xf7</run_address>
         <size>0x2b</size>
         <input_file_ref idref="fl-c0"/>
      </object_component>
      <object_component id="oc-17">
         <name>.debug_pubnames</name>
         <load_address>0x122</load_address>
         <run_address>0x122</run_address>
         <size>0x25</size>
         <input_file_ref idref="fl-c1"/>
      </object_component>
      <object_component id="oc-94">
         <name>.debug_pubnames</name>
         <load_address>0x147</load_address>
         <run_address>0x147</run_address>
         <size>0x5e</size>
         <input_file_ref idref="fl-c2"/>
      </object_component>
      <object_component id="oc-5c">
         <name>.debug_pubnames</name>
         <load_address>0x1a5</load_address>
         <run_address>0x1a5</run_address>
         <size>0x35</size>
         <input_file_ref idref="fl-c2"/>
      </object_component>
      <object_component id="oc-2e">
         <name>.debug_pubnames</name>
         <load_address>0x1da</load_address>
         <run_address>0x1da</run_address>
         <size>0x1d</size>
         <input_file_ref idref="fl-c3"/>
      </object_component>
      <object_component id="oc-39">
         <name>.debug_pubnames</name>
         <load_address>0x1f7</load_address>
         <run_address>0x1f7</run_address>
         <size>0x37</size>
         <input_file_ref idref="fl-c4"/>
      </object_component>
      <object_component id="oc-47">
         <name>.debug_pubnames</name>
         <load_address>0x22e</load_address>
         <run_address>0x22e</run_address>
         <size>0x21</size>
         <input_file_ref idref="fl-c5"/>
      </object_component>
      <object_component id="oc-4c">
         <name>.debug_pubnames</name>
         <load_address>0x24f</load_address>
         <run_address>0x24f</run_address>
         <size>0x27</size>
         <input_file_ref idref="fl-c6"/>
      </object_component>
      <object_component id="oc-62">
         <name>.debug_pubnames</name>
         <load_address>0x276</load_address>
         <run_address>0x276</run_address>
         <size>0x23</size>
         <input_file_ref idref="fl-c7"/>
      </object_component>
      <object_component id="oc-e1">
         <name>.debug_pubnames</name>
         <load_address>0x299</load_address>
         <run_address>0x299</run_address>
         <size>0x1d</size>
         <input_file_ref idref="fl-c8"/>
      </object_component>
      <object_component id="oc-fe">
         <name>.debug_pubnames</name>
         <load_address>0x2b6</load_address>
         <run_address>0x2b6</run_address>
         <size>0x1f</size>
         <input_file_ref idref="fl-c9"/>
      </object_component>
      <object_component id="oc-d8">
         <name>.debug_pubnames</name>
         <load_address>0x2d5</load_address>
         <run_address>0x2d5</run_address>
         <size>0x1d</size>
         <input_file_ref idref="fl-c9"/>
      </object_component>
      <object_component id="oc-97">
         <name>.debug_pubnames</name>
         <load_address>0x2f2</load_address>
         <run_address>0x2f2</run_address>
         <size>0x28</size>
         <input_file_ref idref="fl-ca"/>
      </object_component>
      <object_component id="oc-c0">
         <name>.debug_pubnames</name>
         <load_address>0x31a</load_address>
         <run_address>0x31a</run_address>
         <size>0x43</size>
         <input_file_ref idref="fl-ca"/>
      </object_component>
      <object_component id="oc-58">
         <name>.debug_pubnames</name>
         <load_address>0x35d</load_address>
         <run_address>0x35d</run_address>
         <size>0x21</size>
         <input_file_ref idref="fl-cb"/>
      </object_component>
      <object_component id="oc-52">
         <name>.debug_pubnames</name>
         <load_address>0x37e</load_address>
         <run_address>0x37e</run_address>
         <size>0x25</size>
         <input_file_ref idref="fl-cc"/>
      </object_component>
      <object_component id="oc-81">
         <name>.debug_pubnames</name>
         <load_address>0x3a3</load_address>
         <run_address>0x3a3</run_address>
         <size>0x1e</size>
         <input_file_ref idref="fl-cd"/>
      </object_component>
      <object_component id="oc-87">
         <name>.debug_pubnames</name>
         <load_address>0x3c1</load_address>
         <run_address>0x3c1</run_address>
         <size>0x29</size>
         <input_file_ref idref="fl-ce"/>
      </object_component>
      <object_component id="oc-f9">
         <name>.debug_pubnames</name>
         <load_address>0x3ea</load_address>
         <run_address>0x3ea</run_address>
         <size>0x1e</size>
         <input_file_ref idref="fl-cf"/>
      </object_component>
      <object_component id="oc-f5">
         <name>.debug_pubnames</name>
         <load_address>0x408</load_address>
         <run_address>0x408</run_address>
         <size>0x1d</size>
         <input_file_ref idref="fl-d0"/>
      </object_component>
      <object_component id="oc-26">
         <name>.debug_pubtypes</name>
         <load_address>0x0</load_address>
         <run_address>0x0</run_address>
         <size>0xed</size>
         <input_file_ref idref="fl-2"/>
      </object_component>
      <object_component id="oc-10c">
         <name>.debug_pubtypes</name>
         <load_address>0xed</load_address>
         <run_address>0xed</run_address>
         <size>0x31</size>
         <input_file_ref idref="fl-3"/>
      </object_component>
      <object_component id="oc-74">
         <name>.debug_pubtypes</name>
         <load_address>0x11e</load_address>
         <run_address>0x11e</run_address>
         <size>0x1d</size>
         <input_file_ref idref="fl-4"/>
      </object_component>
      <object_component id="oc-21">
         <name>.debug_pubtypes</name>
         <load_address>0x13b</load_address>
         <run_address>0x13b</run_address>
         <size>0x5d</size>
         <input_file_ref idref="fl-bf"/>
      </object_component>
      <object_component id="oc-65">
         <name>.debug_pubtypes</name>
         <load_address>0x198</load_address>
         <run_address>0x198</run_address>
         <size>0x42</size>
         <input_file_ref idref="fl-bf"/>
      </object_component>
      <object_component id="oc-31">
         <name>.debug_pubtypes</name>
         <load_address>0x1da</load_address>
         <run_address>0x1da</run_address>
         <size>0x48</size>
         <input_file_ref idref="fl-c0"/>
      </object_component>
      <object_component id="oc-6c">
         <name>.debug_pubtypes</name>
         <load_address>0x222</load_address>
         <run_address>0x222</run_address>
         <size>0x1d</size>
         <input_file_ref idref="fl-c0"/>
      </object_component>
      <object_component id="oc-3d">
         <name>.debug_pubtypes</name>
         <load_address>0x23f</load_address>
         <run_address>0x23f</run_address>
         <size>0x48</size>
         <input_file_ref idref="fl-c1"/>
      </object_component>
      <object_component id="oc-9a">
         <name>.debug_pubtypes</name>
         <load_address>0x287</load_address>
         <run_address>0x287</run_address>
         <size>0x1f</size>
         <input_file_ref idref="fl-c2"/>
      </object_component>
      <object_component id="oc-c7">
         <name>.debug_pubtypes</name>
         <load_address>0x2a6</load_address>
         <run_address>0x2a6</run_address>
         <size>0x1f</size>
         <input_file_ref idref="fl-ca"/>
      </object_component>
      <object_component id="oc-b8">
         <name>.debug_pubtypes</name>
         <load_address>0x2c5</load_address>
         <run_address>0x2c5</run_address>
         <size>0x1b</size>
         <input_file_ref idref="fl-cb"/>
      </object_component>
      <object_component id="oc-a5">
         <name>.debug_pubtypes</name>
         <load_address>0x2e0</load_address>
         <run_address>0x2e0</run_address>
         <size>0x32</size>
         <input_file_ref idref="fl-cc"/>
      </object_component>
      <object_component id="oc-d2">
         <name>.debug_pubtypes</name>
         <load_address>0x312</load_address>
         <run_address>0x312</run_address>
         <size>0x2c</size>
         <input_file_ref idref="fl-cc"/>
      </object_component>
      <object_component id="oc-aa">
         <name>.debug_pubtypes</name>
         <load_address>0x33e</load_address>
         <run_address>0x33e</run_address>
         <size>0x50</size>
         <input_file_ref idref="fl-cc"/>
      </object_component>
      <object_component id="oc-cd">
         <name>.debug_pubtypes</name>
         <load_address>0x38e</load_address>
         <run_address>0x38e</run_address>
         <size>0x23</size>
         <input_file_ref idref="fl-cd"/>
      </object_component>
      <object_component id="oc-139">
         <name>.cinit..data.load</name>
         <load_address>0x804955c8</load_address>
         <run_address>0x804955c8</run_address>
         <size>0x2c4</size>
      </object_component>
      <object_component id="oc-136">
         <name>__TI_handler_table</name>
         <load_address>0x8049588c</load_address>
         <run_address>0x8049588c</run_address>
         <size>0xc</size>
      </object_component>
      <object_component id="oc-13a">
         <name>.cinit..bss.load</name>
         <load_address>0x80495898</load_address>
         <run_address>0x80495898</run_address>
         <size>0x8</size>
      </object_component>
      <object_component id="oc-138">
         <name>__TI_cinit_table</name>
         <load_address>0x804958a0</load_address>
         <run_address>0x804958a0</run_address>
         <size>0x10</size>
      </object_component>
   </object_component_list>
   <logical_group_list>
      <logical_group id="lg-2" display="no" color="cyan">
         <name>.text</name>
         <load_address>0x80494800</load_address>
         <run_address>0x80494800</run_address>
         <size>0x7a4</size>
         <contents>
            <object_component_ref idref="oc-2a"/>
            <object_component_ref idref="oc-ae"/>
            <object_component_ref idref="oc-36"/>
            <object_component_ref idref="oc-4e"/>
            <object_component_ref idref="oc-7"/>
            <object_component_ref idref="oc-5a"/>
            <object_component_ref idref="oc-7c"/>
            <object_component_ref idref="oc-d6"/>
            <object_component_ref idref="oc-19"/>
            <object_component_ref idref="oc-f0"/>
            <object_component_ref idref="oc-f6"/>
            <object_component_ref idref="oc-be"/>
            <object_component_ref idref="oc-54"/>
            <object_component_ref idref="oc-dc"/>
            <object_component_ref idref="oc-d"/>
            <object_component_ref idref="oc-13"/>
            <object_component_ref idref="oc-8a"/>
            <object_component_ref idref="oc-48"/>
            <object_component_ref idref="oc-42"/>
            <object_component_ref idref="oc-82"/>
         </contents>
      </logical_group>
      <logical_group id="lg-3" display="no" color="cyan">
         <name>.data</name>
         <run_address>0x80494fa4</run_address>
         <size>0x5ed</size>
         <contents>
            <object_component_ref idref="oc-e5"/>
            <object_component_ref idref="oc-e2"/>
            <object_component_ref idref="oc-92"/>
            <object_component_ref idref="oc-60"/>
            <object_component_ref idref="oc-fc"/>
            <object_component_ref idref="oc-95"/>
         </contents>
      </logical_group>
      <logical_group id="lg-4" display="no" color="cyan">
         <name>.bss</name>
         <run_address>0x80495591</run_address>
         <size>0x34</size>
         <contents>
            <object_component_ref idref="oc-e8"/>
         </contents>
      </logical_group>
      <logical_group id="lg-5" display="no" color="cyan">
         <name>.stack</name>
         <run_address>0x80494000</run_address>
         <size>0x800</size>
         <contents>
            <object_component_ref idref="oc-1e"/>
            <object_component_ref idref="oc-13b"/>
[...]
            <object_component_ref idref="oc-66"/>
            <object_component_ref idref="oc-70"/>
            <object_component_ref idref="oc-2f"/>
            <object_component_ref idref="oc-32"/>
            <object_component_ref idref="oc-6d"/>
            <object_component_ref idref="oc-78"/>
            <object_component_ref idref="oc-3b"/>
            <object_component_ref idref="oc-3e"/>
            <object_component_ref idref="oc-c8"/>
            <object_component_ref idref="oc-bc"/>
            <object_component_ref idref="oc-98"/>
            <object_component_ref idref="oc-6a"/>
            <object_component_ref idref="oc-72"/>
            <object_component_ref idref="oc-7a"/>
            <object_component_ref idref="oc-7b"/>
            <object_component_ref idref="oc-9b"/>
            <object_component_ref idref="oc-118"/>
            <object_component_ref idref="oc-101"/>
            <object_component_ref idref="oc-116"/>
            <object_component_ref idref="oc-114"/>
            <object_component_ref idref="oc-ff"/>
            <object_component_ref idref="oc-ee"/>
            <object_component_ref idref="oc-c4"/>
            <object_component_ref idref="oc-ed"/>
            <object_component_ref idref="oc-b5"/>
            <object_component_ref idref="oc-90"/>
            <object_component_ref idref="oc-b9"/>
            <object_component_ref idref="oc-a2"/>
            <object_component_ref idref="oc-88"/>
            <object_component_ref idref="oc-a6"/>
            <object_component_ref idref="oc-d3"/>
            <object_component_ref idref="oc-ab"/>
            <object_component_ref idref="oc-ca"/>
            <object_component_ref idref="oc-9f"/>
            <object_component_ref idref="oc-ce"/>
            <object_component_ref idref="oc-a1"/>
            <object_component_ref idref="oc-11c"/>
            <object_component_ref idref="oc-112"/>
            <object_component_ref idref="oc-11a"/>
            <object_component_ref idref="oc-110"/>
            <object_component_ref idref="oc-13d"/>
         </contents>
      </logical_group>
      <logical_group id="lg-12e" display="never" color="cyan">
         <name>.debug_str</name>
         <load_address>0x0</load_address>
         <run_address>0x0</run_address>
         <size>0xb84</size>
         <contents>
            <object_component_ref idref="oc-29"/>
            <object_component_ref idref="oc-10f"/>
            <object_component_ref idref="oc-77"/>
            <object_component_ref idref="oc-24"/>
            <object_component_ref idref="oc-68"/>
            <object_component_ref idref="oc-34"/>
            <object_component_ref idref="oc-6f"/>
            <object_component_ref idref="oc-40"/>
            <object_component_ref idref="oc-bb"/>
            <object_component_ref idref="oc-a8"/>
            <object_component_ref idref="oc-d5"/>
            <object_component_ref idref="oc-ad"/>
            <object_component_ref idref="oc-d0"/>
         </contents>
      </logical_group>
      <logical_group id="lg-130" display="never" color="cyan">
         <name>.debug_aranges</name>
         <load_address>0x0</load_address>
         <run_address>0x0</run_address>
         <size>0x2b0</size>
         <contents>
            <object_component_ref idref="oc-8c"/>
            <object_component_ref idref="oc-b2"/>
            <object_component_ref idref="oc-1a"/>
            <object_component_ref idref="oc-a"/>
            <object_component_ref idref="oc-10"/>
            <object_component_ref idref="oc-16"/>
            <object_component_ref idref="oc-5d"/>
            <object_component_ref idref="oc-2b"/>
            <object_component_ref idref="oc-37"/>
            <object_component_ref idref="oc-44"/>
            <object_component_ref idref="oc-4d"/>
            <object_component_ref idref="oc-df"/>
            <object_component_ref idref="oc-d9"/>
            <object_component_ref idref="oc-c1"/>
            <object_component_ref idref="oc-57"/>
            <object_component_ref idref="oc-4f"/>
            <object_component_ref idref="oc-7f"/>
            <object_component_ref idref="oc-85"/>
            <object_component_ref idref="oc-fa"/>
            <object_component_ref idref="oc-f4"/>
         </contents>
      </logical_group>
      <logical_group id="lg-132" display="never" color="cyan">
         <name>.debug_pubnames</name>
         <load_address>0x0</load_address>
         <run_address>0x0</run_address>
         <size>0x425</size>
         <contents>
            <object_component_ref idref="oc-8d"/>
            <object_component_ref idref="oc-ea"/>
            <object_component_ref idref="oc-e7"/>
            <object_component_ref idref="oc-e4"/>
            <object_component_ref idref="oc-b1"/>
            <object_component_ref idref="oc-1c"/>
            <object_component_ref idref="oc-9"/>
            <object_component_ref idref="oc-11"/>
            <object_component_ref idref="oc-17"/>
            <object_component_ref idref="oc-94"/>
            <object_component_ref idref="oc-5c"/>
            <object_component_ref idref="oc-2e"/>
            <object_component_ref idref="oc-39"/>
            <object_component_ref idref="oc-47"/>
            <object_component_ref idref="oc-4c"/>
            <object_component_ref idref="oc-62"/>
            <object_component_ref idref="oc-e1"/>
            <object_component_ref idref="oc-fe"/>
            <object_component_ref idref="oc-d8"/>
            <object_component_ref idref="oc-97"/>
            <object_component_ref idref="oc-c0"/>
            <object_component_ref idref="oc-58"/>
            <object_component_ref idref="oc-52"/>
            <object_component_ref idref="oc-81"/>
            <object_component_ref idref="oc-87"/>
            <object_component_ref idref="oc-f9"/>
            <object_component_ref idref="oc-f5"/>
         </contents>
      </logical_group>
      <logical_group id="lg-134" display="never" color="cyan">
         <name>.debug_pubtypes</name>
         <load_address>0x0</load_address>
         <run_address>0x0</run_address>
         <size>0x3b1</size>
         <contents>
            <object_component_ref idref="oc-26"/>
            <object_component_ref idref="oc-10c"/>
            <object_component_ref idref="oc-74"/>
            <object_component_ref idref="oc-21"/>
            <object_component_ref idref="oc-65"/>
            <object_component_ref idref="oc-31"/>
            <object_component_ref idref="oc-6c"/>
            <object_component_ref idref="oc-3d"/>
            <object_component_ref idref="oc-9a"/>
            <object_component_ref idref="oc-c7"/>
            <object_component_ref idref="oc-b8"/>
            <object_component_ref idref="oc-a5"/>
            <object_component_ref idref="oc-d2"/>
            <object_component_ref idref="oc-aa"/>
            <object_component_ref idref="oc-cd"/>
         </contents>
      </logical_group>
      <logical_group id="lg-137" display="no" color="cyan">
         <name>.cinit</name>
         <load_address>0x804955c8</load_address>
         <run_address>0x804955c8</run_address>
         <size>0x2e8</size>
         <contents>
            <object_component_ref idref="oc-139"/>
            <object_component_ref idref="oc-136"/>
            <object_component_ref idref="oc-13a"/>
            <object_component_ref idref="oc-138"/>
         </contents>
      </logical_group>
      <load_segment id="lg-13e" display="no" color="cyan">
         <name>SEGMENT_0</name>
         <run_address>0x80494000</run_address>
         <size>0x800</size>
         <flags>0x6</flags>
         <contents>
            <logical_group_ref idref="lg-5"/>
         </contents>
      </load_segment>
      <load_segment id="lg-13f" display="no" color="cyan">
         <name>SEGMENT_1</name>
         <load_address>0x80494800</load_address>
         <run_address>0x80494800</run_address>
         <size>0x7a4</size>
         <flags>0x5</flags>
         <contents>
            <logical_group_ref idref="lg-2"/>
         </contents>
      </load_segment>
      <load_segment id="lg-140" display="no" color="cyan">
         <name>SEGMENT_2</name>
         <run_address>0x80494fa4</run_address>
         <size>0x621</size>
         <flags>0x6</flags>
         <contents>
            <logical_group_ref idref="lg-3"/>
            <logical_group_ref idref="lg-4"/>
         </contents>
      </load_segment>
      <load_segment id="lg-141" display="no" color="cyan">
         <name>SEGMENT_3</name>
         <load_address>0x804955c8</load_address>
         <run_address>0x804955c8</run_address>
         <size>0x2e8</size>
         <flags>0x4</flags>
         <contents>
            <logical_group_ref idref="lg-137"/>
         </contents>
      </load_segment>
   </logical_group_list>
   <placement_map>
      <memory_area display="yes" color="green">
         <name>VRAM</name>
         <page_id>0x0</page_id>
         <origin>0x80494000</origin>
         <length>0x100000</length>
         <used_space>0x18ad</used_space>
         <unused_space>0xfe753</unused_space>
         <attributes>RWIX</attributes>
         <usage_details>
            <allocated_space>
               <start_address>0x80494000</start_address>
               <size>0x800</size>
               <logical_group_ref idref="lg-5"/>
            </allocated_space>
            <allocated_space>
               <start_address>0x80494800</start_address>
               <size>0x7a4</size>
               <logical_group_ref idref="lg-2"/>
            </allocated_space>
            <allocated_space>
               <start_address>0x80494fa4</start_address>
               <size>0x5ed</size>
               <logical_group_ref idref="lg-3"/>
            </allocated_space>
            <allocated_space>
               <start_address>0x80495591</start_address>
               <size>0x34</size>
               <logical_group_ref idref="lg-4"/>
            </allocated_space>
            <available_space>
               <start_address>0x804955c5</start_address>
               <size>0x3</size>
            </available_space>
            <allocated_space>
               <start_address>0x804955c8</start_address>
               <size>0x2e8</size>
               <logical_group_ref idref="lg-137"/>
            </allocated_space>
            <available_space>
               <start_address>0x804958b0</start_address>
               <size>0xfe750</size>
            </available_space>
         </usage_details>
      </memory_area>
   </placement_map>
   <cptbl_list>
      <cptbl>
         <name>__TI_cinit_table</name>
         <cprec>
            <name>.data</name>
            <load_address>0x804955c8</load_address>
            <load_size>0x2c4</load_size>
            <run_address>0x80494fa4</run_address>
            <run_size>0x5ed</run_size>
            <compression>lzss</compression>
         </cprec>
         <cprec>
            <name>.bss</name>
            <load_address>0x80495898</load_address>
            <load_size>0x8</load_size>
            <run_address>0x80495591</run_address>
            <run_size>0x34</run_size>
            <compression>zero_init</compression>
         </cprec>
      </cptbl>
   </cptbl_list>
   <handler_table>
      <handler_table_name>__TI_handler_table</handler_table_name>
      <handler>
         <index>0x0</index>
         <name>__TI_decompress_lzss</name>
      </handler>
      <handler>
         <index>0x1</index>
         <name>__TI_decompress_none</name>
      </handler>
      <handler>
         <index>0x2</index>
         <name>__TI_zero_init</name>
      </handler>
   </handler_table>
   <symbol_table>
      <symbol id="sm-1">
         <name>__TI_CINIT_Base</name>
         <value>0x804958a0</value>
      </symbol>
      <symbol id="sm-2">
         <name>__TI_CINIT_Limit</name>
         <value>0x804958b0</value>
      </symbol>
      <symbol id="sm-3">
         <name>__TI_Handler_Table_Base</name>
         <value>0x8049588c</value>
      </symbol>
      <symbol id="sm-4">
         <name>__TI_Handler_Table_Limit</name>
         <value>0x80495898</value>
      </symbol>
      <symbol id="sm-5">
         <name>binit</name>
         <value>0xffffffff</value>
      </symbol>
      <symbol id="sm-6">
         <name>__binit__</name>
         <value>0xffffffff</value>
      </symbol>
      <symbol id="sm-7">
         <name>__STACK_SIZE</name>
         <value>0x800</value>
      </symbol>
      <symbol id="sm-8">
         <name>__STACK_END</name>
         <value>0x80494800</value>
      </symbol>
      <symbol id="sm-9">
         <name>__c_args__</name>
         <value>0xffffffff</value>
      </symbol>
      <symbol id="sm-a">
         <name>__TI_pprof_out_hndl</name>
         <value>0xffffffff</value>
      </symbol>
      <symbol id="sm-b">
         <name>__TI_prof_data_start</name>
         <value>0xffffffff</value>
      </symbol>
      <symbol id="sm-c">
         <name>__TI_prof_data_size</name>
         <value>0xffffffff</value>
      </symbol>
      <symbol id="sm-2a">
         <name>main</name>
         <value>0x80494f84</value>
         <object_component_ref idref="oc-8a"/>
      </symbol>
      <symbol id="sm-5c">
         <name>console_run</name>
         <value>0x80494a08</value>
         <object_component_ref idref="oc-ae"/>
      </symbol>
      <symbol id="sm-5d">
         <name>intepretMessage</name>
         <value>0x80494980</value>
         <object_component_ref idref="oc-ae"/>
      </symbol>
      <symbol id="sm-73">
         <name>_c_int00</name>
         <value>0x80494e14</value>
         <object_component_ref idref="oc-19"/>
      </symbol>
      <symbol id="sm-74">
         <name>__stack</name>
         <value>0x80494000</value>
         <object_component_ref idref="oc-1e"/>
      </symbol>
      <symbol id="sm-92">
         <name>__TI_decompress_lzss</name>
         <value>0x80494c08</value>
         <object_component_ref idref="oc-7"/>
      </symbol>
      <symbol id="sm-a9">
         <name>__TI_decompress_none</name>
         <value>0x80494f60</value>
         <object_component_ref idref="oc-d"/>
      </symbol>
      <symbol id="sm-bb">
         <name>__TI_zero_init</name>
         <value>0x80494f74</value>
         <object_component_ref idref="oc-13"/>
      </symbol>
      <symbol id="sm-dc">
         <name>C$$EXIT</name>
         <value>0x80494c98</value>
         <object_component_ref idref="oc-5a"/>
      </symbol>
      <symbol id="sm-dd">
         <name>abort</name>
         <value>0x80494ca0</value>
         <object_component_ref idref="oc-5a"/>
      </symbol>
      <symbol id="sm-de">
         <name>exit</name>
         <value>0x80494cac</value>
         <object_component_ref idref="oc-5a"/>
      </symbol>
      <symbol id="sm-df">
         <name>__TI_dtors_ptr</name>
         <value>0x80495578</value>
         <object_component_ref idref="oc-92"/>
      </symbol>
      <symbol id="sm-e0">
         <name>__TI_cleanup_ptr</name>
         <value>0x80495574</value>
         <object_component_ref idref="oc-92"/>
      </symbol>
      <symbol id="sm-e1">
         <name>__TI_enable_exit_profile_output</name>
         <value>0x8049557c</value>
         <object_component_ref idref="oc-92"/>
      </symbol>
      <symbol id="sm-fa">
         <name>memcpy</name>
         <value>0x80494800</value>
         <object_component_ref idref="oc-2a"/>
      </symbol>
      <symbol id="sm-fb">
         <name>__aeabi_memcpy</name>
         <value>0x80494800</value>
         <object_component_ref idref="oc-2a"/>
      </symbol>
      <symbol id="sm-fc">
         <name>__aeabi_memcpy8</name>
         <value>0x80494800</value>
         <object_component_ref idref="oc-2a"/>
      </symbol>
      <symbol id="sm-fd">
         <name>__aeabi_memcpy4</name>
         <value>0x80494800</value>
         <object_component_ref idref="oc-2a"/>
      </symbol>
      <symbol id="sm-10c">
         <name>__aeabi_memset</name>
         <value>0x80494ab4</value>
         <object_component_ref idref="oc-36"/>
      </symbol>
      <symbol id="sm-10d">
         <name>memset</name>
         <value>0x80494ac0</value>
         <object_component_ref idref="oc-36"/>
      </symbol>
      <symbol id="sm-10e">
         <name>__aeabi_memset8</name>
         <value>0x80494ab4</value>
         <object_component_ref idref="oc-36"/>
      </symbol>
      <symbol id="sm-10f">
         <name>__aeabi_memset4</name>
         <value>0x80494ab4</value>
         <object_component_ref idref="oc-36"/>
      </symbol>
      <symbol id="sm-110">
         <name>__aeabi_memclr8</name>
         <value>0x80494ab0</value>
         <object_component_ref idref="oc-36"/>
      </symbol>
      <symbol id="sm-111">
         <name>__aeabi_memclr4</name>
         <value>0x80494ab0</value>
         <object_component_ref idref="oc-36"/>
      </symbol>
      <symbol id="sm-112">
         <name>__aeabi_memclr</name>
         <value>0x80494ab0</value>
         <object_component_ref idref="oc-36"/>
      </symbol>
      <symbol id="sm-11c">
         <name>__mpu_init</name>
         <value>0x80494f9c</value>
         <object_component_ref idref="oc-42"/>
      </symbol>
      <symbol id="sm-126">
         <name>_system_pre_init</name>
         <value>0x80494f94</value>
         <object_component_ref idref="oc-48"/>
      </symbol>
      <symbol id="sm-12e">
         <name>main_func_sp</name>
         <value>0x80495588</value>
         <object_component_ref idref="oc-60"/>
      </symbol>
      <symbol id="sm-13c">
         <name>strlen</name>
         <value>0x80494f44</value>
         <object_component_ref idref="oc-dc"/>
      </symbol>
      <symbol id="sm-153">
         <name>strtok</name>
         <value>0x80494dac</value>
         <object_component_ref idref="oc-d6"/>
      </symbol>
      <symbol id="sm-16d">
         <name>_nop</name>
         <value>0x80494f18</value>
         <object_component_ref idref="oc-be"/>
      </symbol>
      <symbol id="sm-16e">
         <name>_lock</name>
         <value>0x80495580</value>
         <object_component_ref idref="oc-95"/>
      </symbol>
      <symbol id="sm-16f">
         <name>_unlock</name>
         <value>0x80495584</value>
         <object_component_ref idref="oc-95"/>
      </symbol>
      <symbol id="sm-170">
         <name>_register_lock</name>
         <value>0x80494f0c</value>
         <object_component_ref idref="oc-be"/>
      </symbol>
      <symbol id="sm-171">
         <name>_register_unlock</name>
         <value>0x80494f00</value>
         <object_component_ref idref="oc-be"/>
      </symbol>
      <symbol id="sm-185">
         <name>_args_main</name>
         <value>0x80494f24</value>
         <object_component_ref idref="oc-54"/>
      </symbol>
      <symbol id="sm-1ae">
         <name>__TI_auto_init</name>
         <value>0x80494b60</value>
         <object_component_ref idref="oc-4e"/>
      </symbol>
      <symbol id="sm-1c8">
         <name>copy_in</name>
         <value>0x80494d28</value>
         <object_component_ref idref="oc-7c"/>
      </symbol>
      <symbol id="sm-1d2">
         <name>_system_post_cinit</name>
         <value>0x80494fa0</value>
         <object_component_ref idref="oc-82"/>
      </symbol>
      <symbol id="sm-1e3">
         <name>strcspn</name>
         <value>0x80494ebc</value>
         <object_component_ref idref="oc-f6"/>
      </symbol>
      <symbol id="sm-1f5">
         <name>strspn</name>
         <value>0x80494e6c</value>
         <object_component_ref idref="oc-f0"/>
      </symbol>
      <symbol id="sm-1f6">
         <name>__TI_static_base__</name>
         <value>0x804955c8</value>
      </symbol>
      <symbol id="sm-1f9">
         <name>SHT$$INIT_ARRAY$$Limit</name>
         <value>0x0</value>
      </symbol>
      <symbol id="sm-1fa">
         <name>SHT$$INIT_ARRAY$$Base</name>
         <value>0x0</value>
      </symbol>
   </symbol_table>
   <title>Link successful</title>
</link_info>
